2025-04-30 19:33:52,044 INFO: Configuration:
2025-04-30 19:33:52,044 INFO: IMG_SIZE: 224, BATCH_SIZE: 64, LR: 0.001, EPOCHS: 15
2025-04-30 19:33:52,045 INFO: Device: cuda
2025-04-30 19:34:36,724 INFO: Configuration:
2025-04-30 19:34:36,724 INFO: IMG_SIZE: 224, BATCH_SIZE: 64, LR: 0.001, EPOCHS: 15
2025-04-30 19:34:36,725 INFO: Device: cuda
2025-04-30 19:34:36,885 INFO: Train samples: 16852, Val samples: 4814
2025-04-30 19:34:37,075 INFO: Model architecture:
BinaryCNN(
  (conv1): Sequential(
    (0): Conv2d(3, 16, kernel_size=(3, 3), stride=(1, 1), padding=(1, 1))
    (1): ReLU()
    (2): MaxPool2d(kernel_size=2, stride=2, padding=0, dilation=1, ceil_mode=False)
  )
  (fc): Sequential(
    (0): Flatten(start_dim=1, end_dim=-1)
    (1): Linear(in_features=200704, out_features=128, bias=True)
    (2): ReLU()
    (3): Dropout(p=0.5, inplace=False)
    (4): Linear(in_features=128, out_features=1, bias=True)
    (5): Sigmoid()
  )
)
2025-04-30 19:37:08,891 INFO: Configuration:
2025-04-30 19:37:08,892 INFO: IMG_SIZE: 224, BATCH_SIZE: 64, LR: 0.001, EPOCHS: 15
2025-04-30 19:37:08,892 INFO: Device: cuda
2025-04-30 19:37:08,975 INFO: Train samples: 16852, Val samples: 4814
2025-04-30 19:37:09,103 INFO: Model architecture:
BinaryCNN(
  (conv1): Sequential(
    (0): Conv2d(3, 16, kernel_size=(3, 3), stride=(1, 1), padding=(1, 1))
    (1): ReLU()
    (2): MaxPool2d(kernel_size=2, stride=2, padding=0, dilation=1, ceil_mode=False)
  )
  (fc): Sequential(
    (0): Flatten(start_dim=1, end_dim=-1)
    (1): Linear(in_features=200704, out_features=128, bias=True)
    (2): ReLU()
    (3): Dropout(p=0.5, inplace=False)
    (4): Linear(in_features=128, out_features=1, bias=True)
    (5): Sigmoid()
  )
)
2025-04-30 19:37:57,904 INFO: Configuration:
2025-04-30 19:37:57,905 INFO: IMG_SIZE: 224, BATCH_SIZE: 64, LR: 0.001, EPOCHS: 15
2025-04-30 19:37:57,905 INFO: Device: cuda
2025-04-30 19:37:58,039 INFO: Train samples: 16852, Val samples: 4814
2025-04-30 19:37:58,174 INFO: Model architecture:
BinaryCNN(
  (conv1): Sequential(
    (0): Conv2d(3, 16, kernel_size=(3, 3), stride=(1, 1), padding=(1, 1))
    (1): ReLU()
    (2): MaxPool2d(kernel_size=2, stride=2, padding=0, dilation=1, ceil_mode=False)
  )
  (fc): Sequential(
    (0): Flatten(start_dim=1, end_dim=-1)
    (1): Linear(in_features=200704, out_features=128, bias=True)
    (2): ReLU()
    (3): Dropout(p=0.5, inplace=False)
    (4): Linear(in_features=128, out_features=1, bias=True)
    (5): Sigmoid()
  )
)
2025-04-30 19:50:53,264 INFO: Configuration:
2025-04-30 19:50:53,265 INFO: IMG_SIZE: 224, BATCH_SIZE: 64, LR: 0.001, EPOCHS: 15
2025-04-30 19:50:53,265 INFO: Device: cpu
2025-04-30 19:50:53,427 INFO: Train samples: 16852, Val samples: 4814
2025-04-30 19:50:53,499 INFO: Model architecture:
BinaryCNN(
  (conv1): Sequential(
    (0): Conv2d(3, 16, kernel_size=(3, 3), stride=(1, 1), padding=(1, 1))
    (1): ReLU()
    (2): MaxPool2d(kernel_size=2, stride=2, padding=0, dilation=1, ceil_mode=False)
  )
  (fc): Sequential(
    (0): Flatten(start_dim=1, end_dim=-1)
    (1): Linear(in_features=200704, out_features=128, bias=True)
    (2): ReLU()
    (3): Dropout(p=0.5, inplace=False)
    (4): Linear(in_features=128, out_features=1, bias=True)
    (5): Sigmoid()
  )
)
