2025-02-19 15:27:27,844 INFO: Configuration:
2025-02-19 15:27:27,844 INFO: IMG_SIZE: 224, BATCH_SIZE: 64, LR: 0.0002, EPOCHS: 20
2025-02-19 15:27:27,845 INFO: Device: cuda
2025-02-19 15:27:28,030 INFO: Target class: fox, Train samples: 4549, Val samples: 1299
2025-02-19 15:27:28,506 INFO: Model architecture:
ColorizationGAN(
  (generator): ColorizationNet(
    (encoder): Encoder(
      (conv1): Conv2d(1, 64, kernel_size=(3, 3), stride=(2, 2), padding=(1, 1))
      (conv2): Conv2d(64, 128, kernel_size=(3, 3), stride=(1, 1), padding=(1, 1))
      (conv3): Conv2d(128, 128, kernel_size=(3, 3), stride=(2, 2), padding=(1, 1))
      (conv4): Conv2d(128, 256, kernel_size=(3, 3), stride=(1, 1), padding=(1, 1))
      (conv5): Conv2d(256, 256, kernel_size=(3, 3), stride=(2, 2), padding=(1, 1))
      (conv6): Conv2d(256, 512, kernel_size=(3, 3), stride=(1, 1), padding=(1, 1))
      (conv7): Conv2d(512, 512, kernel_size=(3, 3), stride=(1, 1), padding=(1, 1))
      (conv8): Conv2d(512, 256, kernel_size=(3, 3), stride=(1, 1), padding=(1, 1))
    )
    (feature_extractor): ResNetExtractor(
      (features): Sequential(
        (0): Conv2d(3, 64, kernel_size=(7, 7), stride=(2, 2), padding=(3, 3), bias=False)
        (1): BatchNorm2d(64, eps=1e-05, momentum=0.1, affine=True, track_running_stats=True)
        (2): ReLU(inplace=True)
        (3): MaxPool2d(kernel_size=3, stride=2, padding=1, dilation=1, ceil_mode=False)
        (4): Sequential(
          (0): Bottleneck(
            (conv1): Conv2d(64, 64, kernel_size=(1, 1), stride=(1, 1), bias=False)
            (bn1): BatchNorm2d(64, eps=1e-05, momentum=0.1, affine=True, track_running_stats=True)
            (conv2): Conv2d(64, 64, kernel_size=(3, 3), stride=(1, 1), padding=(1, 1), bias=False)
            (bn2): BatchNorm2d(64, eps=1e-05, momentum=0.1, affine=True, track_running_stats=True)
            (conv3): Conv2d(64, 256, kernel_size=(1, 1), stride=(1, 1), bias=False)
            (bn3): BatchNorm2d(256, eps=1e-05, momentum=0.1, affine=True, track_running_stats=True)
            (relu): ReLU(inplace=True)
            (downsample): Sequential(
              (0): Conv2d(64, 256, kernel_size=(1, 1), stride=(1, 1), bias=False)
              (1): BatchNorm2d(256, eps=1e-05, momentum=0.1, affine=True, track_running_stats=True)
            )
          )
          (1): Bottleneck(
            (conv1): Conv2d(256, 64, kernel_size=(1, 1), stride=(1, 1), bias=False)
            (bn1): BatchNorm2d(64, eps=1e-05, momentum=0.1, affine=True, track_running_stats=True)
            (conv2): Conv2d(64, 64, kernel_size=(3, 3), stride=(1, 1), padding=(1, 1), bias=False)
            (bn2): BatchNorm2d(64, eps=1e-05, momentum=0.1, affine=True, track_running_stats=True)
            (conv3): Conv2d(64, 256, kernel_size=(1, 1), stride=(1, 1), bias=False)
            (bn3): BatchNorm2d(256, eps=1e-05, momentum=0.1, affine=True, track_running_stats=True)
            (relu): ReLU(inplace=True)
          )
          (2): Bottleneck(
            (conv1): Conv2d(256, 64, kernel_size=(1, 1), stride=(1, 1), bias=False)
            (bn1): BatchNorm2d(64, eps=1e-05, momentum=0.1, affine=True, track_running_stats=True)
            (conv2): Conv2d(64, 64, kernel_size=(3, 3), stride=(1, 1), padding=(1, 1), bias=False)
            (bn2): BatchNorm2d(64, eps=1e-05, momentum=0.1, affine=True, track_running_stats=True)
            (conv3): Conv2d(64, 256, kernel_size=(1, 1), stride=(1, 1), bias=False)
            (bn3): BatchNorm2d(256, eps=1e-05, momentum=0.1, affine=True, track_running_stats=True)
            (relu): ReLU(inplace=True)
          )
        )
        (5): Sequential(
          (0): Bottleneck(
            (conv1): Conv2d(256, 128, kernel_size=(1, 1), stride=(1, 1), bias=False)
            (bn1): BatchNorm2d(128, eps=1e-05, momentum=0.1, affine=True, track_running_stats=True)
            (conv2): Conv2d(128, 128, kernel_size=(3, 3), stride=(2, 2), padding=(1, 1), bias=False)
            (bn2): BatchNorm2d(128, eps=1e-05, momentum=0.1, affine=True, track_running_stats=True)
            (conv3): Conv2d(128, 512, kernel_size=(1, 1), stride=(1, 1), bias=False)
            (bn3): BatchNorm2d(512, eps=1e-05, momentum=0.1, affine=True, track_running_stats=True)
            (relu): ReLU(inplace=True)
            (downsample): Sequential(
              (0): Conv2d(256, 512, kernel_size=(1, 1), stride=(2, 2), bias=False)
              (1): BatchNorm2d(512, eps=1e-05, momentum=0.1, affine=True, track_running_stats=True)
            )
          )
          (1): Bottleneck(
            (conv1): Conv2d(512, 128, kernel_size=(1, 1), stride=(1, 1), bias=False)
            (bn1): BatchNorm2d(128, eps=1e-05, momentum=0.1, affine=True, track_running_stats=True)
            (conv2): Conv2d(128, 128, kernel_size=(3, 3), stride=(1, 1), padding=(1, 1), bias=False)
            (bn2): BatchNorm2d(128, eps=1e-05, momentum=0.1, affine=True, track_running_stats=True)
            (conv3): Conv2d(128, 512, kernel_size=(1, 1), stride=(1, 1), bias=False)
            (bn3): BatchNorm2d(512, eps=1e-05, momentum=0.1, affine=True, track_running_stats=True)
            (relu): ReLU(inplace=True)
          )
          (2): Bottleneck(
            (conv1): Conv2d(512, 128, kernel_size=(1, 1), stride=(1, 1), bias=False)
            (bn1): BatchNorm2d(128, eps=1e-05, momentum=0.1, affine=True, track_running_stats=True)
            (conv2): Conv2d(128, 128, kernel_size=(3, 3), stride=(1, 1), padding=(1, 1), bias=False)
            (bn2): BatchNorm2d(128, eps=1e-05, momentum=0.1, affine=True, track_running_stats=True)
            (conv3): Conv2d(128, 512, kernel_size=(1, 1), stride=(1, 1), bias=False)
            (bn3): BatchNorm2d(512, eps=1e-05, momentum=0.1, affine=True, track_running_stats=True)
            (relu): ReLU(inplace=True)
          )
          (3): Bottleneck(
            (conv1): Conv2d(512, 128, kernel_size=(1, 1), stride=(1, 1), bias=False)
            (bn1): BatchNorm2d(128, eps=1e-05, momentum=0.1, affine=True, track_running_stats=True)
            (conv2): Conv2d(128, 128, kernel_size=(3, 3), stride=(1, 1), padding=(1, 1), bias=False)
            (bn2): BatchNorm2d(128, eps=1e-05, momentum=0.1, affine=True, track_running_stats=True)
            (conv3): Conv2d(128, 512, kernel_size=(1, 1), stride=(1, 1), bias=False)
            (bn3): BatchNorm2d(512, eps=1e-05, momentum=0.1, affine=True, track_running_stats=True)
            (relu): ReLU(inplace=True)
          )
        )
        (6): Sequential(
          (0): Bottleneck(
            (conv1): Conv2d(512, 256, kernel_size=(1, 1), stride=(1, 1), bias=False)
            (bn1): BatchNorm2d(256, eps=1e-05, momentum=0.1, affine=True, track_running_stats=True)
            (conv2): Conv2d(256, 256, kernel_size=(3, 3), stride=(2, 2), padding=(1, 1), bias=False)
            (bn2): BatchNorm2d(256, eps=1e-05, momentum=0.1, affine=True, track_running_stats=True)
            (conv3): Conv2d(256, 1024, kernel_size=(1, 1), stride=(1, 1), bias=False)
            (bn3): BatchNorm2d(1024, eps=1e-05, momentum=0.1, affine=True, track_running_stats=True)
            (relu): ReLU(inplace=True)
            (downsample): Sequential(
              (0): Conv2d(512, 1024, kernel_size=(1, 1), stride=(2, 2), bias=False)
              (1): BatchNorm2d(1024, eps=1e-05, momentum=0.1, affine=True, track_running_stats=True)
            )
          )
          (1): Bottleneck(
            (conv1): Conv2d(1024, 256, kernel_size=(1, 1), stride=(1, 1), bias=False)
            (bn1): BatchNorm2d(256, eps=1e-05, momentum=0.1, affine=True, track_running_stats=True)
            (conv2): Conv2d(256, 256, kernel_size=(3, 3), stride=(1, 1), padding=(1, 1), bias=False)
            (bn2): BatchNorm2d(256, eps=1e-05, momentum=0.1, affine=True, track_running_stats=True)
            (conv3): Conv2d(256, 1024, kernel_size=(1, 1), stride=(1, 1), bias=False)
            (bn3): BatchNorm2d(1024, eps=1e-05, momentum=0.1, affine=True, track_running_stats=True)
            (relu): ReLU(inplace=True)
          )
          (2): Bottleneck(
            (conv1): Conv2d(1024, 256, kernel_size=(1, 1), stride=(1, 1), bias=False)
            (bn1): BatchNorm2d(256, eps=1e-05, momentum=0.1, affine=True, track_running_stats=True)
            (conv2): Conv2d(256, 256, kernel_size=(3, 3), stride=(1, 1), padding=(1, 1), bias=False)
            (bn2): BatchNorm2d(256, eps=1e-05, momentum=0.1, affine=True, track_running_stats=True)
            (conv3): Conv2d(256, 1024, kernel_size=(1, 1), stride=(1, 1), bias=False)
            (bn3): BatchNorm2d(1024, eps=1e-05, momentum=0.1, affine=True, track_running_stats=True)
            (relu): ReLU(inplace=True)
          )
          (3): Bottleneck(
            (conv1): Conv2d(1024, 256, kernel_size=(1, 1), stride=(1, 1), bias=False)
            (bn1): BatchNorm2d(256, eps=1e-05, momentum=0.1, affine=True, track_running_stats=True)
            (conv2): Conv2d(256, 256, kernel_size=(3, 3), stride=(1, 1), padding=(1, 1), bias=False)
            (bn2): BatchNorm2d(256, eps=1e-05, momentum=0.1, affine=True, track_running_stats=True)
            (conv3): Conv2d(256, 1024, kernel_size=(1, 1), stride=(1, 1), bias=False)
            (bn3): BatchNorm2d(1024, eps=1e-05, momentum=0.1, affine=True, track_running_stats=True)
            (relu): ReLU(inplace=True)
          )
          (4): Bottleneck(
            (conv1): Conv2d(1024, 256, kernel_size=(1, 1), stride=(1, 1), bias=False)
            (bn1): BatchNorm2d(256, eps=1e-05, momentum=0.1, affine=True, track_running_stats=True)
            (conv2): Conv2d(256, 256, kernel_size=(3, 3), stride=(1, 1), padding=(1, 1), bias=False)
            (bn2): BatchNorm2d(256, eps=1e-05, momentum=0.1, affine=True, track_running_stats=True)
            (conv3): Conv2d(256, 1024, kernel_size=(1, 1), stride=(1, 1), bias=False)
            (bn3): BatchNorm2d(1024, eps=1e-05, momentum=0.1, affine=True, track_running_stats=True)
            (relu): ReLU(inplace=True)
          )
          (5): Bottleneck(
            (conv1): Conv2d(1024, 256, kernel_size=(1, 1), stride=(1, 1), bias=False)
            (bn1): BatchNorm2d(256, eps=1e-05, momentum=0.1, affine=True, track_running_stats=True)
            (conv2): Conv2d(256, 256, kernel_size=(3, 3), stride=(1, 1), padding=(1, 1), bias=False)
            (bn2): BatchNorm2d(256, eps=1e-05, momentum=0.1, affine=True, track_running_stats=True)
            (conv3): Conv2d(256, 1024, kernel_size=(1, 1), stride=(1, 1), bias=False)
            (bn3): BatchNorm2d(1024, eps=1e-05, momentum=0.1, affine=True, track_running_stats=True)
            (relu): ReLU(inplace=True)
          )
        )
        (7): Sequential(
          (0): Bottleneck(
            (conv1): Conv2d(1024, 512, kernel_size=(1, 1), stride=(1, 1), bias=False)
            (bn1): BatchNorm2d(512, eps=1e-05, momentum=0.1, affine=True, track_running_stats=True)
            (conv2): Conv2d(512, 512, kernel_size=(3, 3), stride=(2, 2), padding=(1, 1), bias=False)
            (bn2): BatchNorm2d(512, eps=1e-05, momentum=0.1, affine=True, track_running_stats=True)
            (conv3): Conv2d(512, 2048, kernel_size=(1, 1), stride=(1, 1), bias=False)
            (bn3): BatchNorm2d(2048, eps=1e-05, momentum=0.1, affine=True, track_running_stats=True)
            (relu): ReLU(inplace=True)
            (downsample): Sequential(
              (0): Conv2d(1024, 2048, kernel_size=(1, 1), stride=(2, 2), bias=False)
              (1): BatchNorm2d(2048, eps=1e-05, momentum=0.1, affine=True, track_running_stats=True)
            )
          )
          (1): Bottleneck(
            (conv1): Conv2d(2048, 512, kernel_size=(1, 1), stride=(1, 1), bias=False)
            (bn1): BatchNorm2d(512, eps=1e-05, momentum=0.1, affine=True, track_running_stats=True)
            (conv2): Conv2d(512, 512, kernel_size=(3, 3), stride=(1, 1), padding=(1, 1), bias=False)
            (bn2): BatchNorm2d(512, eps=1e-05, momentum=0.1, affine=True, track_running_stats=True)
            (conv3): Conv2d(512, 2048, kernel_size=(1, 1), stride=(1, 1), bias=False)
            (bn3): BatchNorm2d(2048, eps=1e-05, momentum=0.1, affine=True, track_running_stats=True)
            (relu): ReLU(inplace=True)
          )
          (2): Bottleneck(
            (conv1): Conv2d(2048, 512, kernel_size=(1, 1), stride=(1, 1), bias=False)
            (bn1): BatchNorm2d(512, eps=1e-05, momentum=0.1, affine=True, track_running_stats=True)
            (conv2): Conv2d(512, 512, kernel_size=(3, 3), stride=(1, 1), padding=(1, 1), bias=False)
            (bn2): BatchNorm2d(512, eps=1e-05, momentum=0.1, affine=True, track_running_stats=True)
            (conv3): Conv2d(512, 2048, kernel_size=(1, 1), stride=(1, 1), bias=False)
            (bn3): BatchNorm2d(2048, eps=1e-05, momentum=0.1, affine=True, track_running_stats=True)
            (relu): ReLU(inplace=True)
          )
        )
        (8): AdaptiveAvgPool2d(output_size=(1, 1))
      )
    )
    (fusion): Fusion(
      (conv1x1): Conv2d(2304, 256, kernel_size=(1, 1), stride=(1, 1))
    )
    (decoder): Decoder(
      (conv1): Conv2d(256, 128, kernel_size=(3, 3), stride=(1, 1), padding=(1, 1))
      (up1): Upsample(scale_factor=2.0, mode='nearest')
      (conv2): Conv2d(128, 64, kernel_size=(3, 3), stride=(1, 1), padding=(1, 1))
      (conv3): Conv2d(64, 64, kernel_size=(3, 3), stride=(1, 1), padding=(1, 1))
      (up2): Upsample(scale_factor=2.0, mode='nearest')
      (conv4): Conv2d(64, 32, kernel_size=(3, 3), stride=(1, 1), padding=(1, 1))
      (conv5): Conv2d(32, 2, kernel_size=(3, 3), stride=(1, 1), padding=(1, 1))
      (up3): Upsample(scale_factor=2.0, mode='nearest')
    )
  )
  (discriminator): Discriminator(
    (conv1): Conv2d(3, 64, kernel_size=(4, 4), stride=(2, 2), padding=(1, 1))
    (conv2): Conv2d(64, 128, kernel_size=(4, 4), stride=(2, 2), padding=(1, 1))
    (bn2): BatchNorm2d(128, eps=1e-05, momentum=0.1, affine=True, track_running_stats=True)
    (conv3): Conv2d(128, 256, kernel_size=(4, 4), stride=(2, 2), padding=(1, 1))
    (bn3): BatchNorm2d(256, eps=1e-05, momentum=0.1, affine=True, track_running_stats=True)
    (conv4): Conv2d(256, 512, kernel_size=(4, 4), stride=(2, 2), padding=(1, 1))
    (bn4): BatchNorm2d(512, eps=1e-05, momentum=0.1, affine=True, track_running_stats=True)
    (conv5): Conv2d(512, 1, kernel_size=(4, 4), stride=(1, 1))
  )
  (bce_loss): BCELoss()
  (l1_loss): L1Loss()
)
2025-02-19 15:28:56,144 INFO: Epoch 1/20: Gen Loss = 6.5134, Dis Loss = 0.6579, Val L1 = 0.0727
2025-02-19 15:28:56,498 INFO: Saved model and history to:
/media/Ittwin/E/_uni/DL_Project/tiger-fox-elephant/weights/fox_cDCGAN_best_model.pth
/media/Ittwin/E/_uni/DL_Project/tiger-fox-elephant/weights/fox_cDCGAN_best_history.npz
2025-02-19 15:28:56,498 INFO: Saved best model at epoch 1 with Val L1 Loss = 0.0727
2025-02-19 15:30:20,630 INFO: Epoch 2/20: Gen Loss = 5.9014, Dis Loss = 0.5881, Val L1 = 0.0849
2025-02-19 15:31:44,637 INFO: Epoch 3/20: Gen Loss = 5.8093, Dis Loss = 0.5754, Val L1 = 0.0671
2025-02-19 15:31:44,979 INFO: Saved model and history to:
/media/Ittwin/E/_uni/DL_Project/tiger-fox-elephant/weights/fox_cDCGAN_best_model.pth
/media/Ittwin/E/_uni/DL_Project/tiger-fox-elephant/weights/fox_cDCGAN_best_history.npz
2025-02-19 15:31:44,979 INFO: Saved best model at epoch 3 with Val L1 Loss = 0.0671
2025-02-19 15:33:09,391 INFO: Epoch 4/20: Gen Loss = 5.4841, Dis Loss = 0.5795, Val L1 = 0.0734
2025-02-19 15:34:34,736 INFO: Epoch 5/20: Gen Loss = 5.4052, Dis Loss = 0.5799, Val L1 = 0.0827
2025-02-19 15:35:59,492 INFO: Epoch 6/20: Gen Loss = 5.2645, Dis Loss = 0.5712, Val L1 = 0.0598
2025-02-19 15:36:00,037 INFO: Saved model and history to:
/media/Ittwin/E/_uni/DL_Project/tiger-fox-elephant/weights/fox_cDCGAN_best_model.pth
/media/Ittwin/E/_uni/DL_Project/tiger-fox-elephant/weights/fox_cDCGAN_best_history.npz
2025-02-19 15:36:00,037 INFO: Saved best model at epoch 6 with Val L1 Loss = 0.0598
2025-02-19 15:37:24,180 INFO: Epoch 7/20: Gen Loss = 5.1526, Dis Loss = 0.5926, Val L1 = 0.0732
2025-02-19 15:38:47,849 INFO: Epoch 8/20: Gen Loss = 5.0888, Dis Loss = 0.6063, Val L1 = 0.0644
2025-02-19 15:40:12,054 INFO: Epoch 9/20: Gen Loss = 4.9365, Dis Loss = 0.6237, Val L1 = 0.0556
2025-02-19 15:40:12,461 INFO: Saved model and history to:
/media/Ittwin/E/_uni/DL_Project/tiger-fox-elephant/weights/fox_cDCGAN_best_model.pth
/media/Ittwin/E/_uni/DL_Project/tiger-fox-elephant/weights/fox_cDCGAN_best_history.npz
2025-02-19 15:40:12,462 INFO: Saved best model at epoch 9 with Val L1 Loss = 0.0556
2025-02-19 15:41:36,317 INFO: Epoch 10/20: Gen Loss = 4.8460, Dis Loss = 0.6272, Val L1 = 0.0631
2025-02-19 15:42:59,536 INFO: Epoch 11/20: Gen Loss = 4.7182, Dis Loss = 0.6425, Val L1 = 0.0727
2025-02-19 15:44:23,332 INFO: Epoch 12/20: Gen Loss = 5.1261, Dis Loss = 0.5845, Val L1 = 0.0622
2025-02-19 15:45:46,828 INFO: Epoch 13/20: Gen Loss = 4.8153, Dis Loss = 0.6400, Val L1 = 0.0597
2025-02-19 15:47:10,126 INFO: Epoch 14/20: Gen Loss = 4.6371, Dis Loss = 0.6445, Val L1 = 0.0625
2025-02-19 15:48:33,295 INFO: Epoch 15/20: Gen Loss = 4.6650, Dis Loss = 0.6319, Val L1 = 0.0669
2025-02-19 15:49:58,717 INFO: Epoch 16/20: Gen Loss = 4.5479, Dis Loss = 0.6281, Val L1 = 0.0692
2025-02-19 15:51:24,533 INFO: Epoch 17/20: Gen Loss = 4.4719, Dis Loss = 0.6174, Val L1 = 0.0593
2025-02-19 15:52:48,305 INFO: Epoch 18/20: Gen Loss = 4.4975, Dis Loss = 0.6099, Val L1 = 0.0509
2025-02-19 15:52:49,046 INFO: Saved model and history to:
/media/Ittwin/E/_uni/DL_Project/tiger-fox-elephant/weights/fox_cDCGAN_best_model.pth
/media/Ittwin/E/_uni/DL_Project/tiger-fox-elephant/weights/fox_cDCGAN_best_history.npz
2025-02-19 15:52:49,047 INFO: Saved best model at epoch 18 with Val L1 Loss = 0.0509
2025-02-19 15:54:13,001 INFO: Epoch 19/20: Gen Loss = 4.4353, Dis Loss = 0.5983, Val L1 = 0.0629
2025-02-19 15:55:36,543 INFO: Epoch 20/20: Gen Loss = 4.4713, Dis Loss = 0.5819, Val L1 = 0.0659
2025-02-19 15:55:37,235 INFO: Saved model and history to:
/media/Ittwin/E/_uni/DL_Project/tiger-fox-elephant/weights/fox_cDCGAN_final_model.pth
/media/Ittwin/E/_uni/DL_Project/tiger-fox-elephant/weights/fox_cDCGAN_final_history.npz
2025-02-19 15:55:37,235 INFO: Training complete. Final model and history saved.
2025-02-19 15:55:37,666 INFO: Saved model and history to:
/media/Ittwin/E/_uni/DL_Project/tiger-fox-elephant/weights/fox_cDCGAN_model.pth
/media/Ittwin/E/_uni/DL_Project/tiger-fox-elephant/weights/fox_cDCGAN_history.npz
2025-02-19 16:27:38,006 INFO: Configuration:
2025-02-19 16:27:38,007 INFO: IMG_SIZE: 224, BATCH_SIZE: 64, LR: 1e-05, EPOCHS: 20
2025-02-19 16:27:38,007 INFO: Device: cuda
2025-02-19 16:28:40,373 INFO: Target class: fox, Train samples: 4549, Val samples: 1299
2025-02-19 16:28:41,129 INFO: Loaded model from /media/Ittwin/E/_uni/DL_Project/tiger-fox-elephant/weights/fox_cDCGAN_model.pth
2025-02-19 16:28:41,130 INFO: Model architecture:
ColorizationGAN(
  (generator): ColorizationNet(
    (encoder): Encoder(
      (conv1): Conv2d(1, 64, kernel_size=(3, 3), stride=(2, 2), padding=(1, 1))
      (conv2): Conv2d(64, 128, kernel_size=(3, 3), stride=(1, 1), padding=(1, 1))
      (conv3): Conv2d(128, 128, kernel_size=(3, 3), stride=(2, 2), padding=(1, 1))
      (conv4): Conv2d(128, 256, kernel_size=(3, 3), stride=(1, 1), padding=(1, 1))
      (conv5): Conv2d(256, 256, kernel_size=(3, 3), stride=(2, 2), padding=(1, 1))
      (conv6): Conv2d(256, 512, kernel_size=(3, 3), stride=(1, 1), padding=(1, 1))
      (conv7): Conv2d(512, 512, kernel_size=(3, 3), stride=(1, 1), padding=(1, 1))
      (conv8): Conv2d(512, 256, kernel_size=(3, 3), stride=(1, 1), padding=(1, 1))
    )
    (feature_extractor): ResNetExtractor(
      (features): Sequential(
        (0): Conv2d(3, 64, kernel_size=(7, 7), stride=(2, 2), padding=(3, 3), bias=False)
        (1): BatchNorm2d(64, eps=1e-05, momentum=0.1, affine=True, track_running_stats=True)
        (2): ReLU(inplace=True)
        (3): MaxPool2d(kernel_size=3, stride=2, padding=1, dilation=1, ceil_mode=False)
        (4): Sequential(
          (0): Bottleneck(
            (conv1): Conv2d(64, 64, kernel_size=(1, 1), stride=(1, 1), bias=False)
            (bn1): BatchNorm2d(64, eps=1e-05, momentum=0.1, affine=True, track_running_stats=True)
            (conv2): Conv2d(64, 64, kernel_size=(3, 3), stride=(1, 1), padding=(1, 1), bias=False)
            (bn2): BatchNorm2d(64, eps=1e-05, momentum=0.1, affine=True, track_running_stats=True)
            (conv3): Conv2d(64, 256, kernel_size=(1, 1), stride=(1, 1), bias=False)
            (bn3): BatchNorm2d(256, eps=1e-05, momentum=0.1, affine=True, track_running_stats=True)
            (relu): ReLU(inplace=True)
            (downsample): Sequential(
              (0): Conv2d(64, 256, kernel_size=(1, 1), stride=(1, 1), bias=False)
              (1): BatchNorm2d(256, eps=1e-05, momentum=0.1, affine=True, track_running_stats=True)
            )
          )
          (1): Bottleneck(
            (conv1): Conv2d(256, 64, kernel_size=(1, 1), stride=(1, 1), bias=False)
            (bn1): BatchNorm2d(64, eps=1e-05, momentum=0.1, affine=True, track_running_stats=True)
            (conv2): Conv2d(64, 64, kernel_size=(3, 3), stride=(1, 1), padding=(1, 1), bias=False)
            (bn2): BatchNorm2d(64, eps=1e-05, momentum=0.1, affine=True, track_running_stats=True)
            (conv3): Conv2d(64, 256, kernel_size=(1, 1), stride=(1, 1), bias=False)
            (bn3): BatchNorm2d(256, eps=1e-05, momentum=0.1, affine=True, track_running_stats=True)
            (relu): ReLU(inplace=True)
          )
          (2): Bottleneck(
            (conv1): Conv2d(256, 64, kernel_size=(1, 1), stride=(1, 1), bias=False)
            (bn1): BatchNorm2d(64, eps=1e-05, momentum=0.1, affine=True, track_running_stats=True)
            (conv2): Conv2d(64, 64, kernel_size=(3, 3), stride=(1, 1), padding=(1, 1), bias=False)
            (bn2): BatchNorm2d(64, eps=1e-05, momentum=0.1, affine=True, track_running_stats=True)
            (conv3): Conv2d(64, 256, kernel_size=(1, 1), stride=(1, 1), bias=False)
            (bn3): BatchNorm2d(256, eps=1e-05, momentum=0.1, affine=True, track_running_stats=True)
            (relu): ReLU(inplace=True)
          )
        )
        (5): Sequential(
          (0): Bottleneck(
            (conv1): Conv2d(256, 128, kernel_size=(1, 1), stride=(1, 1), bias=False)
            (bn1): BatchNorm2d(128, eps=1e-05, momentum=0.1, affine=True, track_running_stats=True)
            (conv2): Conv2d(128, 128, kernel_size=(3, 3), stride=(2, 2), padding=(1, 1), bias=False)
            (bn2): BatchNorm2d(128, eps=1e-05, momentum=0.1, affine=True, track_running_stats=True)
            (conv3): Conv2d(128, 512, kernel_size=(1, 1), stride=(1, 1), bias=False)
            (bn3): BatchNorm2d(512, eps=1e-05, momentum=0.1, affine=True, track_running_stats=True)
            (relu): ReLU(inplace=True)
            (downsample): Sequential(
              (0): Conv2d(256, 512, kernel_size=(1, 1), stride=(2, 2), bias=False)
              (1): BatchNorm2d(512, eps=1e-05, momentum=0.1, affine=True, track_running_stats=True)
            )
          )
          (1): Bottleneck(
            (conv1): Conv2d(512, 128, kernel_size=(1, 1), stride=(1, 1), bias=False)
            (bn1): BatchNorm2d(128, eps=1e-05, momentum=0.1, affine=True, track_running_stats=True)
            (conv2): Conv2d(128, 128, kernel_size=(3, 3), stride=(1, 1), padding=(1, 1), bias=False)
            (bn2): BatchNorm2d(128, eps=1e-05, momentum=0.1, affine=True, track_running_stats=True)
            (conv3): Conv2d(128, 512, kernel_size=(1, 1), stride=(1, 1), bias=False)
            (bn3): BatchNorm2d(512, eps=1e-05, momentum=0.1, affine=True, track_running_stats=True)
            (relu): ReLU(inplace=True)
          )
          (2): Bottleneck(
            (conv1): Conv2d(512, 128, kernel_size=(1, 1), stride=(1, 1), bias=False)
            (bn1): BatchNorm2d(128, eps=1e-05, momentum=0.1, affine=True, track_running_stats=True)
            (conv2): Conv2d(128, 128, kernel_size=(3, 3), stride=(1, 1), padding=(1, 1), bias=False)
            (bn2): BatchNorm2d(128, eps=1e-05, momentum=0.1, affine=True, track_running_stats=True)
            (conv3): Conv2d(128, 512, kernel_size=(1, 1), stride=(1, 1), bias=False)
            (bn3): BatchNorm2d(512, eps=1e-05, momentum=0.1, affine=True, track_running_stats=True)
            (relu): ReLU(inplace=True)
          )
          (3): Bottleneck(
            (conv1): Conv2d(512, 128, kernel_size=(1, 1), stride=(1, 1), bias=False)
            (bn1): BatchNorm2d(128, eps=1e-05, momentum=0.1, affine=True, track_running_stats=True)
            (conv2): Conv2d(128, 128, kernel_size=(3, 3), stride=(1, 1), padding=(1, 1), bias=False)
            (bn2): BatchNorm2d(128, eps=1e-05, momentum=0.1, affine=True, track_running_stats=True)
            (conv3): Conv2d(128, 512, kernel_size=(1, 1), stride=(1, 1), bias=False)
            (bn3): BatchNorm2d(512, eps=1e-05, momentum=0.1, affine=True, track_running_stats=True)
            (relu): ReLU(inplace=True)
          )
        )
        (6): Sequential(
          (0): Bottleneck(
            (conv1): Conv2d(512, 256, kernel_size=(1, 1), stride=(1, 1), bias=False)
            (bn1): BatchNorm2d(256, eps=1e-05, momentum=0.1, affine=True, track_running_stats=True)
            (conv2): Conv2d(256, 256, kernel_size=(3, 3), stride=(2, 2), padding=(1, 1), bias=False)
            (bn2): BatchNorm2d(256, eps=1e-05, momentum=0.1, affine=True, track_running_stats=True)
            (conv3): Conv2d(256, 1024, kernel_size=(1, 1), stride=(1, 1), bias=False)
            (bn3): BatchNorm2d(1024, eps=1e-05, momentum=0.1, affine=True, track_running_stats=True)
            (relu): ReLU(inplace=True)
            (downsample): Sequential(
              (0): Conv2d(512, 1024, kernel_size=(1, 1), stride=(2, 2), bias=False)
              (1): BatchNorm2d(1024, eps=1e-05, momentum=0.1, affine=True, track_running_stats=True)
            )
          )
          (1): Bottleneck(
            (conv1): Conv2d(1024, 256, kernel_size=(1, 1), stride=(1, 1), bias=False)
            (bn1): BatchNorm2d(256, eps=1e-05, momentum=0.1, affine=True, track_running_stats=True)
            (conv2): Conv2d(256, 256, kernel_size=(3, 3), stride=(1, 1), padding=(1, 1), bias=False)
            (bn2): BatchNorm2d(256, eps=1e-05, momentum=0.1, affine=True, track_running_stats=True)
            (conv3): Conv2d(256, 1024, kernel_size=(1, 1), stride=(1, 1), bias=False)
            (bn3): BatchNorm2d(1024, eps=1e-05, momentum=0.1, affine=True, track_running_stats=True)
            (relu): ReLU(inplace=True)
          )
          (2): Bottleneck(
            (conv1): Conv2d(1024, 256, kernel_size=(1, 1), stride=(1, 1), bias=False)
            (bn1): BatchNorm2d(256, eps=1e-05, momentum=0.1, affine=True, track_running_stats=True)
            (conv2): Conv2d(256, 256, kernel_size=(3, 3), stride=(1, 1), padding=(1, 1), bias=False)
            (bn2): BatchNorm2d(256, eps=1e-05, momentum=0.1, affine=True, track_running_stats=True)
            (conv3): Conv2d(256, 1024, kernel_size=(1, 1), stride=(1, 1), bias=False)
            (bn3): BatchNorm2d(1024, eps=1e-05, momentum=0.1, affine=True, track_running_stats=True)
            (relu): ReLU(inplace=True)
          )
          (3): Bottleneck(
            (conv1): Conv2d(1024, 256, kernel_size=(1, 1), stride=(1, 1), bias=False)
            (bn1): BatchNorm2d(256, eps=1e-05, momentum=0.1, affine=True, track_running_stats=True)
            (conv2): Conv2d(256, 256, kernel_size=(3, 3), stride=(1, 1), padding=(1, 1), bias=False)
            (bn2): BatchNorm2d(256, eps=1e-05, momentum=0.1, affine=True, track_running_stats=True)
            (conv3): Conv2d(256, 1024, kernel_size=(1, 1), stride=(1, 1), bias=False)
            (bn3): BatchNorm2d(1024, eps=1e-05, momentum=0.1, affine=True, track_running_stats=True)
            (relu): ReLU(inplace=True)
          )
          (4): Bottleneck(
            (conv1): Conv2d(1024, 256, kernel_size=(1, 1), stride=(1, 1), bias=False)
            (bn1): BatchNorm2d(256, eps=1e-05, momentum=0.1, affine=True, track_running_stats=True)
            (conv2): Conv2d(256, 256, kernel_size=(3, 3), stride=(1, 1), padding=(1, 1), bias=False)
            (bn2): BatchNorm2d(256, eps=1e-05, momentum=0.1, affine=True, track_running_stats=True)
            (conv3): Conv2d(256, 1024, kernel_size=(1, 1), stride=(1, 1), bias=False)
            (bn3): BatchNorm2d(1024, eps=1e-05, momentum=0.1, affine=True, track_running_stats=True)
            (relu): ReLU(inplace=True)
          )
          (5): Bottleneck(
            (conv1): Conv2d(1024, 256, kernel_size=(1, 1), stride=(1, 1), bias=False)
            (bn1): BatchNorm2d(256, eps=1e-05, momentum=0.1, affine=True, track_running_stats=True)
            (conv2): Conv2d(256, 256, kernel_size=(3, 3), stride=(1, 1), padding=(1, 1), bias=False)
            (bn2): BatchNorm2d(256, eps=1e-05, momentum=0.1, affine=True, track_running_stats=True)
            (conv3): Conv2d(256, 1024, kernel_size=(1, 1), stride=(1, 1), bias=False)
            (bn3): BatchNorm2d(1024, eps=1e-05, momentum=0.1, affine=True, track_running_stats=True)
            (relu): ReLU(inplace=True)
          )
        )
        (7): Sequential(
          (0): Bottleneck(
            (conv1): Conv2d(1024, 512, kernel_size=(1, 1), stride=(1, 1), bias=False)
            (bn1): BatchNorm2d(512, eps=1e-05, momentum=0.1, affine=True, track_running_stats=True)
            (conv2): Conv2d(512, 512, kernel_size=(3, 3), stride=(2, 2), padding=(1, 1), bias=False)
            (bn2): BatchNorm2d(512, eps=1e-05, momentum=0.1, affine=True, track_running_stats=True)
            (conv3): Conv2d(512, 2048, kernel_size=(1, 1), stride=(1, 1), bias=False)
            (bn3): BatchNorm2d(2048, eps=1e-05, momentum=0.1, affine=True, track_running_stats=True)
            (relu): ReLU(inplace=True)
            (downsample): Sequential(
              (0): Conv2d(1024, 2048, kernel_size=(1, 1), stride=(2, 2), bias=False)
              (1): BatchNorm2d(2048, eps=1e-05, momentum=0.1, affine=True, track_running_stats=True)
            )
          )
          (1): Bottleneck(
            (conv1): Conv2d(2048, 512, kernel_size=(1, 1), stride=(1, 1), bias=False)
            (bn1): BatchNorm2d(512, eps=1e-05, momentum=0.1, affine=True, track_running_stats=True)
            (conv2): Conv2d(512, 512, kernel_size=(3, 3), stride=(1, 1), padding=(1, 1), bias=False)
            (bn2): BatchNorm2d(512, eps=1e-05, momentum=0.1, affine=True, track_running_stats=True)
            (conv3): Conv2d(512, 2048, kernel_size=(1, 1), stride=(1, 1), bias=False)
            (bn3): BatchNorm2d(2048, eps=1e-05, momentum=0.1, affine=True, track_running_stats=True)
            (relu): ReLU(inplace=True)
          )
          (2): Bottleneck(
            (conv1): Conv2d(2048, 512, kernel_size=(1, 1), stride=(1, 1), bias=False)
            (bn1): BatchNorm2d(512, eps=1e-05, momentum=0.1, affine=True, track_running_stats=True)
            (conv2): Conv2d(512, 512, kernel_size=(3, 3), stride=(1, 1), padding=(1, 1), bias=False)
            (bn2): BatchNorm2d(512, eps=1e-05, momentum=0.1, affine=True, track_running_stats=True)
            (conv3): Conv2d(512, 2048, kernel_size=(1, 1), stride=(1, 1), bias=False)
            (bn3): BatchNorm2d(2048, eps=1e-05, momentum=0.1, affine=True, track_running_stats=True)
            (relu): ReLU(inplace=True)
          )
        )
        (8): AdaptiveAvgPool2d(output_size=(1, 1))
      )
    )
    (fusion): Fusion(
      (conv1x1): Conv2d(2304, 256, kernel_size=(1, 1), stride=(1, 1))
    )
    (decoder): Decoder(
      (conv1): Conv2d(256, 128, kernel_size=(3, 3), stride=(1, 1), padding=(1, 1))
      (up1): Upsample(scale_factor=2.0, mode='nearest')
      (conv2): Conv2d(128, 64, kernel_size=(3, 3), stride=(1, 1), padding=(1, 1))
      (conv3): Conv2d(64, 64, kernel_size=(3, 3), stride=(1, 1), padding=(1, 1))
      (up2): Upsample(scale_factor=2.0, mode='nearest')
      (conv4): Conv2d(64, 32, kernel_size=(3, 3), stride=(1, 1), padding=(1, 1))
      (conv5): Conv2d(32, 2, kernel_size=(3, 3), stride=(1, 1), padding=(1, 1))
      (up3): Upsample(scale_factor=2.0, mode='nearest')
    )
  )
  (discriminator): Discriminator(
    (conv1): Conv2d(3, 64, kernel_size=(4, 4), stride=(2, 2), padding=(1, 1))
    (conv2): Conv2d(64, 128, kernel_size=(4, 4), stride=(2, 2), padding=(1, 1))
    (bn2): BatchNorm2d(128, eps=1e-05, momentum=0.1, affine=True, track_running_stats=True)
    (conv3): Conv2d(128, 256, kernel_size=(4, 4), stride=(2, 2), padding=(1, 1))
    (bn3): BatchNorm2d(256, eps=1e-05, momentum=0.1, affine=True, track_running_stats=True)
    (conv4): Conv2d(256, 512, kernel_size=(4, 4), stride=(2, 2), padding=(1, 1))
    (bn4): BatchNorm2d(512, eps=1e-05, momentum=0.1, affine=True, track_running_stats=True)
    (conv5): Conv2d(512, 1, kernel_size=(4, 4), stride=(1, 1))
  )
  (bce_loss): BCELoss()
  (l1_loss): L1Loss()
)
2025-02-19 16:30:07,342 INFO: Epoch 1/20: Gen Loss = 5.1196, Dis Loss = 0.5610, Val L1 = 0.0482
2025-02-19 16:30:07,743 INFO: Saved model and history to:
/media/Ittwin/E/_uni/DL_Project/tiger-fox-elephant/weights/fox_cDCGAN_best_model.pth
/media/Ittwin/E/_uni/DL_Project/tiger-fox-elephant/weights/fox_cDCGAN_best_history.npz
2025-02-19 16:30:07,743 INFO: Saved best model at epoch 1 with Val L1 Loss = 0.0482
2025-02-19 16:31:33,714 INFO: Epoch 2/20: Gen Loss = 4.4806, Dis Loss = 0.6018, Val L1 = 0.0473
2025-02-19 16:31:34,214 INFO: Saved model and history to:
/media/Ittwin/E/_uni/DL_Project/tiger-fox-elephant/weights/fox_cDCGAN_best_model.pth
/media/Ittwin/E/_uni/DL_Project/tiger-fox-elephant/weights/fox_cDCGAN_best_history.npz
2025-02-19 16:31:34,214 INFO: Saved best model at epoch 2 with Val L1 Loss = 0.0473
2025-02-19 16:32:59,641 INFO: Epoch 3/20: Gen Loss = 4.3966, Dis Loss = 0.5859, Val L1 = 0.0470
2025-02-19 16:33:00,329 INFO: Saved model and history to:
/media/Ittwin/E/_uni/DL_Project/tiger-fox-elephant/weights/fox_cDCGAN_best_model.pth
/media/Ittwin/E/_uni/DL_Project/tiger-fox-elephant/weights/fox_cDCGAN_best_history.npz
2025-02-19 16:33:00,330 INFO: Saved best model at epoch 3 with Val L1 Loss = 0.0470
2025-02-19 16:34:24,170 INFO: Epoch 4/20: Gen Loss = 4.3577, Dis Loss = 0.5804, Val L1 = 0.0479
2025-02-19 16:35:47,816 INFO: Epoch 5/20: Gen Loss = 4.3329, Dis Loss = 0.5763, Val L1 = 0.0477
2025-02-19 16:37:12,195 INFO: Epoch 6/20: Gen Loss = 4.3101, Dis Loss = 0.5698, Val L1 = 0.0465
2025-02-19 16:37:12,623 INFO: Saved model and history to:
/media/Ittwin/E/_uni/DL_Project/tiger-fox-elephant/weights/fox_cDCGAN_best_model.pth
/media/Ittwin/E/_uni/DL_Project/tiger-fox-elephant/weights/fox_cDCGAN_best_history.npz
2025-02-19 16:37:12,624 INFO: Saved best model at epoch 6 with Val L1 Loss = 0.0465
2025-02-19 16:38:37,007 INFO: Epoch 7/20: Gen Loss = 4.3206, Dis Loss = 0.5694, Val L1 = 0.0460
2025-02-19 16:38:37,417 INFO: Saved model and history to:
/media/Ittwin/E/_uni/DL_Project/tiger-fox-elephant/weights/fox_cDCGAN_best_model.pth
/media/Ittwin/E/_uni/DL_Project/tiger-fox-elephant/weights/fox_cDCGAN_best_history.npz
2025-02-19 16:38:37,417 INFO: Saved best model at epoch 7 with Val L1 Loss = 0.0460
2025-02-19 16:40:02,022 INFO: Epoch 8/20: Gen Loss = 4.3181, Dis Loss = 0.5641, Val L1 = 0.0466
2025-02-19 16:41:25,854 INFO: Epoch 9/20: Gen Loss = 4.3072, Dis Loss = 0.5624, Val L1 = 0.0472
2025-02-19 16:42:49,871 INFO: Epoch 10/20: Gen Loss = 4.3091, Dis Loss = 0.5595, Val L1 = 0.0468
2025-02-19 16:44:13,510 INFO: Epoch 11/20: Gen Loss = 4.2749, Dis Loss = 0.5537, Val L1 = 0.0473
2025-02-19 16:45:37,508 INFO: Epoch 12/20: Gen Loss = 4.2802, Dis Loss = 0.5526, Val L1 = 0.0464
2025-02-19 16:47:01,108 INFO: Epoch 13/20: Gen Loss = 4.3093, Dis Loss = 0.5516, Val L1 = 0.0477
2025-02-19 16:48:24,853 INFO: Epoch 14/20: Gen Loss = 4.2845, Dis Loss = 0.5531, Val L1 = 0.0467
2025-02-19 16:49:48,688 INFO: Epoch 15/20: Gen Loss = 4.2930, Dis Loss = 0.5575, Val L1 = 0.0473
2025-02-19 16:51:12,671 INFO: Epoch 16/20: Gen Loss = 4.2783, Dis Loss = 0.5480, Val L1 = 0.0470
2025-02-19 16:52:36,023 INFO: Epoch 17/20: Gen Loss = 4.2746, Dis Loss = 0.5373, Val L1 = 0.0478
2025-02-19 16:53:59,975 INFO: Epoch 18/20: Gen Loss = 4.2719, Dis Loss = 0.5301, Val L1 = 0.0460
2025-02-19 16:55:26,063 INFO: Epoch 19/20: Gen Loss = 4.2766, Dis Loss = 0.5246, Val L1 = 0.0481
2025-02-19 16:56:50,078 INFO: Epoch 20/20: Gen Loss = 4.2707, Dis Loss = 0.5174, Val L1 = 0.0471
2025-02-19 16:56:50,473 INFO: Saved model and history to:
/media/Ittwin/E/_uni/DL_Project/tiger-fox-elephant/weights/fox_cDCGAN_final_model.pth
/media/Ittwin/E/_uni/DL_Project/tiger-fox-elephant/weights/fox_cDCGAN_final_history.npz
2025-02-19 16:56:50,473 INFO: Training complete. Final model and history saved.
2025-02-19 16:56:50,887 INFO: Saved model and history to:
/media/Ittwin/E/_uni/DL_Project/tiger-fox-elephant/weights/fox_cDCGAN_model.pth
/media/Ittwin/E/_uni/DL_Project/tiger-fox-elephant/weights/fox_cDCGAN_history.npz
