2025-02-19 21:12:13,168 INFO: Configuration:
2025-02-19 21:12:13,169 INFO: IMG_SIZE: 224, BATCH_SIZE: 64, LR: 0.0002, EPOCHS: 20
2025-02-19 21:12:13,169 INFO: Device: cuda
2025-02-19 21:12:13,303 INFO: Target class: fox, Train samples: 4549, Val samples: 1299
2025-02-19 21:12:43,134 INFO: Target class: fox, Train samples: 4549, Val samples: 1299
2025-02-19 21:12:57,454 INFO: Target class: fox, Train samples: 4549, Val samples: 1299
2025-02-19 21:12:57,665 INFO: Model architecture:
ColorizationGAN(
  (generator): GeneratorUnet(
    (conv1): Conv2d(1, 64, kernel_size=(3, 3), stride=(1, 1), padding=(1, 1))
    (conv2): Conv2d(64, 64, kernel_size=(4, 4), stride=(2, 2), padding=(1, 1))
    (bn2): BatchNorm2d(64, eps=1e-05, momentum=0.1, affine=True, track_running_stats=True)
    (conv3): Conv2d(64, 128, kernel_size=(4, 4), stride=(2, 2), padding=(1, 1))
    (bn3): BatchNorm2d(128, eps=1e-05, momentum=0.1, affine=True, track_running_stats=True)
    (conv4): Conv2d(128, 256, kernel_size=(4, 4), stride=(2, 2), padding=(1, 1))
    (bn4): BatchNorm2d(256, eps=1e-05, momentum=0.1, affine=True, track_running_stats=True)
    (conv5): Conv2d(256, 512, kernel_size=(4, 4), stride=(2, 2), padding=(1, 1))
    (bn5): BatchNorm2d(512, eps=1e-05, momentum=0.1, affine=True, track_running_stats=True)
    (conv6): Conv2d(512, 512, kernel_size=(4, 4), stride=(2, 2), padding=(1, 1))
    (bn6): BatchNorm2d(512, eps=1e-05, momentum=0.1, affine=True, track_running_stats=True)
    (conv7): Conv2d(512, 512, kernel_size=(4, 4), stride=(2, 2), padding=(1, 1))
    (bn7): BatchNorm2d(512, eps=1e-05, momentum=0.1, affine=True, track_running_stats=True)
    (deconv1): ConvTranspose2d(512, 512, kernel_size=(4, 4), stride=(2, 2), padding=(1, 1), output_padding=(1, 1))
    (bn8): BatchNorm2d(512, eps=1e-05, momentum=0.1, affine=True, track_running_stats=True)
    (deconv2): ConvTranspose2d(1024, 512, kernel_size=(4, 4), stride=(2, 2), padding=(1, 1))
    (bn9): BatchNorm2d(512, eps=1e-05, momentum=0.1, affine=True, track_running_stats=True)
    (deconv3): ConvTranspose2d(1024, 256, kernel_size=(4, 4), stride=(2, 2), padding=(1, 1))
    (bn10): BatchNorm2d(256, eps=1e-05, momentum=0.1, affine=True, track_running_stats=True)
    (deconv4): ConvTranspose2d(512, 128, kernel_size=(4, 4), stride=(2, 2), padding=(1, 1))
    (bn11): BatchNorm2d(128, eps=1e-05, momentum=0.1, affine=True, track_running_stats=True)
    (deconv5): ConvTranspose2d(256, 64, kernel_size=(4, 4), stride=(2, 2), padding=(1, 1))
    (bn12): BatchNorm2d(64, eps=1e-05, momentum=0.1, affine=True, track_running_stats=True)
    (deconv6): ConvTranspose2d(128, 64, kernel_size=(4, 4), stride=(2, 2), padding=(1, 1))
    (bn13): BatchNorm2d(64, eps=1e-05, momentum=0.1, affine=True, track_running_stats=True)
    (final_conv): Conv2d(128, 2, kernel_size=(1, 1), stride=(1, 1))
  )
  (discriminator): Discriminator(
    (conv1): Conv2d(2, 64, kernel_size=(4, 4), stride=(2, 2), padding=(1, 1))
    (conv2): Conv2d(64, 128, kernel_size=(4, 4), stride=(2, 2), padding=(1, 1))
    (bn2): BatchNorm2d(128, eps=1e-05, momentum=0.1, affine=True, track_running_stats=True)
    (conv3): Conv2d(128, 256, kernel_size=(4, 4), stride=(2, 2), padding=(1, 1))
    (bn3): BatchNorm2d(256, eps=1e-05, momentum=0.1, affine=True, track_running_stats=True)
    (conv4): Conv2d(256, 512, kernel_size=(4, 4), stride=(2, 2), padding=(1, 1))
    (bn4): BatchNorm2d(512, eps=1e-05, momentum=0.1, affine=True, track_running_stats=True)
    (conv5): Conv2d(512, 512, kernel_size=(4, 4), stride=(2, 2), padding=(1, 1))
    (bn5): BatchNorm2d(512, eps=1e-05, momentum=0.1, affine=True, track_running_stats=True)
    (conv6): Conv2d(512, 1, kernel_size=(7, 7), stride=(1, 1))
  )
  (l1_loss): L1Loss()
  (BCE_loss): BCEWithLogitsLoss()
)
2025-02-19 21:12:57,666 INFO: Generator parameters: 29,437,122
2025-02-19 21:12:57,666 INFO: Discriminator parameters: 6,978,241
2025-02-19 21:17:00,936 INFO: Configuration:
2025-02-19 21:17:00,937 INFO: IMG_SIZE: 224, BATCH_SIZE: 64, LR: 0.0002, EPOCHS: 20
2025-02-19 21:17:00,937 INFO: Device: cuda
2025-02-19 21:17:01,074 INFO: Target class: fox, Train samples: 4549, Val samples: 1299
2025-02-19 21:17:01,410 INFO: Model architecture:
ColorizationGAN(
  (generator): GeneratorUnet(
    (conv1): Conv2d(1, 64, kernel_size=(3, 3), stride=(1, 1), padding=(1, 1))
    (conv2): Conv2d(64, 64, kernel_size=(4, 4), stride=(2, 2), padding=(1, 1))
    (bn2): BatchNorm2d(64, eps=1e-05, momentum=0.1, affine=True, track_running_stats=True)
    (conv3): Conv2d(64, 128, kernel_size=(4, 4), stride=(2, 2), padding=(1, 1))
    (bn3): BatchNorm2d(128, eps=1e-05, momentum=0.1, affine=True, track_running_stats=True)
    (conv4): Conv2d(128, 256, kernel_size=(4, 4), stride=(2, 2), padding=(1, 1))
    (bn4): BatchNorm2d(256, eps=1e-05, momentum=0.1, affine=True, track_running_stats=True)
    (conv5): Conv2d(256, 512, kernel_size=(4, 4), stride=(2, 2), padding=(1, 1))
    (bn5): BatchNorm2d(512, eps=1e-05, momentum=0.1, affine=True, track_running_stats=True)
    (conv6): Conv2d(512, 512, kernel_size=(4, 4), stride=(2, 2), padding=(1, 1))
    (bn6): BatchNorm2d(512, eps=1e-05, momentum=0.1, affine=True, track_running_stats=True)
    (conv7): Conv2d(512, 512, kernel_size=(4, 4), stride=(2, 2), padding=(1, 1))
    (bn7): BatchNorm2d(512, eps=1e-05, momentum=0.1, affine=True, track_running_stats=True)
    (deconv1): ConvTranspose2d(512, 512, kernel_size=(4, 4), stride=(2, 2), padding=(1, 1), output_padding=(1, 1))
    (bn8): BatchNorm2d(512, eps=1e-05, momentum=0.1, affine=True, track_running_stats=True)
    (deconv2): ConvTranspose2d(1024, 512, kernel_size=(4, 4), stride=(2, 2), padding=(1, 1))
    (bn9): BatchNorm2d(512, eps=1e-05, momentum=0.1, affine=True, track_running_stats=True)
    (deconv3): ConvTranspose2d(1024, 256, kernel_size=(4, 4), stride=(2, 2), padding=(1, 1))
    (bn10): BatchNorm2d(256, eps=1e-05, momentum=0.1, affine=True, track_running_stats=True)
    (deconv4): ConvTranspose2d(512, 128, kernel_size=(4, 4), stride=(2, 2), padding=(1, 1))
    (bn11): BatchNorm2d(128, eps=1e-05, momentum=0.1, affine=True, track_running_stats=True)
    (deconv5): ConvTranspose2d(256, 64, kernel_size=(4, 4), stride=(2, 2), padding=(1, 1))
    (bn12): BatchNorm2d(64, eps=1e-05, momentum=0.1, affine=True, track_running_stats=True)
    (deconv6): ConvTranspose2d(128, 64, kernel_size=(4, 4), stride=(2, 2), padding=(1, 1))
    (bn13): BatchNorm2d(64, eps=1e-05, momentum=0.1, affine=True, track_running_stats=True)
    (final_conv): Conv2d(128, 2, kernel_size=(1, 1), stride=(1, 1))
  )
  (discriminator): Discriminator(
    (conv1): Conv2d(3, 64, kernel_size=(4, 4), stride=(2, 2), padding=(1, 1))
    (conv2): Conv2d(64, 128, kernel_size=(4, 4), stride=(2, 2), padding=(1, 1))
    (bn2): BatchNorm2d(128, eps=1e-05, momentum=0.1, affine=True, track_running_stats=True)
    (conv3): Conv2d(128, 256, kernel_size=(4, 4), stride=(2, 2), padding=(1, 1))
    (bn3): BatchNorm2d(256, eps=1e-05, momentum=0.1, affine=True, track_running_stats=True)
    (conv4): Conv2d(256, 512, kernel_size=(4, 4), stride=(2, 2), padding=(1, 1))
    (bn4): BatchNorm2d(512, eps=1e-05, momentum=0.1, affine=True, track_running_stats=True)
    (conv5): Conv2d(512, 512, kernel_size=(4, 4), stride=(2, 2), padding=(1, 1))
    (bn5): BatchNorm2d(512, eps=1e-05, momentum=0.1, affine=True, track_running_stats=True)
    (conv6): Conv2d(512, 1, kernel_size=(7, 7), stride=(1, 1))
  )
  (l1_loss): L1Loss()
  (BCE_loss): BCEWithLogitsLoss()
)
2025-02-19 21:17:01,411 INFO: Generator parameters: 29,437,122
2025-02-19 21:17:01,411 INFO: Discriminator parameters: 6,979,265
2025-02-19 21:17:46,211 INFO: Configuration:
2025-02-19 21:17:46,211 INFO: IMG_SIZE: 224, BATCH_SIZE: 32, LR: 0.0002, EPOCHS: 20
2025-02-19 21:17:46,211 INFO: Device: cuda
2025-02-19 21:17:46,346 INFO: Target class: fox, Train samples: 4549, Val samples: 1299
2025-02-19 21:17:46,728 INFO: Model architecture:
ColorizationGAN(
  (generator): GeneratorUnet(
    (conv1): Conv2d(1, 64, kernel_size=(3, 3), stride=(1, 1), padding=(1, 1))
    (conv2): Conv2d(64, 64, kernel_size=(4, 4), stride=(2, 2), padding=(1, 1))
    (bn2): BatchNorm2d(64, eps=1e-05, momentum=0.1, affine=True, track_running_stats=True)
    (conv3): Conv2d(64, 128, kernel_size=(4, 4), stride=(2, 2), padding=(1, 1))
    (bn3): BatchNorm2d(128, eps=1e-05, momentum=0.1, affine=True, track_running_stats=True)
    (conv4): Conv2d(128, 256, kernel_size=(4, 4), stride=(2, 2), padding=(1, 1))
    (bn4): BatchNorm2d(256, eps=1e-05, momentum=0.1, affine=True, track_running_stats=True)
    (conv5): Conv2d(256, 512, kernel_size=(4, 4), stride=(2, 2), padding=(1, 1))
    (bn5): BatchNorm2d(512, eps=1e-05, momentum=0.1, affine=True, track_running_stats=True)
    (conv6): Conv2d(512, 512, kernel_size=(4, 4), stride=(2, 2), padding=(1, 1))
    (bn6): BatchNorm2d(512, eps=1e-05, momentum=0.1, affine=True, track_running_stats=True)
    (conv7): Conv2d(512, 512, kernel_size=(4, 4), stride=(2, 2), padding=(1, 1))
    (bn7): BatchNorm2d(512, eps=1e-05, momentum=0.1, affine=True, track_running_stats=True)
    (deconv1): ConvTranspose2d(512, 512, kernel_size=(4, 4), stride=(2, 2), padding=(1, 1), output_padding=(1, 1))
    (bn8): BatchNorm2d(512, eps=1e-05, momentum=0.1, affine=True, track_running_stats=True)
    (deconv2): ConvTranspose2d(1024, 512, kernel_size=(4, 4), stride=(2, 2), padding=(1, 1))
    (bn9): BatchNorm2d(512, eps=1e-05, momentum=0.1, affine=True, track_running_stats=True)
    (deconv3): ConvTranspose2d(1024, 256, kernel_size=(4, 4), stride=(2, 2), padding=(1, 1))
    (bn10): BatchNorm2d(256, eps=1e-05, momentum=0.1, affine=True, track_running_stats=True)
    (deconv4): ConvTranspose2d(512, 128, kernel_size=(4, 4), stride=(2, 2), padding=(1, 1))
    (bn11): BatchNorm2d(128, eps=1e-05, momentum=0.1, affine=True, track_running_stats=True)
    (deconv5): ConvTranspose2d(256, 64, kernel_size=(4, 4), stride=(2, 2), padding=(1, 1))
    (bn12): BatchNorm2d(64, eps=1e-05, momentum=0.1, affine=True, track_running_stats=True)
    (deconv6): ConvTranspose2d(128, 64, kernel_size=(4, 4), stride=(2, 2), padding=(1, 1))
    (bn13): BatchNorm2d(64, eps=1e-05, momentum=0.1, affine=True, track_running_stats=True)
    (final_conv): Conv2d(128, 2, kernel_size=(1, 1), stride=(1, 1))
  )
  (discriminator): Discriminator(
    (conv1): Conv2d(3, 64, kernel_size=(4, 4), stride=(2, 2), padding=(1, 1))
    (conv2): Conv2d(64, 128, kernel_size=(4, 4), stride=(2, 2), padding=(1, 1))
    (bn2): BatchNorm2d(128, eps=1e-05, momentum=0.1, affine=True, track_running_stats=True)
    (conv3): Conv2d(128, 256, kernel_size=(4, 4), stride=(2, 2), padding=(1, 1))
    (bn3): BatchNorm2d(256, eps=1e-05, momentum=0.1, affine=True, track_running_stats=True)
    (conv4): Conv2d(256, 512, kernel_size=(4, 4), stride=(2, 2), padding=(1, 1))
    (bn4): BatchNorm2d(512, eps=1e-05, momentum=0.1, affine=True, track_running_stats=True)
    (conv5): Conv2d(512, 512, kernel_size=(4, 4), stride=(2, 2), padding=(1, 1))
    (bn5): BatchNorm2d(512, eps=1e-05, momentum=0.1, affine=True, track_running_stats=True)
    (conv6): Conv2d(512, 1, kernel_size=(7, 7), stride=(1, 1))
  )
  (l1_loss): L1Loss()
  (BCE_loss): BCEWithLogitsLoss()
)
2025-02-19 21:17:46,728 INFO: Generator parameters: 29,437,122
2025-02-19 21:17:46,729 INFO: Discriminator parameters: 6,979,265
2025-02-19 21:18:07,343 INFO: Configuration:
2025-02-19 21:18:07,343 INFO: IMG_SIZE: 224, BATCH_SIZE: 50, LR: 0.0002, EPOCHS: 20
2025-02-19 21:18:07,343 INFO: Device: cuda
2025-02-19 21:18:07,478 INFO: Target class: fox, Train samples: 4549, Val samples: 1299
2025-02-19 21:18:07,874 INFO: Model architecture:
ColorizationGAN(
  (generator): GeneratorUnet(
    (conv1): Conv2d(1, 64, kernel_size=(3, 3), stride=(1, 1), padding=(1, 1))
    (conv2): Conv2d(64, 64, kernel_size=(4, 4), stride=(2, 2), padding=(1, 1))
    (bn2): BatchNorm2d(64, eps=1e-05, momentum=0.1, affine=True, track_running_stats=True)
    (conv3): Conv2d(64, 128, kernel_size=(4, 4), stride=(2, 2), padding=(1, 1))
    (bn3): BatchNorm2d(128, eps=1e-05, momentum=0.1, affine=True, track_running_stats=True)
    (conv4): Conv2d(128, 256, kernel_size=(4, 4), stride=(2, 2), padding=(1, 1))
    (bn4): BatchNorm2d(256, eps=1e-05, momentum=0.1, affine=True, track_running_stats=True)
    (conv5): Conv2d(256, 512, kernel_size=(4, 4), stride=(2, 2), padding=(1, 1))
    (bn5): BatchNorm2d(512, eps=1e-05, momentum=0.1, affine=True, track_running_stats=True)
    (conv6): Conv2d(512, 512, kernel_size=(4, 4), stride=(2, 2), padding=(1, 1))
    (bn6): BatchNorm2d(512, eps=1e-05, momentum=0.1, affine=True, track_running_stats=True)
    (conv7): Conv2d(512, 512, kernel_size=(4, 4), stride=(2, 2), padding=(1, 1))
    (bn7): BatchNorm2d(512, eps=1e-05, momentum=0.1, affine=True, track_running_stats=True)
    (deconv1): ConvTranspose2d(512, 512, kernel_size=(4, 4), stride=(2, 2), padding=(1, 1), output_padding=(1, 1))
    (bn8): BatchNorm2d(512, eps=1e-05, momentum=0.1, affine=True, track_running_stats=True)
    (deconv2): ConvTranspose2d(1024, 512, kernel_size=(4, 4), stride=(2, 2), padding=(1, 1))
    (bn9): BatchNorm2d(512, eps=1e-05, momentum=0.1, affine=True, track_running_stats=True)
    (deconv3): ConvTranspose2d(1024, 256, kernel_size=(4, 4), stride=(2, 2), padding=(1, 1))
    (bn10): BatchNorm2d(256, eps=1e-05, momentum=0.1, affine=True, track_running_stats=True)
    (deconv4): ConvTranspose2d(512, 128, kernel_size=(4, 4), stride=(2, 2), padding=(1, 1))
    (bn11): BatchNorm2d(128, eps=1e-05, momentum=0.1, affine=True, track_running_stats=True)
    (deconv5): ConvTranspose2d(256, 64, kernel_size=(4, 4), stride=(2, 2), padding=(1, 1))
    (bn12): BatchNorm2d(64, eps=1e-05, momentum=0.1, affine=True, track_running_stats=True)
    (deconv6): ConvTranspose2d(128, 64, kernel_size=(4, 4), stride=(2, 2), padding=(1, 1))
    (bn13): BatchNorm2d(64, eps=1e-05, momentum=0.1, affine=True, track_running_stats=True)
    (final_conv): Conv2d(128, 2, kernel_size=(1, 1), stride=(1, 1))
  )
  (discriminator): Discriminator(
    (conv1): Conv2d(3, 64, kernel_size=(4, 4), stride=(2, 2), padding=(1, 1))
    (conv2): Conv2d(64, 128, kernel_size=(4, 4), stride=(2, 2), padding=(1, 1))
    (bn2): BatchNorm2d(128, eps=1e-05, momentum=0.1, affine=True, track_running_stats=True)
    (conv3): Conv2d(128, 256, kernel_size=(4, 4), stride=(2, 2), padding=(1, 1))
    (bn3): BatchNorm2d(256, eps=1e-05, momentum=0.1, affine=True, track_running_stats=True)
    (conv4): Conv2d(256, 512, kernel_size=(4, 4), stride=(2, 2), padding=(1, 1))
    (bn4): BatchNorm2d(512, eps=1e-05, momentum=0.1, affine=True, track_running_stats=True)
    (conv5): Conv2d(512, 512, kernel_size=(4, 4), stride=(2, 2), padding=(1, 1))
    (bn5): BatchNorm2d(512, eps=1e-05, momentum=0.1, affine=True, track_running_stats=True)
    (conv6): Conv2d(512, 1, kernel_size=(7, 7), stride=(1, 1))
  )
  (l1_loss): L1Loss()
  (BCE_loss): BCEWithLogitsLoss()
)
2025-02-19 21:18:07,874 INFO: Generator parameters: 29,437,122
2025-02-19 21:18:07,875 INFO: Discriminator parameters: 6,979,265
2025-02-19 21:18:52,239 INFO: Epoch 001/20 | Train Loss: 14.2710 | Train Acc: 8.31% | Val Loss: 0.0861 | Val Acc: 12.19%
2025-02-19 21:20:32,631 INFO: Configuration:
2025-02-19 21:20:32,631 INFO: IMG_SIZE: 224, BATCH_SIZE: 50, LR: 0.0002, EPOCHS: 20
2025-02-19 21:20:32,631 INFO: Device: cuda
2025-02-19 21:20:32,768 INFO: Target class: fox, Train samples: 4549, Val samples: 1299
2025-02-19 21:20:33,029 INFO: Model architecture:
ColorizationGAN(
  (generator): GeneratorUnet(
    (conv1): Conv2d(1, 64, kernel_size=(3, 3), stride=(1, 1), padding=(1, 1))
    (conv2): Conv2d(64, 64, kernel_size=(4, 4), stride=(2, 2), padding=(1, 1))
    (bn2): BatchNorm2d(64, eps=1e-05, momentum=0.1, affine=True, track_running_stats=True)
    (conv3): Conv2d(64, 128, kernel_size=(4, 4), stride=(2, 2), padding=(1, 1))
    (bn3): BatchNorm2d(128, eps=1e-05, momentum=0.1, affine=True, track_running_stats=True)
    (conv4): Conv2d(128, 256, kernel_size=(4, 4), stride=(2, 2), padding=(1, 1))
    (bn4): BatchNorm2d(256, eps=1e-05, momentum=0.1, affine=True, track_running_stats=True)
    (conv5): Conv2d(256, 512, kernel_size=(4, 4), stride=(2, 2), padding=(1, 1))
    (bn5): BatchNorm2d(512, eps=1e-05, momentum=0.1, affine=True, track_running_stats=True)
    (conv6): Conv2d(512, 512, kernel_size=(4, 4), stride=(2, 2), padding=(1, 1))
    (bn6): BatchNorm2d(512, eps=1e-05, momentum=0.1, affine=True, track_running_stats=True)
    (conv7): Conv2d(512, 512, kernel_size=(4, 4), stride=(2, 2), padding=(1, 1))
    (bn7): BatchNorm2d(512, eps=1e-05, momentum=0.1, affine=True, track_running_stats=True)
    (deconv1): ConvTranspose2d(512, 512, kernel_size=(4, 4), stride=(2, 2), padding=(1, 1), output_padding=(1, 1))
    (bn8): BatchNorm2d(512, eps=1e-05, momentum=0.1, affine=True, track_running_stats=True)
    (deconv2): ConvTranspose2d(1024, 512, kernel_size=(4, 4), stride=(2, 2), padding=(1, 1))
    (bn9): BatchNorm2d(512, eps=1e-05, momentum=0.1, affine=True, track_running_stats=True)
    (deconv3): ConvTranspose2d(1024, 256, kernel_size=(4, 4), stride=(2, 2), padding=(1, 1))
    (bn10): BatchNorm2d(256, eps=1e-05, momentum=0.1, affine=True, track_running_stats=True)
    (deconv4): ConvTranspose2d(512, 128, kernel_size=(4, 4), stride=(2, 2), padding=(1, 1))
    (bn11): BatchNorm2d(128, eps=1e-05, momentum=0.1, affine=True, track_running_stats=True)
    (deconv5): ConvTranspose2d(256, 64, kernel_size=(4, 4), stride=(2, 2), padding=(1, 1))
    (bn12): BatchNorm2d(64, eps=1e-05, momentum=0.1, affine=True, track_running_stats=True)
    (deconv6): ConvTranspose2d(128, 64, kernel_size=(4, 4), stride=(2, 2), padding=(1, 1))
    (bn13): BatchNorm2d(64, eps=1e-05, momentum=0.1, affine=True, track_running_stats=True)
    (final_conv): Conv2d(128, 2, kernel_size=(1, 1), stride=(1, 1))
  )
  (discriminator): Discriminator(
    (conv1): Conv2d(3, 64, kernel_size=(4, 4), stride=(2, 2), padding=(1, 1))
    (conv2): Conv2d(64, 128, kernel_size=(4, 4), stride=(2, 2), padding=(1, 1))
    (bn2): BatchNorm2d(128, eps=1e-05, momentum=0.1, affine=True, track_running_stats=True)
    (conv3): Conv2d(128, 256, kernel_size=(4, 4), stride=(2, 2), padding=(1, 1))
    (bn3): BatchNorm2d(256, eps=1e-05, momentum=0.1, affine=True, track_running_stats=True)
    (conv4): Conv2d(256, 512, kernel_size=(4, 4), stride=(2, 2), padding=(1, 1))
    (bn4): BatchNorm2d(512, eps=1e-05, momentum=0.1, affine=True, track_running_stats=True)
    (conv5): Conv2d(512, 512, kernel_size=(4, 4), stride=(2, 2), padding=(1, 1))
    (bn5): BatchNorm2d(512, eps=1e-05, momentum=0.1, affine=True, track_running_stats=True)
    (conv6): Conv2d(512, 1, kernel_size=(7, 7), stride=(1, 1))
  )
  (l1_loss): L1Loss()
  (BCE_loss): BCEWithLogitsLoss()
)
2025-02-19 21:20:33,030 INFO: Generator parameters: 29,437,122
2025-02-19 21:20:33,030 INFO: Discriminator parameters: 6,979,265
2025-02-19 21:21:55,591 INFO: Configuration:
2025-02-19 21:21:55,591 INFO: IMG_SIZE: 224, BATCH_SIZE: 50, LR: 0.0002, EPOCHS: 20
2025-02-19 21:21:55,592 INFO: Device: cuda
2025-02-19 21:21:55,727 INFO: Target class: fox, Train samples: 4549, Val samples: 1299
2025-02-19 21:21:55,936 INFO: Model architecture:
ColorizationGAN(
  (generator): GeneratorUnet(
    (conv1): Conv2d(1, 64, kernel_size=(3, 3), stride=(1, 1), padding=(1, 1))
    (conv2): Conv2d(64, 64, kernel_size=(4, 4), stride=(2, 2), padding=(1, 1))
    (bn2): BatchNorm2d(64, eps=1e-05, momentum=0.1, affine=True, track_running_stats=True)
    (conv3): Conv2d(64, 128, kernel_size=(4, 4), stride=(2, 2), padding=(1, 1))
    (bn3): BatchNorm2d(128, eps=1e-05, momentum=0.1, affine=True, track_running_stats=True)
    (conv4): Conv2d(128, 256, kernel_size=(4, 4), stride=(2, 2), padding=(1, 1))
    (bn4): BatchNorm2d(256, eps=1e-05, momentum=0.1, affine=True, track_running_stats=True)
    (conv5): Conv2d(256, 512, kernel_size=(4, 4), stride=(2, 2), padding=(1, 1))
    (bn5): BatchNorm2d(512, eps=1e-05, momentum=0.1, affine=True, track_running_stats=True)
    (conv6): Conv2d(512, 512, kernel_size=(4, 4), stride=(2, 2), padding=(1, 1))
    (bn6): BatchNorm2d(512, eps=1e-05, momentum=0.1, affine=True, track_running_stats=True)
    (conv7): Conv2d(512, 512, kernel_size=(4, 4), stride=(2, 2), padding=(1, 1))
    (bn7): BatchNorm2d(512, eps=1e-05, momentum=0.1, affine=True, track_running_stats=True)
    (deconv1): ConvTranspose2d(512, 512, kernel_size=(4, 4), stride=(2, 2), padding=(1, 1), output_padding=(1, 1))
    (bn8): BatchNorm2d(512, eps=1e-05, momentum=0.1, affine=True, track_running_stats=True)
    (deconv2): ConvTranspose2d(1024, 512, kernel_size=(4, 4), stride=(2, 2), padding=(1, 1))
    (bn9): BatchNorm2d(512, eps=1e-05, momentum=0.1, affine=True, track_running_stats=True)
    (deconv3): ConvTranspose2d(1024, 256, kernel_size=(4, 4), stride=(2, 2), padding=(1, 1))
    (bn10): BatchNorm2d(256, eps=1e-05, momentum=0.1, affine=True, track_running_stats=True)
    (deconv4): ConvTranspose2d(512, 128, kernel_size=(4, 4), stride=(2, 2), padding=(1, 1))
    (bn11): BatchNorm2d(128, eps=1e-05, momentum=0.1, affine=True, track_running_stats=True)
    (deconv5): ConvTranspose2d(256, 64, kernel_size=(4, 4), stride=(2, 2), padding=(1, 1))
    (bn12): BatchNorm2d(64, eps=1e-05, momentum=0.1, affine=True, track_running_stats=True)
    (deconv6): ConvTranspose2d(128, 64, kernel_size=(4, 4), stride=(2, 2), padding=(1, 1))
    (bn13): BatchNorm2d(64, eps=1e-05, momentum=0.1, affine=True, track_running_stats=True)
    (final_conv): Conv2d(128, 2, kernel_size=(1, 1), stride=(1, 1))
  )
  (discriminator): Discriminator(
    (conv1): Conv2d(3, 64, kernel_size=(4, 4), stride=(2, 2), padding=(1, 1))
    (conv2): Conv2d(64, 128, kernel_size=(4, 4), stride=(2, 2), padding=(1, 1))
    (bn2): BatchNorm2d(128, eps=1e-05, momentum=0.1, affine=True, track_running_stats=True)
    (conv3): Conv2d(128, 256, kernel_size=(4, 4), stride=(2, 2), padding=(1, 1))
    (bn3): BatchNorm2d(256, eps=1e-05, momentum=0.1, affine=True, track_running_stats=True)
    (conv4): Conv2d(256, 512, kernel_size=(4, 4), stride=(2, 2), padding=(1, 1))
    (bn4): BatchNorm2d(512, eps=1e-05, momentum=0.1, affine=True, track_running_stats=True)
    (conv5): Conv2d(512, 512, kernel_size=(4, 4), stride=(2, 2), padding=(1, 1))
    (bn5): BatchNorm2d(512, eps=1e-05, momentum=0.1, affine=True, track_running_stats=True)
    (conv6): Conv2d(512, 1, kernel_size=(7, 7), stride=(1, 1))
  )
  (l1_loss): L1Loss()
  (BCE_loss): BCEWithLogitsLoss()
)
2025-02-19 21:21:55,937 INFO: Generator parameters: 29,437,122
2025-02-19 21:21:55,937 INFO: Discriminator parameters: 6,979,265
2025-02-19 21:22:39,971 INFO: Epoch 001/20 | Train Loss: 9.7543 | Train Acc: 11.04% | Val Loss: 0.0914 | Val Acc: 10.31%
2025-02-19 21:28:59,880 INFO: Configuration:
2025-02-19 21:28:59,880 INFO: IMG_SIZE: 224, BATCH_SIZE: 50, LR: 0.0002, EPOCHS: 20
2025-02-19 21:28:59,881 INFO: Device: cuda
2025-02-19 21:29:00,016 INFO: Target class: fox, Train samples: 4549, Val samples: 1299
2025-02-19 21:29:00,361 INFO: Model architecture:
ColorizationGAN(
  (generator): GeneratorUnet(
    (conv1): Conv2d(1, 64, kernel_size=(3, 3), stride=(1, 1), padding=(1, 1))
    (conv2): Conv2d(64, 64, kernel_size=(4, 4), stride=(2, 2), padding=(1, 1))
    (bn2): BatchNorm2d(64, eps=1e-05, momentum=0.1, affine=True, track_running_stats=True)
    (conv3): Conv2d(64, 128, kernel_size=(4, 4), stride=(2, 2), padding=(1, 1))
    (bn3): BatchNorm2d(128, eps=1e-05, momentum=0.1, affine=True, track_running_stats=True)
    (conv4): Conv2d(128, 256, kernel_size=(4, 4), stride=(2, 2), padding=(1, 1))
    (bn4): BatchNorm2d(256, eps=1e-05, momentum=0.1, affine=True, track_running_stats=True)
    (conv5): Conv2d(256, 512, kernel_size=(4, 4), stride=(2, 2), padding=(1, 1))
    (bn5): BatchNorm2d(512, eps=1e-05, momentum=0.1, affine=True, track_running_stats=True)
    (conv6): Conv2d(512, 512, kernel_size=(4, 4), stride=(2, 2), padding=(1, 1))
    (bn6): BatchNorm2d(512, eps=1e-05, momentum=0.1, affine=True, track_running_stats=True)
    (conv7): Conv2d(512, 512, kernel_size=(4, 4), stride=(2, 2), padding=(1, 1))
    (bn7): BatchNorm2d(512, eps=1e-05, momentum=0.1, affine=True, track_running_stats=True)
    (deconv1): ConvTranspose2d(512, 512, kernel_size=(4, 4), stride=(2, 2), padding=(1, 1), output_padding=(1, 1))
    (bn8): BatchNorm2d(512, eps=1e-05, momentum=0.1, affine=True, track_running_stats=True)
    (deconv2): ConvTranspose2d(1024, 512, kernel_size=(4, 4), stride=(2, 2), padding=(1, 1))
    (bn9): BatchNorm2d(512, eps=1e-05, momentum=0.1, affine=True, track_running_stats=True)
    (deconv3): ConvTranspose2d(1024, 256, kernel_size=(4, 4), stride=(2, 2), padding=(1, 1))
    (bn10): BatchNorm2d(256, eps=1e-05, momentum=0.1, affine=True, track_running_stats=True)
    (deconv4): ConvTranspose2d(512, 128, kernel_size=(4, 4), stride=(2, 2), padding=(1, 1))
    (bn11): BatchNorm2d(128, eps=1e-05, momentum=0.1, affine=True, track_running_stats=True)
    (deconv5): ConvTranspose2d(256, 64, kernel_size=(4, 4), stride=(2, 2), padding=(1, 1))
    (bn12): BatchNorm2d(64, eps=1e-05, momentum=0.1, affine=True, track_running_stats=True)
    (deconv6): ConvTranspose2d(128, 64, kernel_size=(4, 4), stride=(2, 2), padding=(1, 1))
    (bn13): BatchNorm2d(64, eps=1e-05, momentum=0.1, affine=True, track_running_stats=True)
    (final_conv): Conv2d(128, 2, kernel_size=(1, 1), stride=(1, 1))
  )
  (discriminator): Discriminator(
    (conv1): Conv2d(3, 64, kernel_size=(4, 4), stride=(2, 2), padding=(1, 1))
    (conv2): Conv2d(64, 128, kernel_size=(4, 4), stride=(2, 2), padding=(1, 1))
    (bn2): BatchNorm2d(128, eps=1e-05, momentum=0.1, affine=True, track_running_stats=True)
    (conv3): Conv2d(128, 256, kernel_size=(4, 4), stride=(2, 2), padding=(1, 1))
    (bn3): BatchNorm2d(256, eps=1e-05, momentum=0.1, affine=True, track_running_stats=True)
    (conv4): Conv2d(256, 512, kernel_size=(4, 4), stride=(2, 2), padding=(1, 1))
    (bn4): BatchNorm2d(512, eps=1e-05, momentum=0.1, affine=True, track_running_stats=True)
    (conv5): Conv2d(512, 512, kernel_size=(4, 4), stride=(2, 2), padding=(1, 1))
    (bn5): BatchNorm2d(512, eps=1e-05, momentum=0.1, affine=True, track_running_stats=True)
    (conv6): Conv2d(512, 1, kernel_size=(7, 7), stride=(1, 1))
  )
  (l1_loss): L1Loss()
  (BCE_loss): BCEWithLogitsLoss()
)
2025-02-19 21:29:00,362 INFO: Generator parameters: 29,437,122
2025-02-19 21:29:00,362 INFO: Discriminator parameters: 6,979,265
2025-02-19 21:29:45,145 INFO: Epoch 001/20 | Train Loss: 9.7527 | Train Acc: 11.01% | Val Loss: 0.1055 | Val Acc: 9.95%
2025-02-19 21:36:44,668 INFO: Configuration:
2025-02-19 21:36:44,668 INFO: IMG_SIZE: 224, BATCH_SIZE: 50, LR: 0.0002, EPOCHS: 20
2025-02-19 21:36:44,668 INFO: Device: cuda
2025-02-19 21:36:44,790 INFO: Target class: fox, Train samples: 4549, Val samples: 1299
2025-02-19 21:36:45,005 INFO: Model architecture:
ColorizationGAN(
  (generator): GeneratorUnet(
    (conv1): Conv2d(1, 64, kernel_size=(3, 3), stride=(1, 1), padding=(1, 1))
    (conv2): Conv2d(64, 64, kernel_size=(4, 4), stride=(2, 2), padding=(1, 1))
    (bn2): BatchNorm2d(64, eps=1e-05, momentum=0.1, affine=True, track_running_stats=True)
    (conv3): Conv2d(64, 128, kernel_size=(4, 4), stride=(2, 2), padding=(1, 1))
    (bn3): BatchNorm2d(128, eps=1e-05, momentum=0.1, affine=True, track_running_stats=True)
    (conv4): Conv2d(128, 256, kernel_size=(4, 4), stride=(2, 2), padding=(1, 1))
    (bn4): BatchNorm2d(256, eps=1e-05, momentum=0.1, affine=True, track_running_stats=True)
    (conv5): Conv2d(256, 512, kernel_size=(4, 4), stride=(2, 2), padding=(1, 1))
    (bn5): BatchNorm2d(512, eps=1e-05, momentum=0.1, affine=True, track_running_stats=True)
    (conv6): Conv2d(512, 512, kernel_size=(4, 4), stride=(2, 2), padding=(1, 1))
    (bn6): BatchNorm2d(512, eps=1e-05, momentum=0.1, affine=True, track_running_stats=True)
    (conv7): Conv2d(512, 512, kernel_size=(4, 4), stride=(2, 2), padding=(1, 1))
    (bn7): BatchNorm2d(512, eps=1e-05, momentum=0.1, affine=True, track_running_stats=True)
    (deconv1): ConvTranspose2d(512, 512, kernel_size=(4, 4), stride=(2, 2), padding=(1, 1), output_padding=(1, 1))
    (bn8): BatchNorm2d(512, eps=1e-05, momentum=0.1, affine=True, track_running_stats=True)
    (deconv2): ConvTranspose2d(1024, 512, kernel_size=(4, 4), stride=(2, 2), padding=(1, 1))
    (bn9): BatchNorm2d(512, eps=1e-05, momentum=0.1, affine=True, track_running_stats=True)
    (deconv3): ConvTranspose2d(1024, 256, kernel_size=(4, 4), stride=(2, 2), padding=(1, 1))
    (bn10): BatchNorm2d(256, eps=1e-05, momentum=0.1, affine=True, track_running_stats=True)
    (deconv4): ConvTranspose2d(512, 128, kernel_size=(4, 4), stride=(2, 2), padding=(1, 1))
    (bn11): BatchNorm2d(128, eps=1e-05, momentum=0.1, affine=True, track_running_stats=True)
    (deconv5): ConvTranspose2d(256, 64, kernel_size=(4, 4), stride=(2, 2), padding=(1, 1))
    (bn12): BatchNorm2d(64, eps=1e-05, momentum=0.1, affine=True, track_running_stats=True)
    (deconv6): ConvTranspose2d(128, 64, kernel_size=(4, 4), stride=(2, 2), padding=(1, 1))
    (bn13): BatchNorm2d(64, eps=1e-05, momentum=0.1, affine=True, track_running_stats=True)
    (final_conv): Conv2d(128, 2, kernel_size=(1, 1), stride=(1, 1))
  )
  (discriminator): Discriminator(
    (conv1): Conv2d(3, 64, kernel_size=(4, 4), stride=(2, 2), padding=(1, 1))
    (conv2): Conv2d(64, 128, kernel_size=(4, 4), stride=(2, 2), padding=(1, 1))
    (bn2): BatchNorm2d(128, eps=1e-05, momentum=0.1, affine=True, track_running_stats=True)
    (conv3): Conv2d(128, 256, kernel_size=(4, 4), stride=(2, 2), padding=(1, 1))
    (bn3): BatchNorm2d(256, eps=1e-05, momentum=0.1, affine=True, track_running_stats=True)
    (conv4): Conv2d(256, 512, kernel_size=(4, 4), stride=(2, 2), padding=(1, 1))
    (bn4): BatchNorm2d(512, eps=1e-05, momentum=0.1, affine=True, track_running_stats=True)
    (conv5): Conv2d(512, 512, kernel_size=(4, 4), stride=(2, 2), padding=(1, 1))
    (bn5): BatchNorm2d(512, eps=1e-05, momentum=0.1, affine=True, track_running_stats=True)
    (conv6): Conv2d(512, 1, kernel_size=(7, 7), stride=(1, 1))
  )
  (l1_loss): L1Loss()
  (BCE_loss): BCEWithLogitsLoss()
)
2025-02-19 21:36:45,006 INFO: Generator parameters: 29,437,122
2025-02-19 21:36:45,006 INFO: Discriminator parameters: 6,979,265
2025-02-19 21:37:29,965 INFO: Epoch 001/20 | Train Loss: 9.7652 | Train Acc: 10.94% | Val Loss: 0.0994 | Val Acc: 10.67%
2025-02-19 21:39:43,204 INFO: Configuration:
2025-02-19 21:39:43,204 INFO: IMG_SIZE: 224, BATCH_SIZE: 50, LR: 0.0002, EPOCHS: 20
2025-02-19 21:39:43,205 INFO: Device: cuda
2025-02-19 21:39:43,336 INFO: Target class: fox, Train samples: 4549, Val samples: 1299
2025-02-19 21:39:43,734 INFO: Model architecture:
ColorizationGAN(
  (generator): GeneratorUnet(
    (conv1): Conv2d(1, 64, kernel_size=(3, 3), stride=(1, 1), padding=(1, 1))
    (conv2): Conv2d(64, 64, kernel_size=(4, 4), stride=(2, 2), padding=(1, 1))
    (bn2): BatchNorm2d(64, eps=1e-05, momentum=0.1, affine=True, track_running_stats=True)
    (conv3): Conv2d(64, 128, kernel_size=(4, 4), stride=(2, 2), padding=(1, 1))
    (bn3): BatchNorm2d(128, eps=1e-05, momentum=0.1, affine=True, track_running_stats=True)
    (conv4): Conv2d(128, 256, kernel_size=(4, 4), stride=(2, 2), padding=(1, 1))
    (bn4): BatchNorm2d(256, eps=1e-05, momentum=0.1, affine=True, track_running_stats=True)
    (conv5): Conv2d(256, 512, kernel_size=(4, 4), stride=(2, 2), padding=(1, 1))
    (bn5): BatchNorm2d(512, eps=1e-05, momentum=0.1, affine=True, track_running_stats=True)
    (conv6): Conv2d(512, 512, kernel_size=(4, 4), stride=(2, 2), padding=(1, 1))
    (bn6): BatchNorm2d(512, eps=1e-05, momentum=0.1, affine=True, track_running_stats=True)
    (conv7): Conv2d(512, 512, kernel_size=(4, 4), stride=(2, 2), padding=(1, 1))
    (bn7): BatchNorm2d(512, eps=1e-05, momentum=0.1, affine=True, track_running_stats=True)
    (deconv1): ConvTranspose2d(512, 512, kernel_size=(4, 4), stride=(2, 2), padding=(1, 1), output_padding=(1, 1))
    (bn8): BatchNorm2d(512, eps=1e-05, momentum=0.1, affine=True, track_running_stats=True)
    (deconv2): ConvTranspose2d(1024, 512, kernel_size=(4, 4), stride=(2, 2), padding=(1, 1))
    (bn9): BatchNorm2d(512, eps=1e-05, momentum=0.1, affine=True, track_running_stats=True)
    (deconv3): ConvTranspose2d(1024, 256, kernel_size=(4, 4), stride=(2, 2), padding=(1, 1))
    (bn10): BatchNorm2d(256, eps=1e-05, momentum=0.1, affine=True, track_running_stats=True)
    (deconv4): ConvTranspose2d(512, 128, kernel_size=(4, 4), stride=(2, 2), padding=(1, 1))
    (bn11): BatchNorm2d(128, eps=1e-05, momentum=0.1, affine=True, track_running_stats=True)
    (deconv5): ConvTranspose2d(256, 64, kernel_size=(4, 4), stride=(2, 2), padding=(1, 1))
    (bn12): BatchNorm2d(64, eps=1e-05, momentum=0.1, affine=True, track_running_stats=True)
    (deconv6): ConvTranspose2d(128, 64, kernel_size=(4, 4), stride=(2, 2), padding=(1, 1))
    (bn13): BatchNorm2d(64, eps=1e-05, momentum=0.1, affine=True, track_running_stats=True)
    (final_conv): Conv2d(128, 2, kernel_size=(1, 1), stride=(1, 1))
  )
  (discriminator): Discriminator(
    (conv1): Conv2d(3, 64, kernel_size=(4, 4), stride=(2, 2), padding=(1, 1))
    (conv2): Conv2d(64, 128, kernel_size=(4, 4), stride=(2, 2), padding=(1, 1))
    (bn2): BatchNorm2d(128, eps=1e-05, momentum=0.1, affine=True, track_running_stats=True)
    (conv3): Conv2d(128, 256, kernel_size=(4, 4), stride=(2, 2), padding=(1, 1))
    (bn3): BatchNorm2d(256, eps=1e-05, momentum=0.1, affine=True, track_running_stats=True)
    (conv4): Conv2d(256, 512, kernel_size=(4, 4), stride=(2, 2), padding=(1, 1))
    (bn4): BatchNorm2d(512, eps=1e-05, momentum=0.1, affine=True, track_running_stats=True)
    (conv5): Conv2d(512, 512, kernel_size=(4, 4), stride=(2, 2), padding=(1, 1))
    (bn5): BatchNorm2d(512, eps=1e-05, momentum=0.1, affine=True, track_running_stats=True)
    (conv6): Conv2d(512, 1, kernel_size=(7, 7), stride=(1, 1))
  )
  (l1_loss): L1Loss()
  (BCE_loss): BCEWithLogitsLoss()
)
2025-02-19 21:39:43,735 INFO: Generator parameters: 29,437,122
2025-02-19 21:39:43,735 INFO: Discriminator parameters: 6,979,265
2025-02-19 21:40:27,685 INFO: Epoch 001/20 | Train Loss: 9.7689 | Train Acc: 10.95% | Val Loss: 0.1012 | Val Acc: 7.94%
2025-02-19 21:42:52,315 INFO: Configuration:
2025-02-19 21:42:52,315 INFO: IMG_SIZE: 224, BATCH_SIZE: 50, LR: 0.0002, EPOCHS: 20
2025-02-19 21:42:52,316 INFO: Device: cuda
2025-02-19 21:42:52,441 INFO: Target class: fox, Train samples: 4549, Val samples: 1299
2025-02-19 21:42:52,671 INFO: Model architecture:
ColorizationGAN(
  (generator): GeneratorUnet(
    (conv1): Conv2d(1, 64, kernel_size=(3, 3), stride=(1, 1), padding=(1, 1))
    (conv2): Conv2d(64, 64, kernel_size=(4, 4), stride=(2, 2), padding=(1, 1))
    (bn2): BatchNorm2d(64, eps=1e-05, momentum=0.1, affine=True, track_running_stats=True)
    (conv3): Conv2d(64, 128, kernel_size=(4, 4), stride=(2, 2), padding=(1, 1))
    (bn3): BatchNorm2d(128, eps=1e-05, momentum=0.1, affine=True, track_running_stats=True)
    (conv4): Conv2d(128, 256, kernel_size=(4, 4), stride=(2, 2), padding=(1, 1))
    (bn4): BatchNorm2d(256, eps=1e-05, momentum=0.1, affine=True, track_running_stats=True)
    (conv5): Conv2d(256, 512, kernel_size=(4, 4), stride=(2, 2), padding=(1, 1))
    (bn5): BatchNorm2d(512, eps=1e-05, momentum=0.1, affine=True, track_running_stats=True)
    (conv6): Conv2d(512, 512, kernel_size=(4, 4), stride=(2, 2), padding=(1, 1))
    (bn6): BatchNorm2d(512, eps=1e-05, momentum=0.1, affine=True, track_running_stats=True)
    (conv7): Conv2d(512, 512, kernel_size=(4, 4), stride=(2, 2), padding=(1, 1))
    (bn7): BatchNorm2d(512, eps=1e-05, momentum=0.1, affine=True, track_running_stats=True)
    (deconv1): ConvTranspose2d(512, 512, kernel_size=(4, 4), stride=(2, 2), padding=(1, 1), output_padding=(1, 1))
    (bn8): BatchNorm2d(512, eps=1e-05, momentum=0.1, affine=True, track_running_stats=True)
    (deconv2): ConvTranspose2d(1024, 512, kernel_size=(4, 4), stride=(2, 2), padding=(1, 1))
    (bn9): BatchNorm2d(512, eps=1e-05, momentum=0.1, affine=True, track_running_stats=True)
    (deconv3): ConvTranspose2d(1024, 256, kernel_size=(4, 4), stride=(2, 2), padding=(1, 1))
    (bn10): BatchNorm2d(256, eps=1e-05, momentum=0.1, affine=True, track_running_stats=True)
    (deconv4): ConvTranspose2d(512, 128, kernel_size=(4, 4), stride=(2, 2), padding=(1, 1))
    (bn11): BatchNorm2d(128, eps=1e-05, momentum=0.1, affine=True, track_running_stats=True)
    (deconv5): ConvTranspose2d(256, 64, kernel_size=(4, 4), stride=(2, 2), padding=(1, 1))
    (bn12): BatchNorm2d(64, eps=1e-05, momentum=0.1, affine=True, track_running_stats=True)
    (deconv6): ConvTranspose2d(128, 64, kernel_size=(4, 4), stride=(2, 2), padding=(1, 1))
    (bn13): BatchNorm2d(64, eps=1e-05, momentum=0.1, affine=True, track_running_stats=True)
    (final_conv): Conv2d(128, 2, kernel_size=(1, 1), stride=(1, 1))
  )
  (discriminator): Discriminator(
    (conv1): Conv2d(3, 64, kernel_size=(4, 4), stride=(2, 2), padding=(1, 1))
    (conv2): Conv2d(64, 128, kernel_size=(4, 4), stride=(2, 2), padding=(1, 1))
    (bn2): BatchNorm2d(128, eps=1e-05, momentum=0.1, affine=True, track_running_stats=True)
    (conv3): Conv2d(128, 256, kernel_size=(4, 4), stride=(2, 2), padding=(1, 1))
    (bn3): BatchNorm2d(256, eps=1e-05, momentum=0.1, affine=True, track_running_stats=True)
    (conv4): Conv2d(256, 512, kernel_size=(4, 4), stride=(2, 2), padding=(1, 1))
    (bn4): BatchNorm2d(512, eps=1e-05, momentum=0.1, affine=True, track_running_stats=True)
    (conv5): Conv2d(512, 512, kernel_size=(4, 4), stride=(2, 2), padding=(1, 1))
    (bn5): BatchNorm2d(512, eps=1e-05, momentum=0.1, affine=True, track_running_stats=True)
    (conv6): Conv2d(512, 1, kernel_size=(7, 7), stride=(1, 1))
  )
  (l1_loss): L1Loss()
  (BCE_loss): BCEWithLogitsLoss()
)
2025-02-19 21:42:52,672 INFO: Generator parameters: 29,437,122
2025-02-19 21:42:52,672 INFO: Discriminator parameters: 6,979,265
2025-02-19 21:43:37,675 INFO: Epoch 001/20 | Train Loss: 9.7534 | Train Acc: 10.99% | Val Loss: 0.0859 | Val Acc: 11.47%
2025-02-19 21:43:38,261 INFO: Saved model and history to:
/media/Ittwin/E/_uni/DL_Project/tiger-fox-elephant/weights/fox_cDCGAN_best_model.pth
/media/Ittwin/E/_uni/DL_Project/tiger-fox-elephant/weights/fox_cDCGAN_best_history.npz
2025-02-19 21:43:38,261 INFO: New best model - Val Acc: 11.47%, Val Loss: 0.0859
2025-02-19 21:44:21,935 INFO: Epoch 002/20 | Train Loss: 9.5582 | Train Acc: 12.83% | Val Loss: 0.0835 | Val Acc: 14.21%
2025-02-19 21:44:22,370 INFO: Saved model and history to:
/media/Ittwin/E/_uni/DL_Project/tiger-fox-elephant/weights/fox_cDCGAN_best_model.pth
/media/Ittwin/E/_uni/DL_Project/tiger-fox-elephant/weights/fox_cDCGAN_best_history.npz
2025-02-19 21:44:22,371 INFO: New best model - Val Acc: 14.21%, Val Loss: 0.0835
2025-02-19 21:45:05,272 INFO: Epoch 003/20 | Train Loss: 9.5567 | Train Acc: 14.56% | Val Loss: 0.0787 | Val Acc: 17.43%
2025-02-19 21:45:05,777 INFO: Saved model and history to:
/media/Ittwin/E/_uni/DL_Project/tiger-fox-elephant/weights/fox_cDCGAN_best_model.pth
/media/Ittwin/E/_uni/DL_Project/tiger-fox-elephant/weights/fox_cDCGAN_best_history.npz
2025-02-19 21:45:05,778 INFO: New best model - Val Acc: 17.43%, Val Loss: 0.0787
2025-02-19 21:45:48,670 INFO: Epoch 004/20 | Train Loss: 9.5668 | Train Acc: 14.89% | Val Loss: 0.0927 | Val Acc: 14.19%
2025-02-19 21:46:31,591 INFO: Epoch 005/20 | Train Loss: 9.5266 | Train Acc: 15.62% | Val Loss: 0.0928 | Val Acc: 11.50%
2025-02-19 21:47:14,308 INFO: Epoch 006/20 | Train Loss: 9.4622 | Train Acc: 16.82% | Val Loss: 0.0830 | Val Acc: 14.57%
2025-02-19 21:47:57,730 INFO: Epoch 007/20 | Train Loss: 9.2762 | Train Acc: 17.41% | Val Loss: 0.0881 | Val Acc: 13.02%
2025-02-19 21:48:41,858 INFO: Epoch 008/20 | Train Loss: 9.2223 | Train Acc: 18.08% | Val Loss: 0.0817 | Val Acc: 13.37%
2025-02-19 21:49:25,650 INFO: Epoch 009/20 | Train Loss: 9.0434 | Train Acc: 18.39% | Val Loss: 0.0848 | Val Acc: 15.78%
2025-02-19 21:50:09,336 INFO: Epoch 010/20 | Train Loss: 8.9734 | Train Acc: 19.07% | Val Loss: 0.0786 | Val Acc: 18.44%
2025-02-19 21:50:09,941 INFO: Saved model and history to:
/media/Ittwin/E/_uni/DL_Project/tiger-fox-elephant/weights/fox_cDCGAN_best_model.pth
/media/Ittwin/E/_uni/DL_Project/tiger-fox-elephant/weights/fox_cDCGAN_best_history.npz
2025-02-19 21:50:09,942 INFO: New best model - Val Acc: 18.44%, Val Loss: 0.0786
2025-02-19 21:50:54,289 INFO: Epoch 011/20 | Train Loss: 8.7834 | Train Acc: 19.32% | Val Loss: 0.0730 | Val Acc: 21.01%
2025-02-19 21:50:54,904 INFO: Saved model and history to:
/media/Ittwin/E/_uni/DL_Project/tiger-fox-elephant/weights/fox_cDCGAN_best_model.pth
/media/Ittwin/E/_uni/DL_Project/tiger-fox-elephant/weights/fox_cDCGAN_best_history.npz
2025-02-19 21:50:54,905 INFO: New best model - Val Acc: 21.01%, Val Loss: 0.0730
2025-02-19 21:51:38,793 INFO: Epoch 012/20 | Train Loss: 8.6502 | Train Acc: 20.42% | Val Loss: 0.0727 | Val Acc: 22.35%
2025-02-19 21:51:39,327 INFO: Saved model and history to:
/media/Ittwin/E/_uni/DL_Project/tiger-fox-elephant/weights/fox_cDCGAN_best_model.pth
/media/Ittwin/E/_uni/DL_Project/tiger-fox-elephant/weights/fox_cDCGAN_best_history.npz
2025-02-19 21:51:39,328 INFO: New best model - Val Acc: 22.35%, Val Loss: 0.0727
2025-02-19 21:52:22,659 INFO: Epoch 013/20 | Train Loss: 8.4460 | Train Acc: 21.15% | Val Loss: 0.0755 | Val Acc: 17.75%
2025-02-19 21:53:06,672 INFO: Epoch 014/20 | Train Loss: 8.2425 | Train Acc: 22.07% | Val Loss: 0.0771 | Val Acc: 21.95%
2025-02-19 21:53:50,535 INFO: Epoch 015/20 | Train Loss: 8.0504 | Train Acc: 22.38% | Val Loss: 0.0700 | Val Acc: 24.31%
2025-02-19 21:53:51,095 INFO: Saved model and history to:
/media/Ittwin/E/_uni/DL_Project/tiger-fox-elephant/weights/fox_cDCGAN_best_model.pth
/media/Ittwin/E/_uni/DL_Project/tiger-fox-elephant/weights/fox_cDCGAN_best_history.npz
2025-02-19 21:53:51,096 INFO: New best model - Val Acc: 24.31%, Val Loss: 0.0700
2025-02-19 21:54:35,083 INFO: Epoch 016/20 | Train Loss: 7.8418 | Train Acc: 22.83% | Val Loss: 0.0693 | Val Acc: 24.94%
2025-02-19 21:54:35,746 INFO: Saved model and history to:
/media/Ittwin/E/_uni/DL_Project/tiger-fox-elephant/weights/fox_cDCGAN_best_model.pth
/media/Ittwin/E/_uni/DL_Project/tiger-fox-elephant/weights/fox_cDCGAN_best_history.npz
2025-02-19 21:54:35,747 INFO: New best model - Val Acc: 24.94%, Val Loss: 0.0693
2025-02-19 21:55:20,267 INFO: Epoch 017/20 | Train Loss: 7.6259 | Train Acc: 23.62% | Val Loss: 0.0773 | Val Acc: 18.82%
2025-02-19 21:56:01,328 INFO: Epoch 018/20 | Train Loss: 7.4119 | Train Acc: 24.23% | Val Loss: 0.0711 | Val Acc: 22.40%
2025-02-19 21:56:45,484 INFO: Epoch 019/20 | Train Loss: 7.1559 | Train Acc: 25.23% | Val Loss: 0.0710 | Val Acc: 23.71%
2025-02-19 21:57:30,075 INFO: Epoch 020/20 | Train Loss: 6.9638 | Train Acc: 25.94% | Val Loss: 0.0696 | Val Acc: 22.30%
2025-02-19 21:57:31,655 INFO: Saved model and history to:
/media/Ittwin/E/_uni/DL_Project/tiger-fox-elephant/weights/fox_unet+cGAn_model.pth
/media/Ittwin/E/_uni/DL_Project/tiger-fox-elephant/weights/fox_unet+cGAn_history.npz
2025-02-19 21:58:55,354 INFO: Configuration:
2025-02-19 21:58:55,354 INFO: IMG_SIZE: 224, BATCH_SIZE: 50, LR: 0.0002, EPOCHS: 40
2025-02-19 21:58:55,355 INFO: Device: cuda
2025-02-19 21:59:16,375 INFO: Configuration:
2025-02-19 21:59:16,376 INFO: IMG_SIZE: 224, BATCH_SIZE: 50, LR: 0.0002, EPOCHS: 40
2025-02-19 21:59:16,376 INFO: Device: cuda
2025-02-19 21:59:25,251 INFO: Target class: fox, Train samples: 4549, Val samples: 1299
2025-02-19 22:00:23,388 INFO: Target class: fox, Train samples: 4549, Val samples: 1299
2025-02-19 22:00:47,698 INFO: Target class: fox, Train samples: 4549, Val samples: 1299
2025-02-19 22:00:47,891 INFO: Loaded pretrained weights from /media/Ittwin/E/_uni/DL_Project/tiger-fox-elephant/weights/fox_unet+cGAn_model.pth
2025-02-19 22:00:47,891 INFO: Model architecture:
ColorizationGAN(
  (generator): GeneratorUnet(
    (conv1): Conv2d(1, 64, kernel_size=(3, 3), stride=(1, 1), padding=(1, 1))
    (conv2): Conv2d(64, 64, kernel_size=(4, 4), stride=(2, 2), padding=(1, 1))
    (bn2): BatchNorm2d(64, eps=1e-05, momentum=0.1, affine=True, track_running_stats=True)
    (conv3): Conv2d(64, 128, kernel_size=(4, 4), stride=(2, 2), padding=(1, 1))
    (bn3): BatchNorm2d(128, eps=1e-05, momentum=0.1, affine=True, track_running_stats=True)
    (conv4): Conv2d(128, 256, kernel_size=(4, 4), stride=(2, 2), padding=(1, 1))
    (bn4): BatchNorm2d(256, eps=1e-05, momentum=0.1, affine=True, track_running_stats=True)
    (conv5): Conv2d(256, 512, kernel_size=(4, 4), stride=(2, 2), padding=(1, 1))
    (bn5): BatchNorm2d(512, eps=1e-05, momentum=0.1, affine=True, track_running_stats=True)
    (conv6): Conv2d(512, 512, kernel_size=(4, 4), stride=(2, 2), padding=(1, 1))
    (bn6): BatchNorm2d(512, eps=1e-05, momentum=0.1, affine=True, track_running_stats=True)
    (conv7): Conv2d(512, 512, kernel_size=(4, 4), stride=(2, 2), padding=(1, 1))
    (bn7): BatchNorm2d(512, eps=1e-05, momentum=0.1, affine=True, track_running_stats=True)
    (deconv1): ConvTranspose2d(512, 512, kernel_size=(4, 4), stride=(2, 2), padding=(1, 1), output_padding=(1, 1))
    (bn8): BatchNorm2d(512, eps=1e-05, momentum=0.1, affine=True, track_running_stats=True)
    (deconv2): ConvTranspose2d(1024, 512, kernel_size=(4, 4), stride=(2, 2), padding=(1, 1))
    (bn9): BatchNorm2d(512, eps=1e-05, momentum=0.1, affine=True, track_running_stats=True)
    (deconv3): ConvTranspose2d(1024, 256, kernel_size=(4, 4), stride=(2, 2), padding=(1, 1))
    (bn10): BatchNorm2d(256, eps=1e-05, momentum=0.1, affine=True, track_running_stats=True)
    (deconv4): ConvTranspose2d(512, 128, kernel_size=(4, 4), stride=(2, 2), padding=(1, 1))
    (bn11): BatchNorm2d(128, eps=1e-05, momentum=0.1, affine=True, track_running_stats=True)
    (deconv5): ConvTranspose2d(256, 64, kernel_size=(4, 4), stride=(2, 2), padding=(1, 1))
    (bn12): BatchNorm2d(64, eps=1e-05, momentum=0.1, affine=True, track_running_stats=True)
    (deconv6): ConvTranspose2d(128, 64, kernel_size=(4, 4), stride=(2, 2), padding=(1, 1))
    (bn13): BatchNorm2d(64, eps=1e-05, momentum=0.1, affine=True, track_running_stats=True)
    (final_conv): Conv2d(128, 2, kernel_size=(1, 1), stride=(1, 1))
  )
  (discriminator): Discriminator(
    (conv1): Conv2d(3, 64, kernel_size=(4, 4), stride=(2, 2), padding=(1, 1))
    (conv2): Conv2d(64, 128, kernel_size=(4, 4), stride=(2, 2), padding=(1, 1))
    (bn2): BatchNorm2d(128, eps=1e-05, momentum=0.1, affine=True, track_running_stats=True)
    (conv3): Conv2d(128, 256, kernel_size=(4, 4), stride=(2, 2), padding=(1, 1))
    (bn3): BatchNorm2d(256, eps=1e-05, momentum=0.1, affine=True, track_running_stats=True)
    (conv4): Conv2d(256, 512, kernel_size=(4, 4), stride=(2, 2), padding=(1, 1))
    (bn4): BatchNorm2d(512, eps=1e-05, momentum=0.1, affine=True, track_running_stats=True)
    (conv5): Conv2d(512, 512, kernel_size=(4, 4), stride=(2, 2), padding=(1, 1))
    (bn5): BatchNorm2d(512, eps=1e-05, momentum=0.1, affine=True, track_running_stats=True)
    (conv6): Conv2d(512, 1, kernel_size=(7, 7), stride=(1, 1))
  )
  (l1_loss): L1Loss()
  (BCE_loss): BCEWithLogitsLoss()
)
2025-02-19 22:00:47,892 INFO: Generator parameters: 29,437,122
2025-02-19 22:00:47,892 INFO: Discriminator parameters: 6,979,265
2025-02-19 22:01:31,825 INFO: Epoch 001/40 | Train Loss: 6.7739 | Train Acc: 25.52% | Val Loss: 0.0650 | Val Acc: 25.49%
2025-02-19 22:01:32,343 INFO: Saved model and history to:
/media/Ittwin/E/_uni/DL_Project/tiger-fox-elephant/weights/fox_cDCGAN_best_model.pth
/media/Ittwin/E/_uni/DL_Project/tiger-fox-elephant/weights/fox_cDCGAN_best_history.npz
2025-02-19 22:01:32,343 INFO: New best model - Val Acc: 25.49%, Val Loss: 0.0650
2025-02-19 22:02:15,134 INFO: Epoch 002/40 | Train Loss: 6.5647 | Train Acc: 27.35% | Val Loss: 0.0647 | Val Acc: 25.18%
2025-02-19 22:02:58,019 INFO: Epoch 003/40 | Train Loss: 6.4360 | Train Acc: 28.15% | Val Loss: 0.0638 | Val Acc: 25.97%
2025-02-19 22:02:58,680 INFO: Saved model and history to:
/media/Ittwin/E/_uni/DL_Project/tiger-fox-elephant/weights/fox_cDCGAN_best_model.pth
/media/Ittwin/E/_uni/DL_Project/tiger-fox-elephant/weights/fox_cDCGAN_best_history.npz
2025-02-19 22:02:58,680 INFO: New best model - Val Acc: 25.97%, Val Loss: 0.0638
2025-02-19 22:03:41,318 INFO: Epoch 004/40 | Train Loss: 6.2781 | Train Acc: 29.10% | Val Loss: 0.0628 | Val Acc: 25.74%
2025-02-19 22:04:24,343 INFO: Epoch 005/40 | Train Loss: 6.1817 | Train Acc: 29.75% | Val Loss: 0.0621 | Val Acc: 27.20%
2025-02-19 22:04:24,994 INFO: Saved model and history to:
/media/Ittwin/E/_uni/DL_Project/tiger-fox-elephant/weights/fox_cDCGAN_best_model.pth
/media/Ittwin/E/_uni/DL_Project/tiger-fox-elephant/weights/fox_cDCGAN_best_history.npz
2025-02-19 22:04:24,994 INFO: New best model - Val Acc: 27.20%, Val Loss: 0.0621
2025-02-19 22:05:08,081 INFO: Epoch 006/40 | Train Loss: 6.0445 | Train Acc: 30.46% | Val Loss: 0.0618 | Val Acc: 27.23%
2025-02-19 22:05:08,709 INFO: Saved model and history to:
/media/Ittwin/E/_uni/DL_Project/tiger-fox-elephant/weights/fox_cDCGAN_best_model.pth
/media/Ittwin/E/_uni/DL_Project/tiger-fox-elephant/weights/fox_cDCGAN_best_history.npz
2025-02-19 22:05:08,709 INFO: New best model - Val Acc: 27.23%, Val Loss: 0.0618
2025-02-19 22:05:51,701 INFO: Epoch 007/40 | Train Loss: 5.9506 | Train Acc: 31.28% | Val Loss: 0.0617 | Val Acc: 27.92%
2025-02-19 22:05:52,080 INFO: Saved model and history to:
/media/Ittwin/E/_uni/DL_Project/tiger-fox-elephant/weights/fox_cDCGAN_best_model.pth
/media/Ittwin/E/_uni/DL_Project/tiger-fox-elephant/weights/fox_cDCGAN_best_history.npz
2025-02-19 22:05:52,081 INFO: New best model - Val Acc: 27.92%, Val Loss: 0.0617
2025-02-19 22:06:34,897 INFO: Epoch 008/40 | Train Loss: 5.8624 | Train Acc: 32.17% | Val Loss: 0.0604 | Val Acc: 28.38%
2025-02-19 22:06:35,375 INFO: Saved model and history to:
/media/Ittwin/E/_uni/DL_Project/tiger-fox-elephant/weights/fox_cDCGAN_best_model.pth
/media/Ittwin/E/_uni/DL_Project/tiger-fox-elephant/weights/fox_cDCGAN_best_history.npz
2025-02-19 22:06:35,376 INFO: New best model - Val Acc: 28.38%, Val Loss: 0.0604
2025-02-19 22:07:18,288 INFO: Epoch 009/40 | Train Loss: 5.7790 | Train Acc: 32.56% | Val Loss: 0.0604 | Val Acc: 28.26%
2025-02-19 22:08:02,354 INFO: Epoch 010/40 | Train Loss: 5.6970 | Train Acc: 33.49% | Val Loss: 0.0588 | Val Acc: 28.54%
2025-02-19 22:08:02,911 INFO: Saved model and history to:
/media/Ittwin/E/_uni/DL_Project/tiger-fox-elephant/weights/fox_cDCGAN_best_model.pth
/media/Ittwin/E/_uni/DL_Project/tiger-fox-elephant/weights/fox_cDCGAN_best_history.npz
2025-02-19 22:08:02,912 INFO: New best model - Val Acc: 28.54%, Val Loss: 0.0588
2025-02-19 22:08:45,840 INFO: Epoch 011/40 | Train Loss: 5.6488 | Train Acc: 33.60% | Val Loss: 0.0614 | Val Acc: 27.50%
2025-02-19 22:09:29,068 INFO: Epoch 012/40 | Train Loss: 5.5662 | Train Acc: 34.34% | Val Loss: 0.0603 | Val Acc: 26.33%
2025-02-19 22:10:11,898 INFO: Epoch 013/40 | Train Loss: 5.4992 | Train Acc: 34.95% | Val Loss: 0.0582 | Val Acc: 28.35%
2025-02-19 22:10:54,459 INFO: Epoch 014/40 | Train Loss: 5.5020 | Train Acc: 35.17% | Val Loss: 0.0600 | Val Acc: 28.39%
2025-02-19 22:11:37,378 INFO: Epoch 015/40 | Train Loss: 5.4323 | Train Acc: 35.86% | Val Loss: 0.0587 | Val Acc: 29.28%
2025-02-19 22:11:37,964 INFO: Saved model and history to:
/media/Ittwin/E/_uni/DL_Project/tiger-fox-elephant/weights/fox_cDCGAN_best_model.pth
/media/Ittwin/E/_uni/DL_Project/tiger-fox-elephant/weights/fox_cDCGAN_best_history.npz
2025-02-19 22:11:37,965 INFO: New best model - Val Acc: 29.28%, Val Loss: 0.0587
2025-02-19 22:12:21,095 INFO: Epoch 016/40 | Train Loss: 5.3687 | Train Acc: 36.29% | Val Loss: 0.0600 | Val Acc: 28.33%
2025-02-19 22:13:05,420 INFO: Epoch 017/40 | Train Loss: 5.3709 | Train Acc: 36.38% | Val Loss: 0.0599 | Val Acc: 28.73%
2025-02-19 22:13:48,321 INFO: Epoch 018/40 | Train Loss: 5.3044 | Train Acc: 37.05% | Val Loss: 0.0586 | Val Acc: 29.40%
2025-02-19 22:13:48,897 INFO: Saved model and history to:
/media/Ittwin/E/_uni/DL_Project/tiger-fox-elephant/weights/fox_cDCGAN_best_model.pth
/media/Ittwin/E/_uni/DL_Project/tiger-fox-elephant/weights/fox_cDCGAN_best_history.npz
2025-02-19 22:13:48,897 INFO: New best model - Val Acc: 29.40%, Val Loss: 0.0586
2025-02-19 22:14:31,633 INFO: Epoch 019/40 | Train Loss: 5.2842 | Train Acc: 37.22% | Val Loss: 0.0590 | Val Acc: 29.12%
2025-02-19 22:15:14,582 INFO: Epoch 020/40 | Train Loss: 5.2245 | Train Acc: 37.95% | Val Loss: 0.0572 | Val Acc: 30.36%
2025-02-19 22:15:15,200 INFO: Saved model and history to:
/media/Ittwin/E/_uni/DL_Project/tiger-fox-elephant/weights/fox_cDCGAN_best_model.pth
/media/Ittwin/E/_uni/DL_Project/tiger-fox-elephant/weights/fox_cDCGAN_best_history.npz
2025-02-19 22:15:15,201 INFO: New best model - Val Acc: 30.36%, Val Loss: 0.0572
2025-02-19 22:15:15,201 INFO: Learning rate decayed at epoch 21
2025-02-19 22:15:58,202 INFO: Epoch 021/40 | Train Loss: 4.8898 | Train Acc: 40.62% | Val Loss: 0.0553 | Val Acc: 31.56%
2025-02-19 22:15:58,846 INFO: Saved model and history to:
/media/Ittwin/E/_uni/DL_Project/tiger-fox-elephant/weights/fox_cDCGAN_best_model.pth
/media/Ittwin/E/_uni/DL_Project/tiger-fox-elephant/weights/fox_cDCGAN_best_history.npz
2025-02-19 22:15:58,846 INFO: New best model - Val Acc: 31.56%, Val Loss: 0.0553
2025-02-19 22:16:41,980 INFO: Epoch 022/40 | Train Loss: 4.8192 | Train Acc: 41.67% | Val Loss: 0.0550 | Val Acc: 31.78%
2025-02-19 22:16:42,418 INFO: Saved model and history to:
/media/Ittwin/E/_uni/DL_Project/tiger-fox-elephant/weights/fox_cDCGAN_best_model.pth
/media/Ittwin/E/_uni/DL_Project/tiger-fox-elephant/weights/fox_cDCGAN_best_history.npz
2025-02-19 22:16:42,418 INFO: New best model - Val Acc: 31.78%, Val Loss: 0.0550
2025-02-19 22:17:25,527 INFO: Epoch 023/40 | Train Loss: 4.7818 | Train Acc: 41.89% | Val Loss: 0.0547 | Val Acc: 32.09%
2025-02-19 22:17:25,957 INFO: Saved model and history to:
/media/Ittwin/E/_uni/DL_Project/tiger-fox-elephant/weights/fox_cDCGAN_best_model.pth
/media/Ittwin/E/_uni/DL_Project/tiger-fox-elephant/weights/fox_cDCGAN_best_history.npz
2025-02-19 22:17:25,957 INFO: New best model - Val Acc: 32.09%, Val Loss: 0.0547
2025-02-19 22:18:09,623 INFO: Epoch 024/40 | Train Loss: 4.7265 | Train Acc: 42.59% | Val Loss: 0.0549 | Val Acc: 31.79%
2025-02-19 22:18:54,075 INFO: Epoch 025/40 | Train Loss: 4.7159 | Train Acc: 42.56% | Val Loss: 0.0549 | Val Acc: 31.81%
2025-02-19 22:19:37,002 INFO: Epoch 026/40 | Train Loss: 4.6965 | Train Acc: 42.93% | Val Loss: 0.0547 | Val Acc: 31.99%
2025-02-19 22:20:19,966 INFO: Epoch 027/40 | Train Loss: 4.6900 | Train Acc: 42.95% | Val Loss: 0.0547 | Val Acc: 31.99%
2025-02-19 22:21:03,211 INFO: Epoch 028/40 | Train Loss: 4.6628 | Train Acc: 43.16% | Val Loss: 0.0547 | Val Acc: 32.08%
2025-02-19 22:21:45,932 INFO: Epoch 029/40 | Train Loss: 4.6505 | Train Acc: 43.26% | Val Loss: 0.0549 | Val Acc: 32.09%
2025-02-19 22:22:28,690 INFO: Epoch 030/40 | Train Loss: 4.6476 | Train Acc: 43.28% | Val Loss: 0.0545 | Val Acc: 31.95%
2025-02-19 22:23:11,541 INFO: Epoch 031/40 | Train Loss: 4.6339 | Train Acc: 43.41% | Val Loss: 0.0545 | Val Acc: 32.14%
2025-02-19 22:23:11,922 INFO: Saved model and history to:
/media/Ittwin/E/_uni/DL_Project/tiger-fox-elephant/weights/fox_cDCGAN_best_model.pth
/media/Ittwin/E/_uni/DL_Project/tiger-fox-elephant/weights/fox_cDCGAN_best_history.npz
2025-02-19 22:23:11,922 INFO: New best model - Val Acc: 32.14%, Val Loss: 0.0545
2025-02-19 22:23:54,789 INFO: Epoch 032/40 | Train Loss: 4.6284 | Train Acc: 43.45% | Val Loss: 0.0547 | Val Acc: 32.11%
2025-02-19 22:24:38,658 INFO: Epoch 033/40 | Train Loss: 4.6316 | Train Acc: 43.42% | Val Loss: 0.0546 | Val Acc: 31.89%
2025-02-19 22:25:21,671 INFO: Epoch 034/40 | Train Loss: 4.6037 | Train Acc: 43.81% | Val Loss: 0.0545 | Val Acc: 32.10%
2025-02-19 22:26:04,715 INFO: Epoch 035/40 | Train Loss: 4.6198 | Train Acc: 43.54% | Val Loss: 0.0547 | Val Acc: 32.05%
2025-02-19 22:26:47,835 INFO: Epoch 036/40 | Train Loss: 4.5833 | Train Acc: 44.02% | Val Loss: 0.0546 | Val Acc: 32.06%
2025-02-19 22:27:31,815 INFO: Epoch 037/40 | Train Loss: 4.5818 | Train Acc: 44.05% | Val Loss: 0.0543 | Val Acc: 31.95%
2025-02-19 22:28:15,337 INFO: Epoch 038/40 | Train Loss: 4.5819 | Train Acc: 44.00% | Val Loss: 0.0546 | Val Acc: 32.43%
2025-02-19 22:28:15,742 INFO: Saved model and history to:
/media/Ittwin/E/_uni/DL_Project/tiger-fox-elephant/weights/fox_cDCGAN_best_model.pth
/media/Ittwin/E/_uni/DL_Project/tiger-fox-elephant/weights/fox_cDCGAN_best_history.npz
2025-02-19 22:28:15,743 INFO: New best model - Val Acc: 32.43%, Val Loss: 0.0546
2025-02-19 22:28:58,627 INFO: Epoch 039/40 | Train Loss: 4.5940 | Train Acc: 43.91% | Val Loss: 0.0543 | Val Acc: 32.13%
2025-02-19 22:29:41,534 INFO: Epoch 040/40 | Train Loss: 4.5586 | Train Acc: 44.30% | Val Loss: 0.0544 | Val Acc: 32.00%
2025-02-19 22:29:42,830 INFO: Saved model and history to:
/media/Ittwin/E/_uni/DL_Project/tiger-fox-elephant/weights/fox_unet+cGAn_model.pth
/media/Ittwin/E/_uni/DL_Project/tiger-fox-elephant/weights/fox_unet+cGAn_history.npz
2025-02-19 22:32:19,940 INFO: Configuration:
2025-02-19 22:32:19,941 INFO: IMG_SIZE: 224, BATCH_SIZE: 50, LR: 0.0002, EPOCHS: 40
2025-02-19 22:32:19,941 INFO: Device: cuda
2025-02-19 22:40:02,442 INFO: Configuration:
2025-02-19 22:40:02,443 INFO: IMG_SIZE: 224, BATCH_SIZE: 50, LR: 0.0002, EPOCHS: 40
2025-02-19 22:40:02,443 INFO: Device: cuda
