2025-05-26 15:35:08,258 INFO: CFG img=224 batch=64 epochs=15 lr=0.001 device=cuda
2025-05-26 15:35:08,343 INFO: Class fox      | train  9098 | val  2600
2025-05-26 15:35:08,417 INFO: Architecture for fox:ImprovedBinaryCNN(
  (conv1): Conv2d(3, 32, kernel_size=(3, 3), stride=(1, 1), padding=(1, 1))
  (bn1): BatchNorm2d(32, eps=1e-05, momentum=0.1, affine=True, track_running_stats=True)
  (act1): LeakyReLU(negative_slope=0.1)
  (conv2): Conv2d(32, 64, kernel_size=(3, 3), stride=(1, 1), padding=(1, 1))
  (bn2): BatchNorm2d(64, eps=1e-05, momentum=0.1, affine=True, track_running_stats=True)
  (act2): LeakyReLU(negative_slope=0.1)
  (pool1): MaxPool2d(kernel_size=2, stride=2, padding=0, dilation=1, ceil_mode=False)
  (conv3): Conv2d(64, 128, kernel_size=(3, 3), stride=(1, 1), padding=(1, 1))
  (bn3): BatchNorm2d(128, eps=1e-05, momentum=0.1, affine=True, track_running_stats=True)
  (act3): LeakyReLU(negative_slope=0.1)
  (pool2): MaxPool2d(kernel_size=2, stride=2, padding=0, dilation=1, ceil_mode=False)
  (global_pool): AdaptiveAvgPool2d(output_size=1)
  (dropout): Dropout(p=0.5, inplace=False)
  (fc): Linear(in_features=128, out_features=1, bias=True)
)
2025-05-26 15:37:18,786 INFO: [fox] Ep 01/15 | Train loss=0.6616 acc=0.6095 | Val loss=0.6475 acc=0.6188 | time=130.4s | lr=1.000e-03
2025-05-26 15:39:30,663 INFO: [fox] Ep 02/15 | Train loss=0.6132 acc=0.6761 | Val loss=0.5804 acc=0.7073 | time=131.9s | lr=1.000e-03
2025-05-26 15:41:40,887 INFO: [fox] Ep 03/15 | Train loss=0.5692 acc=0.7158 | Val loss=0.5358 acc=0.7400 | time=130.2s | lr=1.000e-04
2025-05-26 15:43:49,106 INFO: [fox] Ep 04/15 | Train loss=0.5138 acc=0.7564 | Val loss=0.4970 acc=0.7758 | time=128.2s | lr=1.000e-04
2025-05-26 15:45:58,044 INFO: [fox] Ep 05/15 | Train loss=0.5015 acc=0.7695 | Val loss=0.4914 acc=0.7746 | time=128.9s | lr=1.000e-04
2025-05-26 15:48:02,598 INFO: [fox] Ep 06/15 | Train loss=0.4920 acc=0.7736 | Val loss=0.4789 acc=0.7788 | time=124.6s | lr=1.000e-05
2025-05-26 15:50:07,209 INFO: [fox] Ep 07/15 | Train loss=0.4834 acc=0.7786 | Val loss=0.4733 acc=0.7823 | time=124.6s | lr=1.000e-05
2025-05-26 15:52:13,596 INFO: [fox] Ep 08/15 | Train loss=0.4790 acc=0.7815 | Val loss=0.4726 acc=0.7823 | time=126.4s | lr=1.000e-05
2025-05-26 15:54:17,392 INFO: [fox] Ep 09/15 | Train loss=0.4795 acc=0.7796 | Val loss=0.4720 acc=0.7835 | time=123.8s | lr=1.000e-06
2025-05-26 15:56:23,030 INFO: [fox] Ep 10/15 | Train loss=0.4813 acc=0.7824 | Val loss=0.4727 acc=0.7869 | time=125.6s | lr=1.000e-06
2025-05-26 15:58:30,699 INFO: [fox] Ep 11/15 | Train loss=0.4790 acc=0.7820 | Val loss=0.4719 acc=0.7850 | time=127.7s | lr=1.000e-06
2025-05-26 16:00:34,565 INFO: [fox] Ep 12/15 | Train loss=0.4765 acc=0.7825 | Val loss=0.4721 acc=0.7808 | time=123.9s | lr=1.000e-07
2025-05-26 16:02:39,625 INFO: [fox] Ep 13/15 | Train loss=0.4769 acc=0.7851 | Val loss=0.4709 acc=0.7854 | time=125.1s | lr=1.000e-07
2025-05-26 16:04:43,135 INFO: [fox] Ep 14/15 | Train loss=0.4786 acc=0.7778 | Val loss=0.4706 acc=0.7865 | time=123.5s | lr=1.000e-07
2025-05-26 16:06:47,364 INFO: [fox] Ep 15/15 | Train loss=0.4789 acc=0.7834 | Val loss=0.4710 acc=0.7804 | time=124.2s | lr=1.000e-08
2025-05-26 16:06:52,807 INFO: Class tiger    | train  9766 | val  2790
2025-05-26 16:06:52,809 INFO: Architecture for tiger:ImprovedBinaryCNN(
  (conv1): Conv2d(3, 32, kernel_size=(3, 3), stride=(1, 1), padding=(1, 1))
  (bn1): BatchNorm2d(32, eps=1e-05, momentum=0.1, affine=True, track_running_stats=True)
  (act1): LeakyReLU(negative_slope=0.1)
  (conv2): Conv2d(32, 64, kernel_size=(3, 3), stride=(1, 1), padding=(1, 1))
  (bn2): BatchNorm2d(64, eps=1e-05, momentum=0.1, affine=True, track_running_stats=True)
  (act2): LeakyReLU(negative_slope=0.1)
  (pool1): MaxPool2d(kernel_size=2, stride=2, padding=0, dilation=1, ceil_mode=False)
  (conv3): Conv2d(64, 128, kernel_size=(3, 3), stride=(1, 1), padding=(1, 1))
  (bn3): BatchNorm2d(128, eps=1e-05, momentum=0.1, affine=True, track_running_stats=True)
  (act3): LeakyReLU(negative_slope=0.1)
  (pool2): MaxPool2d(kernel_size=2, stride=2, padding=0, dilation=1, ceil_mode=False)
  (global_pool): AdaptiveAvgPool2d(output_size=1)
  (dropout): Dropout(p=0.5, inplace=False)
  (fc): Linear(in_features=128, out_features=1, bias=True)
)
2025-05-26 16:09:01,041 INFO: [tiger] Ep 01/15 | Train loss=0.5408 acc=0.7289 | Val loss=0.5058 acc=0.7505 | time=128.2s | lr=1.000e-03
2025-05-26 16:11:09,182 INFO: [tiger] Ep 02/15 | Train loss=0.5055 acc=0.7591 | Val loss=0.5657 acc=0.7057 | time=128.1s | lr=1.000e-03
2025-05-26 16:13:16,121 INFO: [tiger] Ep 03/15 | Train loss=0.4781 acc=0.7732 | Val loss=0.4431 acc=0.7978 | time=126.9s | lr=1.000e-04
2025-05-26 16:15:27,932 INFO: [tiger] Ep 04/15 | Train loss=0.4324 acc=0.8079 | Val loss=0.4140 acc=0.8172 | time=131.8s | lr=1.000e-04
2025-05-26 16:17:38,857 INFO: [tiger] Ep 05/15 | Train loss=0.4115 acc=0.8217 | Val loss=0.4023 acc=0.8276 | time=130.9s | lr=1.000e-04
2025-05-26 16:19:50,664 INFO: [tiger] Ep 06/15 | Train loss=0.4013 acc=0.8304 | Val loss=0.3973 acc=0.8308 | time=131.8s | lr=1.000e-05
2025-05-26 16:22:02,629 INFO: [tiger] Ep 07/15 | Train loss=0.3896 acc=0.8334 | Val loss=0.3778 acc=0.8419 | time=132.0s | lr=1.000e-05
2025-05-26 16:24:13,188 INFO: [tiger] Ep 08/15 | Train loss=0.3899 acc=0.8365 | Val loss=0.3765 acc=0.8409 | time=130.6s | lr=1.000e-05
2025-05-26 16:26:16,302 INFO: [tiger] Ep 09/15 | Train loss=0.3887 acc=0.8333 | Val loss=0.3762 acc=0.8416 | time=123.1s | lr=1.000e-06
2025-05-26 16:28:21,518 INFO: [tiger] Ep 10/15 | Train loss=0.3880 acc=0.8343 | Val loss=0.3773 acc=0.8437 | time=125.2s | lr=1.000e-06
2025-05-26 16:30:26,240 INFO: [tiger] Ep 11/15 | Train loss=0.3881 acc=0.8338 | Val loss=0.3766 acc=0.8427 | time=124.7s | lr=1.000e-06
2025-05-26 16:32:31,178 INFO: [tiger] Ep 12/15 | Train loss=0.3864 acc=0.8361 | Val loss=0.3749 acc=0.8401 | time=124.9s | lr=1.000e-07
2025-05-26 16:34:37,703 INFO: [tiger] Ep 13/15 | Train loss=0.3889 acc=0.8301 | Val loss=0.3763 acc=0.8412 | time=126.5s | lr=1.000e-07
2025-05-26 16:36:45,203 INFO: [tiger] Ep 14/15 | Train loss=0.3854 acc=0.8364 | Val loss=0.3763 acc=0.8401 | time=127.5s | lr=1.000e-07
2025-05-26 16:38:53,849 INFO: [tiger] Ep 15/15 | Train loss=0.3892 acc=0.8329 | Val loss=0.3750 acc=0.8409 | time=128.6s | lr=1.000e-08
2025-05-26 16:39:01,100 INFO: Class elephant | train 16852 | val  4814
2025-05-26 16:39:01,110 INFO: Architecture for elephant:ImprovedBinaryCNN(
  (conv1): Conv2d(3, 32, kernel_size=(3, 3), stride=(1, 1), padding=(1, 1))
  (bn1): BatchNorm2d(32, eps=1e-05, momentum=0.1, affine=True, track_running_stats=True)
  (act1): LeakyReLU(negative_slope=0.1)
  (conv2): Conv2d(32, 64, kernel_size=(3, 3), stride=(1, 1), padding=(1, 1))
  (bn2): BatchNorm2d(64, eps=1e-05, momentum=0.1, affine=True, track_running_stats=True)
  (act2): LeakyReLU(negative_slope=0.1)
  (pool1): MaxPool2d(kernel_size=2, stride=2, padding=0, dilation=1, ceil_mode=False)
  (conv3): Conv2d(64, 128, kernel_size=(3, 3), stride=(1, 1), padding=(1, 1))
  (bn3): BatchNorm2d(128, eps=1e-05, momentum=0.1, affine=True, track_running_stats=True)
  (act3): LeakyReLU(negative_slope=0.1)
  (pool2): MaxPool2d(kernel_size=2, stride=2, padding=0, dilation=1, ceil_mode=False)
  (global_pool): AdaptiveAvgPool2d(output_size=1)
  (dropout): Dropout(p=0.5, inplace=False)
  (fc): Linear(in_features=128, out_features=1, bias=True)
)
2025-05-26 16:41:28,248 INFO: [elephant] Ep 01/15 | Train loss=0.6405 acc=0.6383 | Val loss=0.6435 acc=0.6516 | time=147.1s | lr=1.000e-03
2025-05-26 16:43:54,350 INFO: [elephant] Ep 02/15 | Train loss=0.5944 acc=0.6923 | Val loss=0.5771 acc=0.6876 | time=146.1s | lr=1.000e-03
2025-05-26 16:46:24,359 INFO: [elephant] Ep 03/15 | Train loss=0.5558 acc=0.7288 | Val loss=0.5634 acc=0.7250 | time=150.0s | lr=1.000e-04
2025-05-26 16:48:53,696 INFO: [elephant] Ep 04/15 | Train loss=0.4931 acc=0.7778 | Val loss=0.4652 acc=0.7943 | time=149.3s | lr=1.000e-04
2025-05-26 16:51:22,570 INFO: [elephant] Ep 05/15 | Train loss=0.4775 acc=0.7825 | Val loss=0.4560 acc=0.7993 | time=148.9s | lr=1.000e-04
2025-05-26 16:53:51,865 INFO: [elephant] Ep 06/15 | Train loss=0.4660 acc=0.7925 | Val loss=0.4676 acc=0.7823 | time=149.3s | lr=1.000e-05
2025-05-26 16:56:18,227 INFO: [elephant] Ep 07/15 | Train loss=0.4561 acc=0.7959 | Val loss=0.4301 acc=0.8170 | time=146.4s | lr=1.000e-05
2025-05-26 16:58:46,157 INFO: [elephant] Ep 08/15 | Train loss=0.4503 acc=0.7978 | Val loss=0.4302 acc=0.8149 | time=147.9s | lr=1.000e-05
2025-05-26 17:01:11,740 INFO: [elephant] Ep 09/15 | Train loss=0.4488 acc=0.7999 | Val loss=0.4274 acc=0.8166 | time=145.6s | lr=1.000e-06
2025-05-26 17:03:35,518 INFO: [elephant] Ep 10/15 | Train loss=0.4466 acc=0.8029 | Val loss=0.4277 acc=0.8180 | time=143.8s | lr=1.000e-06
2025-05-26 17:06:31,016 INFO: [elephant] Ep 11/15 | Train loss=0.4498 acc=0.7992 | Val loss=0.4296 acc=0.8157 | time=175.5s | lr=1.000e-06
2025-05-26 17:09:32,785 INFO: [elephant] Ep 12/15 | Train loss=0.4472 acc=0.7987 | Val loss=0.4276 acc=0.8195 | time=181.8s | lr=1.000e-07
2025-05-26 17:12:28,406 INFO: [elephant] Ep 13/15 | Train loss=0.4494 acc=0.8009 | Val loss=0.4285 acc=0.8147 | time=175.6s | lr=1.000e-07
2025-05-26 17:15:24,568 INFO: [elephant] Ep 14/15 | Train loss=0.4496 acc=0.8009 | Val loss=0.4293 acc=0.8153 | time=176.2s | lr=1.000e-07
2025-05-26 17:18:22,531 INFO: [elephant] Ep 15/15 | Train loss=0.4506 acc=0.7974 | Val loss=0.4266 acc=0.8180 | time=178.0s | lr=1.000e-08
