2025-02-25 21:18:29,375 INFO: Initializing training...
2025-02-25 21:18:29,937 INFO: Model parameters: 113673219
2025-02-25 21:19:52,478 INFO: Initializing training...
2025-02-25 21:19:53,352 INFO: Model parameters: 113673219
2025-02-25 21:20:49,912 INFO: Initializing training...
2025-02-25 21:20:50,514 INFO: Model parameters: 113673219
2025-02-25 21:21:09,764 INFO: Initializing training...
2025-02-25 21:21:10,679 INFO: Model parameters: 113673219
2025-02-25 21:29:33,133 INFO: Initializing training...
2025-02-25 21:29:34,023 INFO: Model parameters: 113673219
2025-02-25 21:30:12,225 INFO: Initializing training...
2025-02-25 21:30:13,158 INFO: Model parameters: 113673219
2025-02-25 21:30:33,784 INFO: Initializing training...
2025-02-25 21:30:34,705 INFO: Model parameters: 113673219
2025-02-25 21:31:07,321 INFO: Epoch [1/50] Loss: 0.1559
2025-02-25 21:31:09,257 INFO: Checkpoint saved: /media/Ittwin/E/_uni/DL_Project/tiger-fox-elephant/weights/diffusion/diffusion_v2.3.pth
2025-02-25 21:31:41,153 INFO: Epoch [2/50] Loss: 0.0774
2025-02-25 21:31:42,459 INFO: Checkpoint saved: /media/Ittwin/E/_uni/DL_Project/tiger-fox-elephant/weights/diffusion/diffusion_v2.3.pth
2025-02-25 21:32:17,265 INFO: Epoch [3/50] Loss: 0.0644
2025-02-25 21:32:18,755 INFO: Checkpoint saved: /media/Ittwin/E/_uni/DL_Project/tiger-fox-elephant/weights/diffusion/diffusion_v2.3.pth
2025-02-25 21:32:50,439 INFO: Epoch [4/50] Loss: 0.0599
2025-02-25 21:32:51,703 INFO: Checkpoint saved: /media/Ittwin/E/_uni/DL_Project/tiger-fox-elephant/weights/diffusion/diffusion_v2.3.pth
2025-02-25 21:33:26,483 INFO: Epoch [5/50] Loss: 0.0591
2025-02-25 21:33:28,367 INFO: Checkpoint saved: /media/Ittwin/E/_uni/DL_Project/tiger-fox-elephant/weights/diffusion/diffusion_v2.3.pth
2025-02-25 21:34:00,137 INFO: Epoch [6/50] Loss: 0.0584
2025-02-25 21:34:02,095 INFO: Checkpoint saved: /media/Ittwin/E/_uni/DL_Project/tiger-fox-elephant/weights/diffusion/diffusion_v2.3.pth
2025-02-25 21:34:36,494 INFO: Epoch [7/50] Loss: 0.0557
2025-02-25 21:34:37,843 INFO: Checkpoint saved: /media/Ittwin/E/_uni/DL_Project/tiger-fox-elephant/weights/diffusion/diffusion_v2.3.pth
2025-02-25 21:35:09,513 INFO: Epoch [8/50] Loss: 0.0537
2025-02-25 21:35:11,576 INFO: Checkpoint saved: /media/Ittwin/E/_uni/DL_Project/tiger-fox-elephant/weights/diffusion/diffusion_v2.3.pth
2025-02-25 21:35:45,420 INFO: Epoch [9/50] Loss: 0.0549
2025-02-25 21:35:47,558 INFO: Checkpoint saved: /media/Ittwin/E/_uni/DL_Project/tiger-fox-elephant/weights/diffusion/diffusion_v2.3.pth
2025-02-25 21:36:19,287 INFO: Epoch [10/50] Loss: 0.0536
2025-02-25 21:36:21,127 INFO: Checkpoint saved: /media/Ittwin/E/_uni/DL_Project/tiger-fox-elephant/weights/diffusion/diffusion_v2.3.pth
2025-02-25 21:36:55,931 INFO: Epoch [11/50] Loss: 0.0529
2025-02-25 21:36:57,253 INFO: Checkpoint saved: /media/Ittwin/E/_uni/DL_Project/tiger-fox-elephant/weights/diffusion/diffusion_v2.3.pth
2025-02-25 21:37:28,815 INFO: Epoch [12/50] Loss: 0.0529
2025-02-25 21:37:30,369 INFO: Checkpoint saved: /media/Ittwin/E/_uni/DL_Project/tiger-fox-elephant/weights/diffusion/diffusion_v2.3.pth
2025-02-25 21:38:05,100 INFO: Epoch [13/50] Loss: 0.0521
2025-02-25 21:38:06,449 INFO: Checkpoint saved: /media/Ittwin/E/_uni/DL_Project/tiger-fox-elephant/weights/diffusion/diffusion_v2.3.pth
2025-02-25 21:38:38,271 INFO: Epoch [14/50] Loss: 0.0506
2025-02-25 21:38:39,474 INFO: Checkpoint saved: /media/Ittwin/E/_uni/DL_Project/tiger-fox-elephant/weights/diffusion/diffusion_v2.3.pth
2025-02-25 21:39:14,186 INFO: Epoch [15/50] Loss: 0.0515
2025-02-25 21:39:15,449 INFO: Checkpoint saved: /media/Ittwin/E/_uni/DL_Project/tiger-fox-elephant/weights/diffusion/diffusion_v2.3.pth
2025-02-25 21:39:47,081 INFO: Epoch [16/50] Loss: 0.0505
2025-02-25 21:39:48,563 INFO: Checkpoint saved: /media/Ittwin/E/_uni/DL_Project/tiger-fox-elephant/weights/diffusion/diffusion_v2.3.pth
2025-02-25 21:40:22,334 INFO: Epoch [17/50] Loss: 0.0517
2025-02-25 21:40:23,502 INFO: Checkpoint saved: /media/Ittwin/E/_uni/DL_Project/tiger-fox-elephant/weights/diffusion/diffusion_v2.3.pth
2025-02-25 21:40:54,979 INFO: Epoch [18/50] Loss: 0.0504
2025-02-25 21:40:56,133 INFO: Checkpoint saved: /media/Ittwin/E/_uni/DL_Project/tiger-fox-elephant/weights/diffusion/diffusion_v2.3.pth
2025-02-25 21:41:30,426 INFO: Epoch [19/50] Loss: 0.0495
2025-02-25 21:41:31,888 INFO: Checkpoint saved: /media/Ittwin/E/_uni/DL_Project/tiger-fox-elephant/weights/diffusion/diffusion_v2.3.pth
2025-02-25 21:42:03,364 INFO: Epoch [20/50] Loss: 0.0489
2025-02-25 21:42:05,337 INFO: Checkpoint saved: /media/Ittwin/E/_uni/DL_Project/tiger-fox-elephant/weights/diffusion/diffusion_v2.3.pth
2025-02-25 21:42:39,018 INFO: Epoch [21/50] Loss: 0.0495
2025-02-25 21:42:40,382 INFO: Checkpoint saved: /media/Ittwin/E/_uni/DL_Project/tiger-fox-elephant/weights/diffusion/diffusion_v2.3.pth
2025-02-25 21:43:12,198 INFO: Epoch [22/50] Loss: 0.0491
2025-02-25 21:43:14,153 INFO: Checkpoint saved: /media/Ittwin/E/_uni/DL_Project/tiger-fox-elephant/weights/diffusion/diffusion_v2.3.pth
2025-02-25 21:43:48,009 INFO: Epoch [23/50] Loss: 0.0496
2025-02-25 21:43:49,929 INFO: Checkpoint saved: /media/Ittwin/E/_uni/DL_Project/tiger-fox-elephant/weights/diffusion/diffusion_v2.3.pth
2025-02-25 21:44:21,376 INFO: Epoch [24/50] Loss: 0.0476
2025-02-25 21:44:23,510 INFO: Checkpoint saved: /media/Ittwin/E/_uni/DL_Project/tiger-fox-elephant/weights/diffusion/diffusion_v2.3.pth
2025-02-25 21:44:58,245 INFO: Epoch [25/50] Loss: 0.0493
2025-02-25 21:44:59,688 INFO: Checkpoint saved: /media/Ittwin/E/_uni/DL_Project/tiger-fox-elephant/weights/diffusion/diffusion_v2.3.pth
2025-02-25 21:45:31,299 INFO: Epoch [26/50] Loss: 0.0487
2025-02-25 21:45:32,470 INFO: Checkpoint saved: /media/Ittwin/E/_uni/DL_Project/tiger-fox-elephant/weights/diffusion/diffusion_v2.3.pth
2025-02-25 21:46:06,668 INFO: Epoch [27/50] Loss: 0.0494
2025-02-25 21:46:08,692 INFO: Checkpoint saved: /media/Ittwin/E/_uni/DL_Project/tiger-fox-elephant/weights/diffusion/diffusion_v2.3.pth
2025-02-25 21:46:40,385 INFO: Epoch [28/50] Loss: 0.0492
2025-02-25 21:46:42,321 INFO: Checkpoint saved: /media/Ittwin/E/_uni/DL_Project/tiger-fox-elephant/weights/diffusion/diffusion_v2.3.pth
2025-02-25 21:47:16,522 INFO: Epoch [29/50] Loss: 0.0486
2025-02-25 21:47:17,698 INFO: Checkpoint saved: /media/Ittwin/E/_uni/DL_Project/tiger-fox-elephant/weights/diffusion/diffusion_v2.3.pth
2025-02-25 21:47:49,281 INFO: Epoch [30/50] Loss: 0.0478
2025-02-25 21:47:51,385 INFO: Checkpoint saved: /media/Ittwin/E/_uni/DL_Project/tiger-fox-elephant/weights/diffusion/diffusion_v2.3.pth
2025-02-25 21:48:25,803 INFO: Epoch [31/50] Loss: 0.0478
2025-02-25 21:48:26,969 INFO: Checkpoint saved: /media/Ittwin/E/_uni/DL_Project/tiger-fox-elephant/weights/diffusion/diffusion_v2.3.pth
2025-02-25 21:48:58,440 INFO: Epoch [32/50] Loss: 0.0488
2025-02-25 21:49:00,108 INFO: Checkpoint saved: /media/Ittwin/E/_uni/DL_Project/tiger-fox-elephant/weights/diffusion/diffusion_v2.3.pth
2025-02-25 21:49:34,893 INFO: Epoch [33/50] Loss: 0.0470
2025-02-25 21:49:36,706 INFO: Checkpoint saved: /media/Ittwin/E/_uni/DL_Project/tiger-fox-elephant/weights/diffusion/diffusion_v2.3.pth
2025-02-25 21:50:08,270 INFO: Epoch [34/50] Loss: 0.0479
2025-02-25 21:50:09,428 INFO: Checkpoint saved: /media/Ittwin/E/_uni/DL_Project/tiger-fox-elephant/weights/diffusion/diffusion_v2.3.pth
2025-02-25 21:50:43,233 INFO: Epoch [35/50] Loss: 0.0476
2025-02-25 21:50:44,442 INFO: Checkpoint saved: /media/Ittwin/E/_uni/DL_Project/tiger-fox-elephant/weights/diffusion/diffusion_v2.3.pth
2025-02-25 21:51:15,924 INFO: Epoch [36/50] Loss: 0.0496
2025-02-25 21:51:17,875 INFO: Checkpoint saved: /media/Ittwin/E/_uni/DL_Project/tiger-fox-elephant/weights/diffusion/diffusion_v2.3.pth
2025-02-25 21:51:52,478 INFO: Epoch [37/50] Loss: 0.0464
2025-02-25 21:51:53,651 INFO: Checkpoint saved: /media/Ittwin/E/_uni/DL_Project/tiger-fox-elephant/weights/diffusion/diffusion_v2.3.pth
2025-02-25 21:52:25,354 INFO: Epoch [38/50] Loss: 0.0482
2025-02-25 21:52:26,817 INFO: Checkpoint saved: /media/Ittwin/E/_uni/DL_Project/tiger-fox-elephant/weights/diffusion/diffusion_v2.3.pth
2025-02-25 21:53:01,332 INFO: Epoch [39/50] Loss: 0.0470
2025-02-25 21:53:03,291 INFO: Checkpoint saved: /media/Ittwin/E/_uni/DL_Project/tiger-fox-elephant/weights/diffusion/diffusion_v2.3.pth
2025-02-25 21:53:34,878 INFO: Epoch [40/50] Loss: 0.0473
2025-02-25 21:53:36,822 INFO: Checkpoint saved: /media/Ittwin/E/_uni/DL_Project/tiger-fox-elephant/weights/diffusion/diffusion_v2.3.pth
2025-02-25 21:54:11,606 INFO: Epoch [41/50] Loss: 0.0480
2025-02-25 21:54:13,338 INFO: Checkpoint saved: /media/Ittwin/E/_uni/DL_Project/tiger-fox-elephant/weights/diffusion/diffusion_v2.3.pth
2025-02-25 21:54:44,931 INFO: Epoch [42/50] Loss: 0.0463
2025-02-25 21:54:46,877 INFO: Checkpoint saved: /media/Ittwin/E/_uni/DL_Project/tiger-fox-elephant/weights/diffusion/diffusion_v2.3.pth
2025-02-25 21:55:20,682 INFO: Epoch [43/50] Loss: 0.0471
2025-02-25 21:55:22,742 INFO: Checkpoint saved: /media/Ittwin/E/_uni/DL_Project/tiger-fox-elephant/weights/diffusion/diffusion_v2.3.pth
2025-02-25 21:55:54,369 INFO: Epoch [44/50] Loss: 0.0471
2025-02-25 21:55:56,390 INFO: Checkpoint saved: /media/Ittwin/E/_uni/DL_Project/tiger-fox-elephant/weights/diffusion/diffusion_v2.3.pth
2025-02-25 21:56:30,914 INFO: Epoch [45/50] Loss: 0.0466
2025-02-25 21:56:32,185 INFO: Checkpoint saved: /media/Ittwin/E/_uni/DL_Project/tiger-fox-elephant/weights/diffusion/diffusion_v2.3.pth
2025-02-25 21:57:03,921 INFO: Epoch [46/50] Loss: 0.0474
2025-02-25 21:57:05,937 INFO: Checkpoint saved: /media/Ittwin/E/_uni/DL_Project/tiger-fox-elephant/weights/diffusion/diffusion_v2.3.pth
2025-02-25 21:57:40,674 INFO: Epoch [47/50] Loss: 0.0455
2025-02-25 21:57:41,932 INFO: Checkpoint saved: /media/Ittwin/E/_uni/DL_Project/tiger-fox-elephant/weights/diffusion/diffusion_v2.3.pth
2025-02-25 21:58:13,507 INFO: Epoch [48/50] Loss: 0.0453
2025-02-25 21:58:15,560 INFO: Checkpoint saved: /media/Ittwin/E/_uni/DL_Project/tiger-fox-elephant/weights/diffusion/diffusion_v2.3.pth
2025-02-25 21:58:50,150 INFO: Epoch [49/50] Loss: 0.0469
2025-02-25 21:58:52,220 INFO: Checkpoint saved: /media/Ittwin/E/_uni/DL_Project/tiger-fox-elephant/weights/diffusion/diffusion_v2.3.pth
2025-02-25 21:59:23,929 INFO: Epoch [50/50] Loss: 0.0479
2025-02-25 21:59:26,064 INFO: Checkpoint saved: /media/Ittwin/E/_uni/DL_Project/tiger-fox-elephant/weights/diffusion/diffusion_v2.3.pth
2025-02-25 21:59:29,216 INFO: Training completed
2025-02-25 23:44:39,886 INFO: Initializing training...
2025-02-25 23:44:40,823 INFO: Model parameters: 113673219
2025-02-25 23:44:41,068 INFO: Resuming from checkpoint: /media/Ittwin/E/_uni/DL_Project/tiger-fox-elephant/weights/diffusion/diffusion_v2.3.pth
2025-02-25 23:45:13,078 INFO: Epoch [1/50] Loss: 0.0455
2025-02-25 23:45:15,219 INFO: Checkpoint saved: /media/Ittwin/E/_uni/DL_Project/tiger-fox-elephant/weights/diffusion/diffusion_v2.3.pth
2025-02-25 23:45:47,146 INFO: Epoch [2/50] Loss: 0.0464
2025-02-25 23:45:49,149 INFO: Checkpoint saved: /media/Ittwin/E/_uni/DL_Project/tiger-fox-elephant/weights/diffusion/diffusion_v2.3.pth
2025-02-25 23:46:22,898 INFO: Epoch [3/50] Loss: 0.0444
2025-02-25 23:46:24,843 INFO: Checkpoint saved: /media/Ittwin/E/_uni/DL_Project/tiger-fox-elephant/weights/diffusion/diffusion_v2.3.pth
2025-02-25 23:46:56,257 INFO: Epoch [4/50] Loss: 0.0445
2025-02-25 23:46:58,389 INFO: Checkpoint saved: /media/Ittwin/E/_uni/DL_Project/tiger-fox-elephant/weights/diffusion/diffusion_v2.3.pth
2025-02-25 23:47:33,063 INFO: Epoch [5/50] Loss: 0.0459
2025-02-25 23:47:35,043 INFO: Checkpoint saved: /media/Ittwin/E/_uni/DL_Project/tiger-fox-elephant/weights/diffusion/diffusion_v2.3.pth
2025-02-25 23:48:06,646 INFO: Epoch [6/50] Loss: 0.0469
2025-02-25 23:48:07,876 INFO: Checkpoint saved: /media/Ittwin/E/_uni/DL_Project/tiger-fox-elephant/weights/diffusion/diffusion_v2.3.pth
2025-02-25 23:48:43,029 INFO: Epoch [7/50] Loss: 0.0456
2025-02-25 23:48:44,624 INFO: Checkpoint saved: /media/Ittwin/E/_uni/DL_Project/tiger-fox-elephant/weights/diffusion/diffusion_v2.3.pth
2025-02-25 23:49:17,509 INFO: Epoch [8/50] Loss: 0.0450
2025-02-25 23:49:18,961 INFO: Checkpoint saved: /media/Ittwin/E/_uni/DL_Project/tiger-fox-elephant/weights/diffusion/diffusion_v2.3.pth
2025-02-25 23:49:53,221 INFO: Epoch [9/50] Loss: 0.0464
2025-02-25 23:49:55,284 INFO: Checkpoint saved: /media/Ittwin/E/_uni/DL_Project/tiger-fox-elephant/weights/diffusion/diffusion_v2.3.pth
2025-02-25 23:50:27,610 INFO: Epoch [10/50] Loss: 0.0459
2025-02-25 23:50:28,768 INFO: Checkpoint saved: /media/Ittwin/E/_uni/DL_Project/tiger-fox-elephant/weights/diffusion/diffusion_v2.3.pth
2025-02-25 23:51:02,970 INFO: Epoch [11/50] Loss: 0.0461
2025-02-25 23:51:04,569 INFO: Checkpoint saved: /media/Ittwin/E/_uni/DL_Project/tiger-fox-elephant/weights/diffusion/diffusion_v2.3.pth
2025-02-25 23:51:36,454 INFO: Epoch [12/50] Loss: 0.0464
2025-02-25 23:51:37,763 INFO: Checkpoint saved: /media/Ittwin/E/_uni/DL_Project/tiger-fox-elephant/weights/diffusion/diffusion_v2.3.pth
2025-02-25 23:52:32,292 INFO: Initializing training...
2025-02-25 23:52:33,220 INFO: Model parameters: 113673219
2025-02-25 23:52:33,409 INFO: Resuming from checkpoint: /media/Ittwin/E/_uni/DL_Project/tiger-fox-elephant/weights/diffusion/diffusion_v2.3.pth
2025-02-25 23:52:46,177 INFO: Initializing training...
2025-02-25 23:52:47,112 INFO: Model parameters: 113673219
2025-02-25 23:52:47,359 INFO: Resuming from checkpoint: /media/Ittwin/E/_uni/DL_Project/tiger-fox-elephant/weights/diffusion/diffusion_v2.3.pth
2025-02-25 23:52:57,916 INFO: Initializing training...
2025-02-25 23:52:58,523 INFO: Model parameters: 113673219
2025-02-25 23:52:58,631 INFO: Resuming from checkpoint: /media/Ittwin/E/_uni/DL_Project/tiger-fox-elephant/weights/diffusion/diffusion_v2.3.pth
2025-02-25 23:53:11,028 INFO: Initializing training...
2025-02-25 23:53:11,965 INFO: Model parameters: 113673219
2025-02-25 23:53:12,151 INFO: Resuming from checkpoint: /media/Ittwin/E/_uni/DL_Project/tiger-fox-elephant/weights/diffusion/diffusion_v2.3.pth
2025-02-25 23:53:29,148 INFO: Initializing training...
2025-02-25 23:53:29,757 INFO: Model parameters: 113673219
2025-02-25 23:53:29,865 INFO: Resuming from checkpoint: /media/Ittwin/E/_uni/DL_Project/tiger-fox-elephant/weights/diffusion/diffusion_v2.3.pth
2025-02-25 23:54:09,094 INFO: Initializing training...
2025-02-25 23:54:10,022 INFO: Model parameters: 113673219
2025-02-25 23:54:10,211 INFO: Resuming from checkpoint: /media/Ittwin/E/_uni/DL_Project/tiger-fox-elephant/weights/diffusion/diffusion_v2.3.pth
2025-02-26 00:00:38,322 INFO: Epoch [1/50] Loss: 0.0334
2025-02-26 00:00:40,405 INFO: Checkpoint saved: /media/Ittwin/E/_uni/DL_Project/tiger-fox-elephant/weights/diffusion/diffusion_v2.3.pth
2025-02-26 00:07:07,375 INFO: Epoch [2/50] Loss: 0.0310
2025-02-26 00:07:09,241 INFO: Checkpoint saved: /media/Ittwin/E/_uni/DL_Project/tiger-fox-elephant/weights/diffusion/diffusion_v2.3.pth
2025-02-26 00:13:59,357 INFO: Epoch [3/50] Loss: 0.0298
2025-02-26 00:14:00,898 INFO: Checkpoint saved: /media/Ittwin/E/_uni/DL_Project/tiger-fox-elephant/weights/diffusion/diffusion_v2.3.pth
2025-02-26 00:20:26,861 INFO: Epoch [4/50] Loss: 0.0313
2025-02-26 00:20:28,709 INFO: Checkpoint saved: /media/Ittwin/E/_uni/DL_Project/tiger-fox-elephant/weights/diffusion/diffusion_v2.3.pth
2025-02-26 00:27:18,817 INFO: Epoch [5/50] Loss: 0.0311
2025-02-26 00:27:20,742 INFO: Checkpoint saved: /media/Ittwin/E/_uni/DL_Project/tiger-fox-elephant/weights/diffusion/diffusion_v2.3.pth
2025-02-26 00:33:47,211 INFO: Epoch [6/50] Loss: 0.0301
2025-02-26 00:33:49,166 INFO: Checkpoint saved: /media/Ittwin/E/_uni/DL_Project/tiger-fox-elephant/weights/diffusion/diffusion_v2.3.pth
2025-02-26 00:07:17,867 INFO: Initializing training...
2025-02-26 00:07:18,165 INFO: Model parameters: 113673219
2025-02-26 00:12:34,040 INFO: Initializing training...
2025-02-26 00:12:34,468 INFO: Model parameters: 113673219
2025-02-26 00:12:35,121 INFO: Resuming from checkpoint: E:\_uni\DL_Project\tiger-fox-elephant\weights\diffusion\diffusion_v2.3.pth
2025-02-26 00:13:57,863 INFO: Initializing training...
2025-02-26 00:13:58,303 INFO: Model parameters: 113673219
2025-02-26 00:13:58,459 INFO: Resuming from checkpoint: E:\_uni\DL_Project\tiger-fox-elephant\weights\diffusion\diffusion_v2.3.pth
2025-02-26 00:17:52,354 INFO: Initializing training...
2025-02-26 00:17:52,777 INFO: Model parameters: 113673219
2025-02-26 00:17:52,930 INFO: Resuming from checkpoint: E:\_uni\DL_Project\tiger-fox-elephant\weights\diffusion\diffusion_v2.3.pth
2025-02-26 00:25:16,547 INFO: Epoch [1/50] Loss: 0.0288
2025-02-26 00:25:16,920 INFO: Checkpoint saved: E:\_uni\DL_Project\tiger-fox-elephant\weights\diffusion\diffusion_v2.3.pth
2025-02-26 00:28:18,902 INFO: Initializing training...
2025-02-26 00:28:19,335 INFO: Model parameters: 113673219
2025-02-26 00:28:19,547 INFO: Resuming from checkpoint: E:\_uni\DL_Project\tiger-fox-elephant\weights\diffusion\diffusion_v2.3.pth
2025-02-26 00:35:00,823 INFO: Epoch [1/100] Loss: 0.0288
2025-02-26 00:35:01,167 INFO: Checkpoint saved: E:\_uni\DL_Project\tiger-fox-elephant\weights\diffusion\diffusion_v2.3.pth
2025-02-26 00:41:47,950 INFO: Epoch [2/100] Loss: 0.0283
2025-02-26 00:41:48,290 INFO: Checkpoint saved: E:\_uni\DL_Project\tiger-fox-elephant\weights\diffusion\diffusion_v2.3.pth
2025-02-26 00:49:04,724 INFO: Epoch [3/100] Loss: 0.0280
2025-02-26 00:49:05,051 INFO: Checkpoint saved: E:\_uni\DL_Project\tiger-fox-elephant\weights\diffusion\diffusion_v2.3.pth
2025-02-26 00:55:49,070 INFO: Epoch [4/100] Loss: 0.0281
2025-02-26 00:55:49,401 INFO: Checkpoint saved: E:\_uni\DL_Project\tiger-fox-elephant\weights\diffusion\diffusion_v2.3.pth
2025-02-26 01:03:05,393 INFO: Epoch [5/100] Loss: 0.0277
2025-02-26 01:03:05,722 INFO: Checkpoint saved: E:\_uni\DL_Project\tiger-fox-elephant\weights\diffusion\diffusion_v2.3.pth
2025-02-26 01:09:49,638 INFO: Epoch [6/100] Loss: 0.0281
2025-02-26 01:09:49,968 INFO: Checkpoint saved: E:\_uni\DL_Project\tiger-fox-elephant\weights\diffusion\diffusion_v2.3.pth
2025-02-26 01:17:06,664 INFO: Epoch [7/100] Loss: 0.0291
2025-02-26 01:17:06,996 INFO: Checkpoint saved: E:\_uni\DL_Project\tiger-fox-elephant\weights\diffusion\diffusion_v2.3.pth
2025-02-26 01:23:51,027 INFO: Epoch [8/100] Loss: 0.0282
2025-02-26 01:23:51,355 INFO: Checkpoint saved: E:\_uni\DL_Project\tiger-fox-elephant\weights\diffusion\diffusion_v2.3.pth
2025-02-26 01:31:08,185 INFO: Epoch [9/100] Loss: 0.0286
2025-02-26 01:31:08,569 INFO: Checkpoint saved: E:\_uni\DL_Project\tiger-fox-elephant\weights\diffusion\diffusion_v2.3.pth
2025-02-26 01:37:53,326 INFO: Epoch [10/100] Loss: 0.0297
2025-02-26 01:37:53,720 INFO: Checkpoint saved: E:\_uni\DL_Project\tiger-fox-elephant\weights\diffusion\diffusion_v2.3.pth
2025-02-26 01:45:10,974 INFO: Epoch [11/100] Loss: 0.0289
2025-02-26 01:45:11,295 INFO: Checkpoint saved: E:\_uni\DL_Project\tiger-fox-elephant\weights\diffusion\diffusion_v2.3.pth
2025-02-26 01:51:55,721 INFO: Epoch [12/100] Loss: 0.0280
2025-02-26 01:51:56,059 INFO: Checkpoint saved: E:\_uni\DL_Project\tiger-fox-elephant\weights\diffusion\diffusion_v2.3.pth
2025-02-26 01:59:12,417 INFO: Epoch [13/100] Loss: 0.0287
2025-02-26 01:59:12,743 INFO: Checkpoint saved: E:\_uni\DL_Project\tiger-fox-elephant\weights\diffusion\diffusion_v2.3.pth
2025-02-26 02:05:57,281 INFO: Epoch [14/100] Loss: 0.0290
2025-02-26 02:05:57,607 INFO: Checkpoint saved: E:\_uni\DL_Project\tiger-fox-elephant\weights\diffusion\diffusion_v2.3.pth
2025-02-26 02:13:14,401 INFO: Epoch [15/100] Loss: 0.0303
2025-02-26 02:13:14,728 INFO: Checkpoint saved: E:\_uni\DL_Project\tiger-fox-elephant\weights\diffusion\diffusion_v2.3.pth
2025-02-26 02:19:59,219 INFO: Epoch [16/100] Loss: 0.0292
2025-02-26 02:19:59,548 INFO: Checkpoint saved: E:\_uni\DL_Project\tiger-fox-elephant\weights\diffusion\diffusion_v2.3.pth
2025-02-26 02:27:16,561 INFO: Epoch [17/100] Loss: 0.0292
2025-02-26 02:27:16,883 INFO: Checkpoint saved: E:\_uni\DL_Project\tiger-fox-elephant\weights\diffusion\diffusion_v2.3.pth
2025-02-26 02:34:00,905 INFO: Epoch [18/100] Loss: 0.0307
2025-02-26 02:34:01,238 INFO: Checkpoint saved: E:\_uni\DL_Project\tiger-fox-elephant\weights\diffusion\diffusion_v2.3.pth
2025-02-26 02:41:18,150 INFO: Epoch [19/100] Loss: 0.0294
2025-02-26 02:41:18,472 INFO: Checkpoint saved: E:\_uni\DL_Project\tiger-fox-elephant\weights\diffusion\diffusion_v2.3.pth
2025-02-26 02:48:02,902 INFO: Epoch [20/100] Loss: 0.0296
2025-02-26 02:48:03,228 INFO: Checkpoint saved: E:\_uni\DL_Project\tiger-fox-elephant\weights\diffusion\diffusion_v2.3.pth
2025-02-26 02:55:20,136 INFO: Epoch [21/100] Loss: 0.0307
2025-02-26 02:55:20,485 INFO: Checkpoint saved: E:\_uni\DL_Project\tiger-fox-elephant\weights\diffusion\diffusion_v2.3.pth
2025-02-26 03:02:05,164 INFO: Epoch [22/100] Loss: 0.0285
2025-02-26 03:02:05,497 INFO: Checkpoint saved: E:\_uni\DL_Project\tiger-fox-elephant\weights\diffusion\diffusion_v2.3.pth
2025-02-26 03:09:22,365 INFO: Epoch [23/100] Loss: 0.0308
2025-02-26 03:09:22,691 INFO: Checkpoint saved: E:\_uni\DL_Project\tiger-fox-elephant\weights\diffusion\diffusion_v2.3.pth
2025-02-26 03:16:07,058 INFO: Epoch [24/100] Loss: 0.0294
2025-02-26 03:16:07,380 INFO: Checkpoint saved: E:\_uni\DL_Project\tiger-fox-elephant\weights\diffusion\diffusion_v2.3.pth
2025-02-26 03:23:24,332 INFO: Epoch [25/100] Loss: 0.0282
2025-02-26 03:23:24,678 INFO: Checkpoint saved: E:\_uni\DL_Project\tiger-fox-elephant\weights\diffusion\diffusion_v2.3.pth
2025-02-26 03:30:00,475 INFO: Epoch [26/100] Loss: nan
2025-02-26 03:30:00,804 INFO: Checkpoint saved: E:\_uni\DL_Project\tiger-fox-elephant\weights\diffusion\diffusion_v2.3.pth
2025-02-26 03:36:56,239 INFO: Epoch [27/100] Loss: nan
2025-02-26 03:36:56,588 INFO: Checkpoint saved: E:\_uni\DL_Project\tiger-fox-elephant\weights\diffusion\diffusion_v2.3.pth
2025-02-26 03:43:19,680 INFO: Epoch [28/100] Loss: nan
2025-02-26 03:43:20,004 INFO: Checkpoint saved: E:\_uni\DL_Project\tiger-fox-elephant\weights\diffusion\diffusion_v2.3.pth
2025-02-26 03:50:15,733 INFO: Epoch [29/100] Loss: nan
2025-02-26 03:50:16,078 INFO: Checkpoint saved: E:\_uni\DL_Project\tiger-fox-elephant\weights\diffusion\diffusion_v2.3.pth
2025-02-26 03:56:39,218 INFO: Epoch [30/100] Loss: nan
2025-02-26 03:56:39,554 INFO: Checkpoint saved: E:\_uni\DL_Project\tiger-fox-elephant\weights\diffusion\diffusion_v2.3.pth
2025-02-26 04:03:35,399 INFO: Epoch [31/100] Loss: nan
2025-02-26 04:03:35,726 INFO: Checkpoint saved: E:\_uni\DL_Project\tiger-fox-elephant\weights\diffusion\diffusion_v2.3.pth
2025-02-26 04:09:59,254 INFO: Epoch [32/100] Loss: nan
2025-02-26 04:09:59,585 INFO: Checkpoint saved: E:\_uni\DL_Project\tiger-fox-elephant\weights\diffusion\diffusion_v2.3.pth
2025-02-26 04:16:54,925 INFO: Epoch [33/100] Loss: nan
2025-02-26 04:16:55,270 INFO: Checkpoint saved: E:\_uni\DL_Project\tiger-fox-elephant\weights\diffusion\diffusion_v2.3.pth
2025-02-26 04:23:18,886 INFO: Epoch [34/100] Loss: nan
2025-02-26 04:23:19,217 INFO: Checkpoint saved: E:\_uni\DL_Project\tiger-fox-elephant\weights\diffusion\diffusion_v2.3.pth
2025-02-26 04:30:15,370 INFO: Epoch [35/100] Loss: nan
2025-02-26 04:30:15,717 INFO: Checkpoint saved: E:\_uni\DL_Project\tiger-fox-elephant\weights\diffusion\diffusion_v2.3.pth
2025-02-26 04:36:39,214 INFO: Epoch [36/100] Loss: nan
2025-02-26 04:36:39,540 INFO: Checkpoint saved: E:\_uni\DL_Project\tiger-fox-elephant\weights\diffusion\diffusion_v2.3.pth
2025-02-26 04:43:35,376 INFO: Epoch [37/100] Loss: nan
2025-02-26 04:43:35,713 INFO: Checkpoint saved: E:\_uni\DL_Project\tiger-fox-elephant\weights\diffusion\diffusion_v2.3.pth
2025-02-26 04:49:59,368 INFO: Epoch [38/100] Loss: nan
2025-02-26 04:49:59,693 INFO: Checkpoint saved: E:\_uni\DL_Project\tiger-fox-elephant\weights\diffusion\diffusion_v2.3.pth
2025-02-26 04:56:55,172 INFO: Epoch [39/100] Loss: nan
2025-02-26 04:56:55,523 INFO: Checkpoint saved: E:\_uni\DL_Project\tiger-fox-elephant\weights\diffusion\diffusion_v2.3.pth
2025-02-26 05:03:18,770 INFO: Epoch [40/100] Loss: nan
2025-02-26 05:03:19,097 INFO: Checkpoint saved: E:\_uni\DL_Project\tiger-fox-elephant\weights\diffusion\diffusion_v2.3.pth
2025-02-26 05:10:14,669 INFO: Epoch [41/100] Loss: nan
2025-02-26 05:10:14,991 INFO: Checkpoint saved: E:\_uni\DL_Project\tiger-fox-elephant\weights\diffusion\diffusion_v2.3.pth
2025-02-26 05:16:38,198 INFO: Epoch [42/100] Loss: nan
2025-02-26 05:16:38,521 INFO: Checkpoint saved: E:\_uni\DL_Project\tiger-fox-elephant\weights\diffusion\diffusion_v2.3.pth
2025-02-26 05:23:34,649 INFO: Epoch [43/100] Loss: nan
2025-02-26 05:23:34,983 INFO: Checkpoint saved: E:\_uni\DL_Project\tiger-fox-elephant\weights\diffusion\diffusion_v2.3.pth
2025-02-26 05:29:58,840 INFO: Epoch [44/100] Loss: nan
2025-02-26 05:29:59,166 INFO: Checkpoint saved: E:\_uni\DL_Project\tiger-fox-elephant\weights\diffusion\diffusion_v2.3.pth
2025-02-26 05:36:54,940 INFO: Epoch [45/100] Loss: nan
2025-02-26 05:36:55,280 INFO: Checkpoint saved: E:\_uni\DL_Project\tiger-fox-elephant\weights\diffusion\diffusion_v2.3.pth
2025-02-26 05:43:18,845 INFO: Epoch [46/100] Loss: nan
2025-02-26 05:43:19,193 INFO: Checkpoint saved: E:\_uni\DL_Project\tiger-fox-elephant\weights\diffusion\diffusion_v2.3.pth
2025-02-26 05:50:15,062 INFO: Epoch [47/100] Loss: nan
2025-02-26 05:50:15,392 INFO: Checkpoint saved: E:\_uni\DL_Project\tiger-fox-elephant\weights\diffusion\diffusion_v2.3.pth
2025-02-26 05:56:38,771 INFO: Epoch [48/100] Loss: nan
2025-02-26 05:56:39,128 INFO: Checkpoint saved: E:\_uni\DL_Project\tiger-fox-elephant\weights\diffusion\diffusion_v2.3.pth
2025-02-26 06:03:35,062 INFO: Epoch [49/100] Loss: nan
2025-02-26 06:03:35,397 INFO: Checkpoint saved: E:\_uni\DL_Project\tiger-fox-elephant\weights\diffusion\diffusion_v2.3.pth
2025-02-26 06:09:58,911 INFO: Epoch [50/100] Loss: nan
2025-02-26 06:09:59,256 INFO: Checkpoint saved: E:\_uni\DL_Project\tiger-fox-elephant\weights\diffusion\diffusion_v2.3.pth
2025-02-26 06:16:55,290 INFO: Epoch [51/100] Loss: nan
2025-02-26 06:16:55,666 INFO: Checkpoint saved: E:\_uni\DL_Project\tiger-fox-elephant\weights\diffusion\diffusion_v2.3.pth
2025-02-26 06:23:19,027 INFO: Epoch [52/100] Loss: nan
2025-02-26 06:23:19,372 INFO: Checkpoint saved: E:\_uni\DL_Project\tiger-fox-elephant\weights\diffusion\diffusion_v2.3.pth
2025-02-26 06:30:15,277 INFO: Epoch [53/100] Loss: nan
2025-02-26 06:30:15,615 INFO: Checkpoint saved: E:\_uni\DL_Project\tiger-fox-elephant\weights\diffusion\diffusion_v2.3.pth
2025-02-26 06:36:38,989 INFO: Epoch [54/100] Loss: nan
2025-02-26 06:36:39,315 INFO: Checkpoint saved: E:\_uni\DL_Project\tiger-fox-elephant\weights\diffusion\diffusion_v2.3.pth
2025-02-26 06:43:34,898 INFO: Epoch [55/100] Loss: nan
2025-02-26 06:43:35,229 INFO: Checkpoint saved: E:\_uni\DL_Project\tiger-fox-elephant\weights\diffusion\diffusion_v2.3.pth
2025-02-26 06:49:58,449 INFO: Epoch [56/100] Loss: nan
2025-02-26 06:49:58,779 INFO: Checkpoint saved: E:\_uni\DL_Project\tiger-fox-elephant\weights\diffusion\diffusion_v2.3.pth
2025-02-26 06:56:54,634 INFO: Epoch [57/100] Loss: nan
2025-02-26 06:56:54,961 INFO: Checkpoint saved: E:\_uni\DL_Project\tiger-fox-elephant\weights\diffusion\diffusion_v2.3.pth
2025-02-26 07:03:18,461 INFO: Epoch [58/100] Loss: nan
2025-02-26 07:03:18,796 INFO: Checkpoint saved: E:\_uni\DL_Project\tiger-fox-elephant\weights\diffusion\diffusion_v2.3.pth
2025-02-26 07:10:14,260 INFO: Epoch [59/100] Loss: nan
2025-02-26 07:10:14,643 INFO: Checkpoint saved: E:\_uni\DL_Project\tiger-fox-elephant\weights\diffusion\diffusion_v2.3.pth
2025-02-26 07:16:37,809 INFO: Epoch [60/100] Loss: nan
2025-02-26 07:16:38,142 INFO: Checkpoint saved: E:\_uni\DL_Project\tiger-fox-elephant\weights\diffusion\diffusion_v2.3.pth
2025-02-26 07:23:34,402 INFO: Epoch [61/100] Loss: nan
2025-02-26 07:23:34,725 INFO: Checkpoint saved: E:\_uni\DL_Project\tiger-fox-elephant\weights\diffusion\diffusion_v2.3.pth
2025-02-26 07:29:58,119 INFO: Epoch [62/100] Loss: nan
2025-02-26 07:29:58,455 INFO: Checkpoint saved: E:\_uni\DL_Project\tiger-fox-elephant\weights\diffusion\diffusion_v2.3.pth
2025-02-26 07:36:54,174 INFO: Epoch [63/100] Loss: nan
2025-02-26 07:36:54,502 INFO: Checkpoint saved: E:\_uni\DL_Project\tiger-fox-elephant\weights\diffusion\diffusion_v2.3.pth
2025-02-26 07:43:18,116 INFO: Epoch [64/100] Loss: nan
2025-02-26 07:43:18,449 INFO: Checkpoint saved: E:\_uni\DL_Project\tiger-fox-elephant\weights\diffusion\diffusion_v2.3.pth
2025-02-26 07:50:14,258 INFO: Epoch [65/100] Loss: nan
2025-02-26 07:50:14,591 INFO: Checkpoint saved: E:\_uni\DL_Project\tiger-fox-elephant\weights\diffusion\diffusion_v2.3.pth
2025-02-26 07:56:37,960 INFO: Epoch [66/100] Loss: nan
2025-02-26 07:56:38,294 INFO: Checkpoint saved: E:\_uni\DL_Project\tiger-fox-elephant\weights\diffusion\diffusion_v2.3.pth
2025-02-26 08:03:34,036 INFO: Epoch [67/100] Loss: nan
2025-02-26 08:03:34,373 INFO: Checkpoint saved: E:\_uni\DL_Project\tiger-fox-elephant\weights\diffusion\diffusion_v2.3.pth
2025-02-26 08:09:58,348 INFO: Epoch [68/100] Loss: nan
2025-02-26 08:09:58,685 INFO: Checkpoint saved: E:\_uni\DL_Project\tiger-fox-elephant\weights\diffusion\diffusion_v2.3.pth
2025-02-26 08:16:54,337 INFO: Epoch [69/100] Loss: nan
2025-02-26 08:16:54,678 INFO: Checkpoint saved: E:\_uni\DL_Project\tiger-fox-elephant\weights\diffusion\diffusion_v2.3.pth
2025-02-26 08:23:18,212 INFO: Epoch [70/100] Loss: nan
2025-02-26 08:23:18,548 INFO: Checkpoint saved: E:\_uni\DL_Project\tiger-fox-elephant\weights\diffusion\diffusion_v2.3.pth
2025-02-26 08:30:14,255 INFO: Epoch [71/100] Loss: nan
2025-02-26 08:30:14,592 INFO: Checkpoint saved: E:\_uni\DL_Project\tiger-fox-elephant\weights\diffusion\diffusion_v2.3.pth
2025-02-26 08:36:38,051 INFO: Epoch [72/100] Loss: nan
2025-02-26 08:36:38,386 INFO: Checkpoint saved: E:\_uni\DL_Project\tiger-fox-elephant\weights\diffusion\diffusion_v2.3.pth
2025-02-26 08:43:34,643 INFO: Epoch [73/100] Loss: nan
2025-02-26 08:43:34,978 INFO: Checkpoint saved: E:\_uni\DL_Project\tiger-fox-elephant\weights\diffusion\diffusion_v2.3.pth
2025-02-26 08:48:50,782 INFO: Initializing training...
2025-02-26 08:48:51,203 INFO: Model parameters: 113673219
2025-02-26 08:48:51,372 INFO: Resuming from checkpoint: E:\_uni\DL_Project\tiger-fox-elephant\weights\diffusion\diffusion_v2.3.pth
2025-02-26 09:05:07,422 INFO: Initializing training...
2025-02-26 09:05:07,844 INFO: Model parameters: 113673219
2025-02-26 09:05:08,007 INFO: Resuming from checkpoint: E:\_uni\DL_Project\tiger-fox-elephant\weights\diffusion\diffusion_v2.3.pth
2025-02-26 09:07:21,427 INFO: Epoch [1/100] Loss: 0.1117
2025-02-26 09:07:21,779 INFO: Checkpoint saved: E:\_uni\DL_Project\tiger-fox-elephant\weights\diffusion\diffusion_v2.3.pth
2025-02-26 09:09:35,058 INFO: Epoch [2/100] Loss: 0.0467
2025-02-26 09:09:35,399 INFO: Checkpoint saved: E:\_uni\DL_Project\tiger-fox-elephant\weights\diffusion\diffusion_v2.3.pth
2025-02-26 09:12:14,580 INFO: Initializing training...
2025-02-26 09:12:15,027 INFO: Model parameters: 113673219
2025-02-26 09:12:15,196 INFO: Resuming from checkpoint: E:\_uni\DL_Project\tiger-fox-elephant\weights\diffusion\diffusion_v2.3.pth
2025-02-26 09:13:56,479 INFO: Epoch [1/50] Loss: 0.0455
2025-02-26 09:13:56,841 INFO: Checkpoint saved: E:\_uni\DL_Project\tiger-fox-elephant\weights\diffusion\diffusion_v2.3.pth
2025-02-26 09:15:37,989 INFO: Epoch [2/50] Loss: 0.0471
2025-02-26 09:15:38,315 INFO: Checkpoint saved: E:\_uni\DL_Project\tiger-fox-elephant\weights\diffusion\diffusion_v2.3.pth
2025-02-26 09:17:22,809 INFO: Epoch [3/50] Loss: 0.0470
2025-02-26 09:17:23,150 INFO: Checkpoint saved: E:\_uni\DL_Project\tiger-fox-elephant\weights\diffusion\diffusion_v2.3.pth
2025-02-26 09:19:04,369 INFO: Epoch [4/50] Loss: 0.0447
2025-02-26 09:19:04,696 INFO: Checkpoint saved: E:\_uni\DL_Project\tiger-fox-elephant\weights\diffusion\diffusion_v2.3.pth
2025-02-26 09:20:49,297 INFO: Epoch [5/50] Loss: 0.0466
2025-02-26 09:20:49,629 INFO: Checkpoint saved: E:\_uni\DL_Project\tiger-fox-elephant\weights\diffusion\diffusion_v2.3.pth
2025-02-26 09:23:00,197 INFO: Initializing training...
2025-02-26 09:23:00,668 INFO: Model parameters: 113673219
2025-02-26 09:23:00,837 INFO: Resuming from checkpoint: E:\_uni\DL_Project\tiger-fox-elephant\weights\diffusion\diffusion_v2.3.pth
2025-02-26 09:25:10,107 INFO: Initializing training...
2025-02-26 09:25:10,533 INFO: Model parameters: 113673219
2025-02-26 09:25:10,695 INFO: Resuming from checkpoint: E:\_uni\DL_Project\tiger-fox-elephant\weights\diffusion\diffusion_v2.3.pth
2025-02-26 09:27:30,660 INFO: Initializing training...
2025-02-26 09:27:31,083 INFO: Model parameters: 113673219
2025-02-26 09:27:31,278 INFO: Resuming from checkpoint: E:\_uni\DL_Project\tiger-fox-elephant\weights\diffusion\diffusion_v2.3.pth
2025-02-26 09:34:10,663 INFO: Epoch [1/50] Loss: 0.0285
2025-02-26 09:34:11,037 INFO: Checkpoint saved: E:\_uni\DL_Project\tiger-fox-elephant\weights\diffusion\diffusion_v2.3.pth
2025-02-26 09:40:50,461 INFO: Epoch [2/50] Loss: 0.0277
2025-02-26 09:40:50,789 INFO: Checkpoint saved: E:\_uni\DL_Project\tiger-fox-elephant\weights\diffusion\diffusion_v2.3.pth
2025-02-26 09:47:51,211 INFO: Epoch [3/50] Loss: 0.0274
2025-02-26 09:47:51,536 INFO: Checkpoint saved: E:\_uni\DL_Project\tiger-fox-elephant\weights\diffusion\diffusion_v2.3.pth
2025-02-26 09:54:31,083 INFO: Epoch [4/50] Loss: 0.0274
2025-02-26 09:54:31,407 INFO: Checkpoint saved: E:\_uni\DL_Project\tiger-fox-elephant\weights\diffusion\diffusion_v2.3.pth
2025-02-26 10:01:31,888 INFO: Epoch [5/50] Loss: 0.0270
2025-02-26 10:01:32,209 INFO: Checkpoint saved: E:\_uni\DL_Project\tiger-fox-elephant\weights\diffusion\diffusion_v2.3.pth
2025-02-26 10:08:11,190 INFO: Epoch [6/50] Loss: 0.0274
2025-02-26 10:08:11,543 INFO: Checkpoint saved: E:\_uni\DL_Project\tiger-fox-elephant\weights\diffusion\diffusion_v2.3.pth
2025-02-26 10:15:11,067 INFO: Epoch [7/50] Loss: 0.0284
2025-02-26 10:15:11,417 INFO: Checkpoint saved: E:\_uni\DL_Project\tiger-fox-elephant\weights\diffusion\diffusion_v2.3.pth
2025-02-26 10:21:49,861 INFO: Epoch [8/50] Loss: 0.0275
2025-02-26 10:21:50,188 INFO: Checkpoint saved: E:\_uni\DL_Project\tiger-fox-elephant\weights\diffusion\diffusion_v2.3.pth
2025-02-26 10:55:04,676 INFO: Initializing training...
2025-02-26 10:55:05,102 INFO: Model parameters: 113673219
2025-02-26 10:55:05,317 INFO: Resuming from checkpoint: E:\_uni\DL_Project\tiger-fox-elephant\weights\diffusion\diffusion_v2.3.pth
2025-02-26 11:01:44,757 INFO: Epoch [1/50] Loss: 0.0277
2025-02-26 11:01:45,110 INFO: Checkpoint saved: E:\_uni\DL_Project\tiger-fox-elephant\weights\diffusion\diffusion_v2.3.pth
2025-02-26 11:08:23,386 INFO: Epoch [2/50] Loss: 0.0272
2025-02-26 11:08:23,721 INFO: Checkpoint saved: E:\_uni\DL_Project\tiger-fox-elephant\weights\diffusion\diffusion_v2.3.pth
2025-02-26 11:15:23,392 INFO: Epoch [3/50] Loss: 0.0270
2025-02-26 11:15:23,713 INFO: Checkpoint saved: E:\_uni\DL_Project\tiger-fox-elephant\weights\diffusion\diffusion_v2.3.pth
2025-02-26 11:22:02,596 INFO: Epoch [4/50] Loss: 0.0270
2025-02-26 11:22:02,922 INFO: Checkpoint saved: E:\_uni\DL_Project\tiger-fox-elephant\weights\diffusion\diffusion_v2.3.pth
2025-02-26 11:29:02,894 INFO: Epoch [5/50] Loss: 0.0266
2025-02-26 11:29:03,239 INFO: Checkpoint saved: E:\_uni\DL_Project\tiger-fox-elephant\weights\diffusion\diffusion_v2.3.pth
2025-02-26 11:35:42,042 INFO: Epoch [6/50] Loss: 0.0270
2025-02-26 11:35:42,365 INFO: Checkpoint saved: E:\_uni\DL_Project\tiger-fox-elephant\weights\diffusion\diffusion_v2.3.pth
2025-02-26 11:42:42,117 INFO: Epoch [7/50] Loss: 0.0279
2025-02-26 11:42:42,442 INFO: Checkpoint saved: E:\_uni\DL_Project\tiger-fox-elephant\weights\diffusion\diffusion_v2.3.pth
2025-02-26 11:49:21,461 INFO: Epoch [8/50] Loss: 0.0270
2025-02-26 11:49:21,788 INFO: Checkpoint saved: E:\_uni\DL_Project\tiger-fox-elephant\weights\diffusion\diffusion_v2.3.pth
2025-02-26 11:56:21,411 INFO: Epoch [9/50] Loss: 0.0272
2025-02-26 11:56:21,739 INFO: Checkpoint saved: E:\_uni\DL_Project\tiger-fox-elephant\weights\diffusion\diffusion_v2.3.pth
2025-02-26 12:03:00,822 INFO: Epoch [10/50] Loss: 0.0280
2025-02-26 12:03:01,205 INFO: Checkpoint saved: E:\_uni\DL_Project\tiger-fox-elephant\weights\diffusion\diffusion_v2.3.pth
2025-02-26 12:10:01,260 INFO: Epoch [11/50] Loss: 0.0274
2025-02-26 12:10:01,593 INFO: Checkpoint saved: E:\_uni\DL_Project\tiger-fox-elephant\weights\diffusion\diffusion_v2.3.pth
2025-02-26 12:16:40,530 INFO: Epoch [12/50] Loss: 0.0266
2025-02-26 12:16:40,861 INFO: Checkpoint saved: E:\_uni\DL_Project\tiger-fox-elephant\weights\diffusion\diffusion_v2.3.pth
2025-02-26 12:23:40,748 INFO: Epoch [13/50] Loss: 0.0272
2025-02-26 12:23:41,073 INFO: Checkpoint saved: E:\_uni\DL_Project\tiger-fox-elephant\weights\diffusion\diffusion_v2.3.pth
2025-02-26 12:30:20,200 INFO: Epoch [14/50] Loss: 0.0272
2025-02-26 12:30:20,524 INFO: Checkpoint saved: E:\_uni\DL_Project\tiger-fox-elephant\weights\diffusion\diffusion_v2.3.pth
2025-02-26 12:37:20,710 INFO: Epoch [15/50] Loss: 0.0282
2025-02-26 12:37:21,044 INFO: Checkpoint saved: E:\_uni\DL_Project\tiger-fox-elephant\weights\diffusion\diffusion_v2.3.pth
2025-02-26 12:44:05,327 INFO: Epoch [16/50] Loss: 0.0275
2025-02-26 12:44:05,676 INFO: Checkpoint saved: E:\_uni\DL_Project\tiger-fox-elephant\weights\diffusion\diffusion_v2.3.pth
2025-02-26 12:51:05,487 INFO: Epoch [17/50] Loss: 0.0275
2025-02-26 12:51:05,817 INFO: Checkpoint saved: E:\_uni\DL_Project\tiger-fox-elephant\weights\diffusion\diffusion_v2.3.pth
2025-02-26 12:57:44,571 INFO: Epoch [18/50] Loss: 0.0285
2025-02-26 12:57:44,911 INFO: Checkpoint saved: E:\_uni\DL_Project\tiger-fox-elephant\weights\diffusion\diffusion_v2.3.pth
2025-02-26 13:04:44,413 INFO: Epoch [19/50] Loss: 0.0276
2025-02-26 13:04:44,751 INFO: Checkpoint saved: E:\_uni\DL_Project\tiger-fox-elephant\weights\diffusion\diffusion_v2.3.pth
2025-02-26 13:11:23,514 INFO: Epoch [20/50] Loss: 0.0276
2025-02-26 13:11:23,849 INFO: Checkpoint saved: E:\_uni\DL_Project\tiger-fox-elephant\weights\diffusion\diffusion_v2.3.pth
2025-02-26 13:18:23,535 INFO: Epoch [21/50] Loss: 0.0287
2025-02-26 13:18:23,881 INFO: Checkpoint saved: E:\_uni\DL_Project\tiger-fox-elephant\weights\diffusion\diffusion_v2.3.pth
2025-02-26 13:23:03,856 INFO: Initializing training...
2025-02-26 13:23:04,289 INFO: Model parameters: 113673219
2025-02-26 13:23:04,465 INFO: Resuming from checkpoint: E:\_uni\DL_Project\tiger-fox-elephant\weights\diffusion\diffusion_v2.3.pth
2025-02-26 13:29:43,889 INFO: Epoch [1/50] Loss: 0.0273
2025-02-26 13:29:44,241 INFO: Checkpoint saved: E:\_uni\DL_Project\tiger-fox-elephant\weights\diffusion\diffusion_v2.3.pth
2025-02-26 13:36:27,981 INFO: Epoch [2/50] Loss: 0.0269
2025-02-26 13:36:28,318 INFO: Checkpoint saved: E:\_uni\DL_Project\tiger-fox-elephant\weights\diffusion\diffusion_v2.3.pth
2025-02-26 13:45:31,505 INFO: Epoch [3/50] Loss: 0.0266
2025-02-26 13:45:31,836 INFO: Checkpoint saved: E:\_uni\DL_Project\tiger-fox-elephant\weights\diffusion\diffusion_v2.3.pth
2025-02-26 13:54:05,317 INFO: Epoch [4/50] Loss: 0.0267
2025-02-26 13:54:05,654 INFO: Checkpoint saved: E:\_uni\DL_Project\tiger-fox-elephant\weights\diffusion\diffusion_v2.3.pth
2025-02-26 14:59:24,797 INFO: Initializing training...
2025-02-26 14:59:25,357 INFO: Model parameters: 115455747
2025-02-26 14:59:25,861 INFO: Resuming from checkpoint: /media/Ittwin/E/_uni/DL_Project/tiger-fox-elephant/weights/diffusion/diffusion_v2.3.pth
