2025-02-24 14:50:20,173 INFO: Initializing diffusion model training...
2025-02-24 14:50:20,346 INFO: Dataset contains 6499 images
2025-02-24 14:50:20,348 INFO: Model architecture:
UNet2DModel(
  (conv_in): Conv2d(3, 64, kernel_size=(3, 3), stride=(1, 1), padding=(1, 1))
  (time_proj): Timesteps()
  (time_embedding): TimestepEmbedding(
    (linear_1): Linear(in_features=64, out_features=256, bias=True)
    (act): SiLU()
    (linear_2): Linear(in_features=256, out_features=256, bias=True)
  )
  (down_blocks): ModuleList(
    (0): DownBlock2D(
      (resnets): ModuleList(
        (0-1): 2 x ResnetBlock2D(
          (norm1): GroupNorm(32, 64, eps=1e-05, affine=True)
          (conv1): Conv2d(64, 64, kernel_size=(3, 3), stride=(1, 1), padding=(1, 1))
          (time_emb_proj): Linear(in_features=256, out_features=64, bias=True)
          (norm2): GroupNorm(32, 64, eps=1e-05, affine=True)
          (dropout): Dropout(p=0.0, inplace=False)
          (conv2): Conv2d(64, 64, kernel_size=(3, 3), stride=(1, 1), padding=(1, 1))
          (nonlinearity): SiLU()
        )
      )
      (downsamplers): ModuleList(
        (0): Downsample2D(
          (conv): Conv2d(64, 64, kernel_size=(3, 3), stride=(2, 2), padding=(1, 1))
        )
      )
    )
    (1): DownBlock2D(
      (resnets): ModuleList(
        (0): ResnetBlock2D(
          (norm1): GroupNorm(32, 64, eps=1e-05, affine=True)
          (conv1): Conv2d(64, 128, kernel_size=(3, 3), stride=(1, 1), padding=(1, 1))
          (time_emb_proj): Linear(in_features=256, out_features=128, bias=True)
          (norm2): GroupNorm(32, 128, eps=1e-05, affine=True)
          (dropout): Dropout(p=0.0, inplace=False)
          (conv2): Conv2d(128, 128, kernel_size=(3, 3), stride=(1, 1), padding=(1, 1))
          (nonlinearity): SiLU()
          (conv_shortcut): Conv2d(64, 128, kernel_size=(1, 1), stride=(1, 1))
        )
        (1): ResnetBlock2D(
          (norm1): GroupNorm(32, 128, eps=1e-05, affine=True)
          (conv1): Conv2d(128, 128, kernel_size=(3, 3), stride=(1, 1), padding=(1, 1))
          (time_emb_proj): Linear(in_features=256, out_features=128, bias=True)
          (norm2): GroupNorm(32, 128, eps=1e-05, affine=True)
          (dropout): Dropout(p=0.0, inplace=False)
          (conv2): Conv2d(128, 128, kernel_size=(3, 3), stride=(1, 1), padding=(1, 1))
          (nonlinearity): SiLU()
        )
      )
      (downsamplers): ModuleList(
        (0): Downsample2D(
          (conv): Conv2d(128, 128, kernel_size=(3, 3), stride=(2, 2), padding=(1, 1))
        )
      )
    )
    (2): AttnDownBlock2D(
      (attentions): ModuleList(
        (0-1): 2 x Attention(
          (group_norm): GroupNorm(32, 256, eps=1e-05, affine=True)
          (to_q): Linear(in_features=256, out_features=256, bias=True)
          (to_k): Linear(in_features=256, out_features=256, bias=True)
          (to_v): Linear(in_features=256, out_features=256, bias=True)
          (to_out): ModuleList(
            (0): Linear(in_features=256, out_features=256, bias=True)
            (1): Dropout(p=0.0, inplace=False)
          )
        )
      )
      (resnets): ModuleList(
        (0): ResnetBlock2D(
          (norm1): GroupNorm(32, 128, eps=1e-05, affine=True)
          (conv1): Conv2d(128, 256, kernel_size=(3, 3), stride=(1, 1), padding=(1, 1))
          (time_emb_proj): Linear(in_features=256, out_features=256, bias=True)
          (norm2): GroupNorm(32, 256, eps=1e-05, affine=True)
          (dropout): Dropout(p=0.0, inplace=False)
          (conv2): Conv2d(256, 256, kernel_size=(3, 3), stride=(1, 1), padding=(1, 1))
          (nonlinearity): SiLU()
          (conv_shortcut): Conv2d(128, 256, kernel_size=(1, 1), stride=(1, 1))
        )
        (1): ResnetBlock2D(
          (norm1): GroupNorm(32, 256, eps=1e-05, affine=True)
          (conv1): Conv2d(256, 256, kernel_size=(3, 3), stride=(1, 1), padding=(1, 1))
          (time_emb_proj): Linear(in_features=256, out_features=256, bias=True)
          (norm2): GroupNorm(32, 256, eps=1e-05, affine=True)
          (dropout): Dropout(p=0.0, inplace=False)
          (conv2): Conv2d(256, 256, kernel_size=(3, 3), stride=(1, 1), padding=(1, 1))
          (nonlinearity): SiLU()
        )
      )
    )
  )
  (up_blocks): ModuleList(
    (0): AttnUpBlock2D(
      (attentions): ModuleList(
        (0-2): 3 x Attention(
          (group_norm): GroupNorm(32, 256, eps=1e-05, affine=True)
          (to_q): Linear(in_features=256, out_features=256, bias=True)
          (to_k): Linear(in_features=256, out_features=256, bias=True)
          (to_v): Linear(in_features=256, out_features=256, bias=True)
          (to_out): ModuleList(
            (0): Linear(in_features=256, out_features=256, bias=True)
            (1): Dropout(p=0.0, inplace=False)
          )
        )
      )
      (resnets): ModuleList(
        (0-1): 2 x ResnetBlock2D(
          (norm1): GroupNorm(32, 512, eps=1e-05, affine=True)
          (conv1): Conv2d(512, 256, kernel_size=(3, 3), stride=(1, 1), padding=(1, 1))
          (time_emb_proj): Linear(in_features=256, out_features=256, bias=True)
          (norm2): GroupNorm(32, 256, eps=1e-05, affine=True)
          (dropout): Dropout(p=0.0, inplace=False)
          (conv2): Conv2d(256, 256, kernel_size=(3, 3), stride=(1, 1), padding=(1, 1))
          (nonlinearity): SiLU()
          (conv_shortcut): Conv2d(512, 256, kernel_size=(1, 1), stride=(1, 1))
        )
        (2): ResnetBlock2D(
          (norm1): GroupNorm(32, 384, eps=1e-05, affine=True)
          (conv1): Conv2d(384, 256, kernel_size=(3, 3), stride=(1, 1), padding=(1, 1))
          (time_emb_proj): Linear(in_features=256, out_features=256, bias=True)
          (norm2): GroupNorm(32, 256, eps=1e-05, affine=True)
          (dropout): Dropout(p=0.0, inplace=False)
          (conv2): Conv2d(256, 256, kernel_size=(3, 3), stride=(1, 1), padding=(1, 1))
          (nonlinearity): SiLU()
          (conv_shortcut): Conv2d(384, 256, kernel_size=(1, 1), stride=(1, 1))
        )
      )
      (upsamplers): ModuleList(
        (0): Upsample2D(
          (conv): Conv2d(256, 256, kernel_size=(3, 3), stride=(1, 1), padding=(1, 1))
        )
      )
    )
    (1): AttnUpBlock2D(
      (attentions): ModuleList(
        (0-2): 3 x Attention(
          (group_norm): GroupNorm(32, 128, eps=1e-05, affine=True)
          (to_q): Linear(in_features=128, out_features=128, bias=True)
          (to_k): Linear(in_features=128, out_features=128, bias=True)
          (to_v): Linear(in_features=128, out_features=128, bias=True)
          (to_out): ModuleList(
            (0): Linear(in_features=128, out_features=128, bias=True)
            (1): Dropout(p=0.0, inplace=False)
          )
        )
      )
      (resnets): ModuleList(
        (0): ResnetBlock2D(
          (norm1): GroupNorm(32, 384, eps=1e-05, affine=True)
          (conv1): Conv2d(384, 128, kernel_size=(3, 3), stride=(1, 1), padding=(1, 1))
          (time_emb_proj): Linear(in_features=256, out_features=128, bias=True)
          (norm2): GroupNorm(32, 128, eps=1e-05, affine=True)
          (dropout): Dropout(p=0.0, inplace=False)
          (conv2): Conv2d(128, 128, kernel_size=(3, 3), stride=(1, 1), padding=(1, 1))
          (nonlinearity): SiLU()
          (conv_shortcut): Conv2d(384, 128, kernel_size=(1, 1), stride=(1, 1))
        )
        (1): ResnetBlock2D(
          (norm1): GroupNorm(32, 256, eps=1e-05, affine=True)
          (conv1): Conv2d(256, 128, kernel_size=(3, 3), stride=(1, 1), padding=(1, 1))
          (time_emb_proj): Linear(in_features=256, out_features=128, bias=True)
          (norm2): GroupNorm(32, 128, eps=1e-05, affine=True)
          (dropout): Dropout(p=0.0, inplace=False)
          (conv2): Conv2d(128, 128, kernel_size=(3, 3), stride=(1, 1), padding=(1, 1))
          (nonlinearity): SiLU()
          (conv_shortcut): Conv2d(256, 128, kernel_size=(1, 1), stride=(1, 1))
        )
        (2): ResnetBlock2D(
          (norm1): GroupNorm(32, 192, eps=1e-05, affine=True)
          (conv1): Conv2d(192, 128, kernel_size=(3, 3), stride=(1, 1), padding=(1, 1))
          (time_emb_proj): Linear(in_features=256, out_features=128, bias=True)
          (norm2): GroupNorm(32, 128, eps=1e-05, affine=True)
          (dropout): Dropout(p=0.0, inplace=False)
          (conv2): Conv2d(128, 128, kernel_size=(3, 3), stride=(1, 1), padding=(1, 1))
          (nonlinearity): SiLU()
          (conv_shortcut): Conv2d(192, 128, kernel_size=(1, 1), stride=(1, 1))
        )
      )
      (upsamplers): ModuleList(
        (0): Upsample2D(
          (conv): Conv2d(128, 128, kernel_size=(3, 3), stride=(1, 1), padding=(1, 1))
        )
      )
    )
    (2): UpBlock2D(
      (resnets): ModuleList(
        (0): ResnetBlock2D(
          (norm1): GroupNorm(32, 192, eps=1e-05, affine=True)
          (conv1): Conv2d(192, 64, kernel_size=(3, 3), stride=(1, 1), padding=(1, 1))
          (time_emb_proj): Linear(in_features=256, out_features=64, bias=True)
          (norm2): GroupNorm(32, 64, eps=1e-05, affine=True)
          (dropout): Dropout(p=0.0, inplace=False)
          (conv2): Conv2d(64, 64, kernel_size=(3, 3), stride=(1, 1), padding=(1, 1))
          (nonlinearity): SiLU()
          (conv_shortcut): Conv2d(192, 64, kernel_size=(1, 1), stride=(1, 1))
        )
        (1-2): 2 x ResnetBlock2D(
          (norm1): GroupNorm(32, 128, eps=1e-05, affine=True)
          (conv1): Conv2d(128, 64, kernel_size=(3, 3), stride=(1, 1), padding=(1, 1))
          (time_emb_proj): Linear(in_features=256, out_features=64, bias=True)
          (norm2): GroupNorm(32, 64, eps=1e-05, affine=True)
          (dropout): Dropout(p=0.0, inplace=False)
          (conv2): Conv2d(64, 64, kernel_size=(3, 3), stride=(1, 1), padding=(1, 1))
          (nonlinearity): SiLU()
          (conv_shortcut): Conv2d(128, 64, kernel_size=(1, 1), stride=(1, 1))
        )
      )
    )
  )
  (mid_block): UNetMidBlock2D(
    (attentions): ModuleList(
      (0): Attention(
        (group_norm): GroupNorm(32, 256, eps=1e-05, affine=True)
        (to_q): Linear(in_features=256, out_features=256, bias=True)
        (to_k): Linear(in_features=256, out_features=256, bias=True)
        (to_v): Linear(in_features=256, out_features=256, bias=True)
        (to_out): ModuleList(
          (0): Linear(in_features=256, out_features=256, bias=True)
          (1): Dropout(p=0.0, inplace=False)
        )
      )
    )
    (resnets): ModuleList(
      (0-1): 2 x ResnetBlock2D(
        (norm1): GroupNorm(32, 256, eps=1e-05, affine=True)
        (conv1): Conv2d(256, 256, kernel_size=(3, 3), stride=(1, 1), padding=(1, 1))
        (time_emb_proj): Linear(in_features=256, out_features=256, bias=True)
        (norm2): GroupNorm(32, 256, eps=1e-05, affine=True)
        (dropout): Dropout(p=0.0, inplace=False)
        (conv2): Conv2d(256, 256, kernel_size=(3, 3), stride=(1, 1), padding=(1, 1))
        (nonlinearity): SiLU()
      )
    )
  )
  (conv_norm_out): GroupNorm(32, 64, eps=1e-05, affine=True)
  (conv_act): SiLU()
  (conv_out): Conv2d(64, 3, kernel_size=(3, 3), stride=(1, 1), padding=(1, 1))
)
2025-02-24 14:50:20,348 INFO: Model has 15,923,843 trainable parameters
2025-02-24 14:50:20,349 INFO: Training on cuda with 50 epochs
2025-02-24 14:50:24,097 INFO: LR: 1.2001e-05
2025-02-24 14:51:20,856 INFO: LR: 1.9141e-05
2025-02-24 14:52:18,269 INFO: LR: 3.9560e-05
2025-02-24 14:52:18,305 INFO: Epoch 001/50 | Train Loss: 0.44885 | LR: 3.956e-05
2025-02-24 14:52:18,554 INFO: Saved model to: /media/Ittwin/E/_uni/DL_Project/tiger-fox-elephant/weights/diffusion/diffusion.v2.1_model.pth
2025-02-24 14:52:18,554 INFO: Updated training history at: /media/Ittwin/E/_uni/DL_Project/tiger-fox-elephant/histories/diffusion/diffusion.v2.1_history.npz
2025-02-24 14:52:18,554 INFO: Checkpoint saved at epoch 1
2025-02-24 14:52:18,555 INFO: Epoch 1 - Generating samples...
2025-02-24 14:52:28,287 INFO: LR: 3.9856e-05
2025-02-24 14:53:25,313 INFO: LR: 7.1683e-05
2025-02-24 14:54:22,564 INFO: LR: 1.1169e-04
2025-02-24 14:54:22,629 INFO: Epoch 002/50 | Train Loss: 0.09847 | LR: 1.117e-04
2025-02-24 14:54:22,842 INFO: Saved model to: /media/Ittwin/E/_uni/DL_Project/tiger-fox-elephant/weights/diffusion/diffusion.v2.1_model.pth
2025-02-24 14:54:22,843 INFO: Updated training history at: /media/Ittwin/E/_uni/DL_Project/tiger-fox-elephant/histories/diffusion/diffusion.v2.1_history.npz
2025-02-24 14:54:22,843 INFO: Checkpoint saved at epoch 2
2025-02-24 14:54:23,915 INFO: LR: 1.1217e-04
2025-02-24 14:55:21,478 INFO: LR: 1.5650e-04
2025-02-24 14:56:18,780 INFO: LR: 2.0078e-04
2025-02-24 14:56:18,820 INFO: Epoch 003/50 | Train Loss: 0.06603 | LR: 2.008e-04
2025-02-24 14:56:19,130 INFO: Saved model to: /media/Ittwin/E/_uni/DL_Project/tiger-fox-elephant/weights/diffusion/diffusion.v2.1_model.pth
2025-02-24 14:56:19,131 INFO: Updated training history at: /media/Ittwin/E/_uni/DL_Project/tiger-fox-elephant/histories/diffusion/diffusion.v2.1_history.npz
2025-02-24 14:56:19,131 INFO: Checkpoint saved at epoch 3
2025-02-24 14:56:19,132 INFO: Epoch 3 - Generating samples...
2025-02-24 14:56:28,807 INFO: LR: 2.0126e-04
2025-02-24 14:57:26,368 INFO: LR: 2.4113e-04
2025-02-24 14:58:23,617 INFO: LR: 2.7273e-04
2025-02-24 14:58:23,649 INFO: Epoch 004/50 | Train Loss: 0.05550 | LR: 2.727e-04
2025-02-24 14:58:23,855 INFO: Saved model to: /media/Ittwin/E/_uni/DL_Project/tiger-fox-elephant/weights/diffusion/diffusion.v2.1_model.pth
2025-02-24 14:58:23,855 INFO: Updated training history at: /media/Ittwin/E/_uni/DL_Project/tiger-fox-elephant/histories/diffusion/diffusion.v2.1_history.npz
2025-02-24 14:58:23,856 INFO: Checkpoint saved at epoch 4
2025-02-24 14:58:24,991 INFO: LR: 2.7303e-04
2025-02-24 14:59:22,543 INFO: LR: 2.9317e-04
2025-02-24 15:00:19,775 INFO: LR: 3.0000e-04
2025-02-24 15:00:19,846 INFO: Epoch 005/50 | Train Loss: 0.05049 | LR: 3.000e-04
2025-02-24 15:00:20,110 INFO: Saved model to: /media/Ittwin/E/_uni/DL_Project/tiger-fox-elephant/weights/diffusion/diffusion.v2.1_model.pth
2025-02-24 15:00:20,111 INFO: Updated training history at: /media/Ittwin/E/_uni/DL_Project/tiger-fox-elephant/histories/diffusion/diffusion.v2.1_history.npz
2025-02-24 15:00:20,111 INFO: Checkpoint saved at epoch 5
2025-02-24 15:00:20,111 INFO: Epoch 5 - Generating samples...
2025-02-24 15:00:29,717 INFO: LR: 3.0000e-04
2025-02-24 15:01:27,220 INFO: LR: 2.9991e-04
2025-02-24 15:02:24,417 INFO: LR: 2.9963e-04
2025-02-24 15:02:24,458 INFO: Epoch 006/50 | Train Loss: 0.04685 | LR: 2.996e-04
2025-02-24 15:02:24,696 INFO: Saved model to: /media/Ittwin/E/_uni/DL_Project/tiger-fox-elephant/weights/diffusion/diffusion.v2.1_model.pth
2025-02-24 15:02:24,697 INFO: Updated training history at: /media/Ittwin/E/_uni/DL_Project/tiger-fox-elephant/histories/diffusion/diffusion.v2.1_history.npz
2025-02-24 15:02:24,697 INFO: Checkpoint saved at epoch 6
2025-02-24 15:02:25,872 INFO: LR: 2.9963e-04
2025-02-24 15:03:23,424 INFO: LR: 2.9917e-04
2025-02-24 15:04:20,641 INFO: LR: 2.9853e-04
2025-02-24 15:04:20,679 INFO: Epoch 007/50 | Train Loss: 0.04575 | LR: 2.985e-04
2025-02-24 15:04:20,940 INFO: Saved model to: /media/Ittwin/E/_uni/DL_Project/tiger-fox-elephant/weights/diffusion/diffusion.v2.1_model.pth
2025-02-24 15:04:20,940 INFO: Updated training history at: /media/Ittwin/E/_uni/DL_Project/tiger-fox-elephant/histories/diffusion/diffusion.v2.1_history.npz
2025-02-24 15:04:20,941 INFO: Checkpoint saved at epoch 7
2025-02-24 15:04:20,941 INFO: Epoch 7 - Generating samples...
2025-02-24 15:04:30,722 INFO: LR: 2.9852e-04
2025-02-24 15:05:28,277 INFO: LR: 2.9771e-04
2025-02-24 15:06:25,513 INFO: LR: 2.9671e-04
2025-02-24 15:06:25,552 INFO: Epoch 008/50 | Train Loss: 0.04227 | LR: 2.967e-04
2025-02-24 15:06:25,778 INFO: Saved model to: /media/Ittwin/E/_uni/DL_Project/tiger-fox-elephant/weights/diffusion/diffusion.v2.1_model.pth
2025-02-24 15:06:25,778 INFO: Updated training history at: /media/Ittwin/E/_uni/DL_Project/tiger-fox-elephant/histories/diffusion/diffusion.v2.1_history.npz
2025-02-24 15:06:25,779 INFO: Checkpoint saved at epoch 8
2025-02-24 15:06:26,997 INFO: LR: 2.9670e-04
2025-02-24 15:07:24,540 INFO: LR: 2.9552e-04
2025-02-24 15:08:21,747 INFO: LR: 2.9417e-04
2025-02-24 15:08:21,829 INFO: Epoch 009/50 | Train Loss: 0.04314 | LR: 2.942e-04
2025-02-24 15:08:22,037 INFO: Saved model to: /media/Ittwin/E/_uni/DL_Project/tiger-fox-elephant/weights/diffusion/diffusion.v2.1_model.pth
2025-02-24 15:08:22,037 INFO: Updated training history at: /media/Ittwin/E/_uni/DL_Project/tiger-fox-elephant/histories/diffusion/diffusion.v2.1_history.npz
2025-02-24 15:08:22,037 INFO: Checkpoint saved at epoch 9
2025-02-24 15:08:22,038 INFO: Epoch 9 - Generating samples...
2025-02-24 15:08:31,612 INFO: LR: 2.9416e-04
2025-02-24 15:09:29,123 INFO: LR: 2.9263e-04
2025-02-24 15:10:26,334 INFO: LR: 2.9093e-04
2025-02-24 15:10:26,370 INFO: Epoch 010/50 | Train Loss: 0.04174 | LR: 2.909e-04
2025-02-24 15:10:26,543 INFO: Saved model to: /media/Ittwin/E/_uni/DL_Project/tiger-fox-elephant/weights/diffusion/diffusion.v2.1_model.pth
2025-02-24 15:10:26,544 INFO: Updated training history at: /media/Ittwin/E/_uni/DL_Project/tiger-fox-elephant/histories/diffusion/diffusion.v2.1_history.npz
2025-02-24 15:10:26,544 INFO: Checkpoint saved at epoch 10
2025-02-24 15:10:27,832 INFO: LR: 2.9091e-04
2025-02-24 15:11:25,356 INFO: LR: 2.8905e-04
2025-02-24 15:12:22,570 INFO: LR: 2.8701e-04
2025-02-24 15:12:22,609 INFO: Epoch 011/50 | Train Loss: 0.04082 | LR: 2.870e-04
2025-02-24 15:12:22,867 INFO: Saved model to: /media/Ittwin/E/_uni/DL_Project/tiger-fox-elephant/weights/diffusion/diffusion.v2.1_model.pth
2025-02-24 15:12:22,867 INFO: Updated training history at: /media/Ittwin/E/_uni/DL_Project/tiger-fox-elephant/histories/diffusion/diffusion.v2.1_history.npz
2025-02-24 15:12:22,867 INFO: Checkpoint saved at epoch 11
2025-02-24 15:12:22,868 INFO: Epoch 11 - Generating samples...
2025-02-24 15:12:32,429 INFO: LR: 2.8699e-04
2025-02-24 15:13:29,979 INFO: LR: 2.8478e-04
2025-02-24 15:14:27,214 INFO: LR: 2.8242e-04
2025-02-24 15:14:27,258 INFO: Epoch 012/50 | Train Loss: 0.04129 | LR: 2.824e-04
2025-02-24 15:14:27,508 INFO: Saved model to: /media/Ittwin/E/_uni/DL_Project/tiger-fox-elephant/weights/diffusion/diffusion.v2.1_model.pth
2025-02-24 15:14:27,508 INFO: Updated training history at: /media/Ittwin/E/_uni/DL_Project/tiger-fox-elephant/histories/diffusion/diffusion.v2.1_history.npz
2025-02-24 15:14:27,508 INFO: Checkpoint saved at epoch 12
2025-02-24 15:14:28,708 INFO: LR: 2.8239e-04
2025-02-24 15:15:26,252 INFO: LR: 2.7986e-04
2025-02-24 15:16:23,582 INFO: LR: 2.7718e-04
2025-02-24 15:16:23,622 INFO: Epoch 013/50 | Train Loss: 0.03963 | LR: 2.772e-04
2025-02-24 15:16:23,813 INFO: Saved model to: /media/Ittwin/E/_uni/DL_Project/tiger-fox-elephant/weights/diffusion/diffusion.v2.1_model.pth
2025-02-24 15:16:23,813 INFO: Updated training history at: /media/Ittwin/E/_uni/DL_Project/tiger-fox-elephant/histories/diffusion/diffusion.v2.1_history.npz
2025-02-24 15:16:23,813 INFO: Checkpoint saved at epoch 13
2025-02-24 15:16:23,814 INFO: Epoch 13 - Generating samples...
2025-02-24 15:16:33,614 INFO: LR: 2.7715e-04
2025-02-24 15:17:31,192 INFO: LR: 2.7431e-04
2025-02-24 15:18:28,410 INFO: LR: 2.7132e-04
2025-02-24 15:18:28,470 INFO: Epoch 014/50 | Train Loss: 0.04160 | LR: 2.713e-04
2025-02-24 15:18:28,720 INFO: Saved model to: /media/Ittwin/E/_uni/DL_Project/tiger-fox-elephant/weights/diffusion/diffusion.v2.1_model.pth
2025-02-24 15:18:28,720 INFO: Updated training history at: /media/Ittwin/E/_uni/DL_Project/tiger-fox-elephant/histories/diffusion/diffusion.v2.1_history.npz
2025-02-24 15:18:28,721 INFO: Checkpoint saved at epoch 14
2025-02-24 15:18:29,828 INFO: LR: 2.7129e-04
2025-02-24 15:19:27,403 INFO: LR: 2.6815e-04
2025-02-24 15:20:24,644 INFO: LR: 2.6487e-04
2025-02-24 15:20:24,695 INFO: Epoch 015/50 | Train Loss: 0.04237 | LR: 2.649e-04
2025-02-24 15:20:24,936 INFO: Saved model to: /media/Ittwin/E/_uni/DL_Project/tiger-fox-elephant/weights/diffusion/diffusion.v2.1_model.pth
2025-02-24 15:20:24,937 INFO: Updated training history at: /media/Ittwin/E/_uni/DL_Project/tiger-fox-elephant/histories/diffusion/diffusion.v2.1_history.npz
2025-02-24 15:20:24,937 INFO: Checkpoint saved at epoch 15
2025-02-24 15:20:24,938 INFO: Epoch 15 - Generating samples...
2025-02-24 15:20:34,581 INFO: LR: 2.6483e-04
2025-02-24 15:21:32,116 INFO: LR: 2.6142e-04
2025-02-24 15:22:29,345 INFO: LR: 2.5786e-04
2025-02-24 15:22:29,405 INFO: Epoch 016/50 | Train Loss: 0.04070 | LR: 2.579e-04
2025-02-24 15:22:29,650 INFO: Saved model to: /media/Ittwin/E/_uni/DL_Project/tiger-fox-elephant/weights/diffusion/diffusion.v2.1_model.pth
2025-02-24 15:22:29,650 INFO: Updated training history at: /media/Ittwin/E/_uni/DL_Project/tiger-fox-elephant/histories/diffusion/diffusion.v2.1_history.npz
2025-02-24 15:22:29,650 INFO: Checkpoint saved at epoch 16
2025-02-24 15:22:30,748 INFO: LR: 2.5782e-04
2025-02-24 15:23:28,299 INFO: LR: 2.5414e-04
2025-02-24 15:24:25,498 INFO: LR: 2.5033e-04
2025-02-24 15:24:25,545 INFO: Epoch 017/50 | Train Loss: 0.04021 | LR: 2.503e-04
2025-02-24 15:24:25,732 INFO: Saved model to: /media/Ittwin/E/_uni/DL_Project/tiger-fox-elephant/weights/diffusion/diffusion.v2.1_model.pth
2025-02-24 15:24:25,732 INFO: Updated training history at: /media/Ittwin/E/_uni/DL_Project/tiger-fox-elephant/histories/diffusion/diffusion.v2.1_history.npz
2025-02-24 15:24:25,733 INFO: Checkpoint saved at epoch 17
2025-02-24 15:24:25,733 INFO: Epoch 17 - Generating samples...
2025-02-24 15:24:35,410 INFO: LR: 2.5029e-04
2025-02-24 15:25:32,969 INFO: LR: 2.4635e-04
2025-02-24 15:26:30,211 INFO: LR: 2.4231e-04
2025-02-24 15:26:30,257 INFO: Epoch 018/50 | Train Loss: 0.04124 | LR: 2.423e-04
2025-02-24 15:26:30,512 INFO: Saved model to: /media/Ittwin/E/_uni/DL_Project/tiger-fox-elephant/weights/diffusion/diffusion.v2.1_model.pth
2025-02-24 15:26:30,512 INFO: Updated training history at: /media/Ittwin/E/_uni/DL_Project/tiger-fox-elephant/histories/diffusion/diffusion.v2.1_history.npz
2025-02-24 15:26:30,513 INFO: Checkpoint saved at epoch 18
2025-02-24 15:26:31,721 INFO: LR: 2.4226e-04
2025-02-24 15:27:29,253 INFO: LR: 2.3810e-04
2025-02-24 15:28:26,483 INFO: LR: 2.3383e-04
2025-02-24 15:28:26,552 INFO: Epoch 019/50 | Train Loss: 0.03921 | LR: 2.338e-04
2025-02-24 15:28:26,820 INFO: Saved model to: /media/Ittwin/E/_uni/DL_Project/tiger-fox-elephant/weights/diffusion/diffusion.v2.1_model.pth
2025-02-24 15:28:26,820 INFO: Updated training history at: /media/Ittwin/E/_uni/DL_Project/tiger-fox-elephant/histories/diffusion/diffusion.v2.1_history.npz
2025-02-24 15:28:26,821 INFO: Checkpoint saved at epoch 19
2025-02-24 15:28:26,821 INFO: Epoch 19 - Generating samples...
2025-02-24 15:28:36,374 INFO: LR: 2.3379e-04
2025-02-24 15:29:33,955 INFO: LR: 2.2942e-04
2025-02-24 15:30:31,167 INFO: LR: 2.2495e-04
2025-02-24 15:30:31,215 INFO: Epoch 020/50 | Train Loss: 0.03854 | LR: 2.250e-04
2025-02-24 15:30:31,416 INFO: Saved model to: /media/Ittwin/E/_uni/DL_Project/tiger-fox-elephant/weights/diffusion/diffusion.v2.1_model.pth
2025-02-24 15:30:31,416 INFO: Updated training history at: /media/Ittwin/E/_uni/DL_Project/tiger-fox-elephant/histories/diffusion/diffusion.v2.1_history.npz
2025-02-24 15:30:31,416 INFO: Checkpoint saved at epoch 20
2025-02-24 15:30:32,795 INFO: LR: 2.2490e-04
2025-02-24 15:31:30,335 INFO: LR: 2.2035e-04
2025-02-24 15:32:27,523 INFO: LR: 2.1571e-04
2025-02-24 15:32:27,591 INFO: Epoch 021/50 | Train Loss: 0.03936 | LR: 2.157e-04
2025-02-24 15:32:27,802 INFO: Saved model to: /media/Ittwin/E/_uni/DL_Project/tiger-fox-elephant/weights/diffusion/diffusion.v2.1_model.pth
2025-02-24 15:32:27,803 INFO: Updated training history at: /media/Ittwin/E/_uni/DL_Project/tiger-fox-elephant/histories/diffusion/diffusion.v2.1_history.npz
2025-02-24 15:32:27,803 INFO: Checkpoint saved at epoch 21
2025-02-24 15:32:27,803 INFO: Epoch 21 - Generating samples...
2025-02-24 15:32:37,557 INFO: LR: 2.1566e-04
2025-02-24 15:33:35,043 INFO: LR: 2.1093e-04
2025-02-24 15:34:32,288 INFO: LR: 2.0614e-04
2025-02-24 15:34:32,343 INFO: Epoch 022/50 | Train Loss: 0.03799 | LR: 2.061e-04
2025-02-24 15:34:32,596 INFO: Saved model to: /media/Ittwin/E/_uni/DL_Project/tiger-fox-elephant/weights/diffusion/diffusion.v2.1_model.pth
2025-02-24 15:34:32,597 INFO: Updated training history at: /media/Ittwin/E/_uni/DL_Project/tiger-fox-elephant/histories/diffusion/diffusion.v2.1_history.npz
2025-02-24 15:34:32,597 INFO: Checkpoint saved at epoch 22
2025-02-24 15:34:33,767 INFO: LR: 2.0609e-04
2025-02-24 15:35:31,361 INFO: LR: 2.0123e-04
2025-02-24 15:36:28,649 INFO: LR: 1.9630e-04
2025-02-24 15:36:28,700 INFO: Epoch 023/50 | Train Loss: 0.03769 | LR: 1.963e-04
2025-02-24 15:36:28,911 INFO: Saved model to: /media/Ittwin/E/_uni/DL_Project/tiger-fox-elephant/weights/diffusion/diffusion.v2.1_model.pth
2025-02-24 15:36:28,911 INFO: Updated training history at: /media/Ittwin/E/_uni/DL_Project/tiger-fox-elephant/histories/diffusion/diffusion.v2.1_history.npz
2025-02-24 15:36:28,911 INFO: Checkpoint saved at epoch 23
2025-02-24 15:36:28,911 INFO: Epoch 23 - Generating samples...
2025-02-24 15:36:38,638 INFO: LR: 1.9625e-04
2025-02-24 15:37:36,195 INFO: LR: 1.9127e-04
2025-02-24 15:38:33,406 INFO: LR: 1.8624e-04
2025-02-24 15:38:33,474 INFO: Epoch 024/50 | Train Loss: 0.03833 | LR: 1.862e-04
2025-02-24 15:38:33,679 INFO: Saved model to: /media/Ittwin/E/_uni/DL_Project/tiger-fox-elephant/weights/diffusion/diffusion.v2.1_model.pth
2025-02-24 15:38:33,679 INFO: Updated training history at: /media/Ittwin/E/_uni/DL_Project/tiger-fox-elephant/histories/diffusion/diffusion.v2.1_history.npz
2025-02-24 15:38:33,679 INFO: Checkpoint saved at epoch 24
2025-02-24 15:38:34,806 INFO: LR: 1.8618e-04
2025-02-24 15:39:32,385 INFO: LR: 1.8111e-04
2025-02-24 15:40:29,637 INFO: LR: 1.7600e-04
2025-02-24 15:40:29,685 INFO: Epoch 025/50 | Train Loss: 0.03873 | LR: 1.760e-04
2025-02-24 15:40:30,002 INFO: Saved model to: /media/Ittwin/E/_uni/DL_Project/tiger-fox-elephant/weights/diffusion/diffusion.v2.1_model.pth
2025-02-24 15:40:30,002 INFO: Updated training history at: /media/Ittwin/E/_uni/DL_Project/tiger-fox-elephant/histories/diffusion/diffusion.v2.1_history.npz
2025-02-24 15:40:30,002 INFO: Checkpoint saved at epoch 25
2025-02-24 15:40:30,002 INFO: Epoch 25 - Generating samples...
2025-02-24 15:40:39,824 INFO: LR: 1.7594e-04
2025-02-24 15:41:37,341 INFO: LR: 1.7080e-04
2025-02-24 15:42:34,571 INFO: LR: 1.6563e-04
2025-02-24 15:42:34,641 INFO: Epoch 026/50 | Train Loss: 0.03953 | LR: 1.656e-04
2025-02-24 15:42:34,879 INFO: Saved model to: /media/Ittwin/E/_uni/DL_Project/tiger-fox-elephant/weights/diffusion/diffusion.v2.1_model.pth
2025-02-24 15:42:34,879 INFO: Updated training history at: /media/Ittwin/E/_uni/DL_Project/tiger-fox-elephant/histories/diffusion/diffusion.v2.1_history.npz
2025-02-24 15:42:34,880 INFO: Checkpoint saved at epoch 26
2025-02-24 15:42:36,108 INFO: LR: 1.6557e-04
2025-02-24 15:43:33,630 INFO: LR: 1.6038e-04
2025-02-24 15:44:30,819 INFO: LR: 1.5518e-04
2025-02-24 15:44:30,883 INFO: Epoch 027/50 | Train Loss: 0.03808 | LR: 1.552e-04
2025-02-24 15:44:31,079 INFO: Saved model to: /media/Ittwin/E/_uni/DL_Project/tiger-fox-elephant/weights/diffusion/diffusion.v2.1_model.pth
2025-02-24 15:44:31,080 INFO: Updated training history at: /media/Ittwin/E/_uni/DL_Project/tiger-fox-elephant/histories/diffusion/diffusion.v2.1_history.npz
2025-02-24 15:44:31,080 INFO: Checkpoint saved at epoch 27
2025-02-24 15:44:31,080 INFO: Epoch 27 - Generating samples...
2025-02-24 15:44:40,788 INFO: LR: 1.5513e-04
2025-02-24 15:45:38,315 INFO: LR: 1.4992e-04
2025-02-24 15:46:35,487 INFO: LR: 1.4471e-04
2025-02-24 15:46:35,540 INFO: Epoch 028/50 | Train Loss: 0.03815 | LR: 1.447e-04
2025-02-24 15:46:35,720 INFO: Saved model to: /media/Ittwin/E/_uni/DL_Project/tiger-fox-elephant/weights/diffusion/diffusion.v2.1_model.pth
2025-02-24 15:46:35,721 INFO: Updated training history at: /media/Ittwin/E/_uni/DL_Project/tiger-fox-elephant/histories/diffusion/diffusion.v2.1_history.npz
2025-02-24 15:46:35,721 INFO: Checkpoint saved at epoch 28
2025-02-24 15:46:37,151 INFO: LR: 1.4466e-04
2025-02-24 15:47:34,709 INFO: LR: 1.3946e-04
2025-02-24 15:48:31,932 INFO: LR: 1.3427e-04
2025-02-24 15:48:31,983 INFO: Epoch 029/50 | Train Loss: 0.03713 | LR: 1.343e-04
2025-02-24 15:48:32,260 INFO: Saved model to: /media/Ittwin/E/_uni/DL_Project/tiger-fox-elephant/weights/diffusion/diffusion.v2.1_model.pth
2025-02-24 15:48:32,261 INFO: Updated training history at: /media/Ittwin/E/_uni/DL_Project/tiger-fox-elephant/histories/diffusion/diffusion.v2.1_history.npz
2025-02-24 15:48:32,261 INFO: Checkpoint saved at epoch 29
2025-02-24 15:48:32,261 INFO: Epoch 29 - Generating samples...
2025-02-24 15:48:42,050 INFO: LR: 1.3421e-04
2025-02-24 15:49:39,540 INFO: LR: 1.2904e-04
2025-02-24 15:50:36,718 INFO: LR: 1.2390e-04
2025-02-24 15:50:36,780 INFO: Epoch 030/50 | Train Loss: 0.03710 | LR: 1.239e-04
2025-02-24 15:50:37,052 INFO: Saved model to: /media/Ittwin/E/_uni/DL_Project/tiger-fox-elephant/weights/diffusion/diffusion.v2.1_model.pth
2025-02-24 15:50:37,052 INFO: Updated training history at: /media/Ittwin/E/_uni/DL_Project/tiger-fox-elephant/histories/diffusion/diffusion.v2.1_history.npz
2025-02-24 15:50:37,052 INFO: Checkpoint saved at epoch 30
2025-02-24 15:50:38,352 INFO: LR: 1.2385e-04
2025-02-24 15:51:35,858 INFO: LR: 1.1874e-04
2025-02-24 15:52:33,039 INFO: LR: 1.1366e-04
2025-02-24 15:52:33,088 INFO: Epoch 031/50 | Train Loss: 0.03843 | LR: 1.137e-04
2025-02-24 15:52:33,340 INFO: Saved model to: /media/Ittwin/E/_uni/DL_Project/tiger-fox-elephant/weights/diffusion/diffusion.v2.1_model.pth
2025-02-24 15:52:33,340 INFO: Updated training history at: /media/Ittwin/E/_uni/DL_Project/tiger-fox-elephant/histories/diffusion/diffusion.v2.1_history.npz
2025-02-24 15:52:33,341 INFO: Checkpoint saved at epoch 31
2025-02-24 15:52:33,341 INFO: Epoch 31 - Generating samples...
2025-02-24 15:52:43,037 INFO: LR: 1.1361e-04
2025-02-24 15:53:40,562 INFO: LR: 1.0858e-04
2025-02-24 15:54:37,776 INFO: LR: 1.0360e-04
2025-02-24 15:54:37,841 INFO: Epoch 032/50 | Train Loss: 0.03841 | LR: 1.036e-04
2025-02-24 15:54:38,070 INFO: Saved model to: /media/Ittwin/E/_uni/DL_Project/tiger-fox-elephant/weights/diffusion/diffusion.v2.1_model.pth
2025-02-24 15:54:38,070 INFO: Updated training history at: /media/Ittwin/E/_uni/DL_Project/tiger-fox-elephant/histories/diffusion/diffusion.v2.1_history.npz
2025-02-24 15:54:38,071 INFO: Checkpoint saved at epoch 32
2025-02-24 15:54:39,425 INFO: LR: 1.0355e-04
2025-02-24 15:55:36,935 INFO: LR: 9.8623e-05
2025-02-24 15:56:34,139 INFO: LR: 9.3764e-05
2025-02-24 15:56:34,207 INFO: Epoch 033/50 | Train Loss: 0.03806 | LR: 9.376e-05
2025-02-24 15:56:34,438 INFO: Saved model to: /media/Ittwin/E/_uni/DL_Project/tiger-fox-elephant/weights/diffusion/diffusion.v2.1_model.pth
2025-02-24 15:56:34,439 INFO: Updated training history at: /media/Ittwin/E/_uni/DL_Project/tiger-fox-elephant/histories/diffusion/diffusion.v2.1_history.npz
2025-02-24 15:56:34,439 INFO: Checkpoint saved at epoch 33
2025-02-24 15:56:34,439 INFO: Epoch 33 - Generating samples...
2025-02-24 15:56:44,167 INFO: LR: 9.3710e-05
2025-02-24 15:57:41,647 INFO: LR: 8.8919e-05
2025-02-24 15:58:38,841 INFO: LR: 8.4201e-05
2025-02-24 15:58:38,893 INFO: Epoch 034/50 | Train Loss: 0.03749 | LR: 8.420e-05
2025-02-24 15:58:39,121 INFO: Saved model to: /media/Ittwin/E/_uni/DL_Project/tiger-fox-elephant/weights/diffusion/diffusion.v2.1_model.pth
2025-02-24 15:58:39,122 INFO: Updated training history at: /media/Ittwin/E/_uni/DL_Project/tiger-fox-elephant/histories/diffusion/diffusion.v2.1_history.npz
2025-02-24 15:58:39,122 INFO: Checkpoint saved at epoch 34
2025-02-24 15:58:40,390 INFO: LR: 8.4149e-05
2025-02-24 15:59:37,881 INFO: LR: 7.9511e-05
2025-02-24 16:00:35,116 INFO: LR: 7.4959e-05
2025-02-24 16:00:35,176 INFO: Epoch 035/50 | Train Loss: 0.03772 | LR: 7.496e-05
2025-02-24 16:00:35,457 INFO: Saved model to: /media/Ittwin/E/_uni/DL_Project/tiger-fox-elephant/weights/diffusion/diffusion.v2.1_model.pth
2025-02-24 16:00:35,458 INFO: Updated training history at: /media/Ittwin/E/_uni/DL_Project/tiger-fox-elephant/histories/diffusion/diffusion.v2.1_history.npz
2025-02-24 16:00:35,458 INFO: Checkpoint saved at epoch 35
2025-02-24 16:00:35,458 INFO: Epoch 35 - Generating samples...
2025-02-24 16:00:45,013 INFO: LR: 7.4909e-05
2025-02-24 16:01:42,551 INFO: LR: 7.0448e-05
2025-02-24 16:02:39,798 INFO: LR: 6.6082e-05
2025-02-24 16:02:39,863 INFO: Epoch 036/50 | Train Loss: 0.03702 | LR: 6.608e-05
2025-02-24 16:02:40,070 INFO: Saved model to: /media/Ittwin/E/_uni/DL_Project/tiger-fox-elephant/weights/diffusion/diffusion.v2.1_model.pth
2025-02-24 16:02:40,070 INFO: Updated training history at: /media/Ittwin/E/_uni/DL_Project/tiger-fox-elephant/histories/diffusion/diffusion.v2.1_history.npz
2025-02-24 16:02:40,070 INFO: Checkpoint saved at epoch 36
2025-02-24 16:02:41,204 INFO: LR: 6.6035e-05
2025-02-24 16:03:38,739 INFO: LR: 6.1772e-05
2025-02-24 16:04:35,984 INFO: LR: 5.7615e-05
2025-02-24 16:04:36,070 INFO: Epoch 037/50 | Train Loss: 0.03753 | LR: 5.761e-05
2025-02-24 16:04:36,340 INFO: Saved model to: /media/Ittwin/E/_uni/DL_Project/tiger-fox-elephant/weights/diffusion/diffusion.v2.1_model.pth
2025-02-24 16:04:36,341 INFO: Updated training history at: /media/Ittwin/E/_uni/DL_Project/tiger-fox-elephant/histories/diffusion/diffusion.v2.1_history.npz
2025-02-24 16:04:36,341 INFO: Checkpoint saved at epoch 37
2025-02-24 16:04:36,341 INFO: Epoch 37 - Generating samples...
2025-02-24 16:04:46,030 INFO: LR: 5.7569e-05
2025-02-24 16:05:43,544 INFO: LR: 5.3525e-05
2025-02-24 16:06:40,821 INFO: LR: 4.9597e-05
2025-02-24 16:06:40,873 INFO: Epoch 038/50 | Train Loss: 0.03640 | LR: 4.960e-05
2025-02-24 16:06:41,160 INFO: Saved model to: /media/Ittwin/E/_uni/DL_Project/tiger-fox-elephant/weights/diffusion/diffusion.v2.1_model.pth
2025-02-24 16:06:41,161 INFO: Updated training history at: /media/Ittwin/E/_uni/DL_Project/tiger-fox-elephant/histories/diffusion/diffusion.v2.1_history.npz
2025-02-24 16:06:41,161 INFO: Checkpoint saved at epoch 38
2025-02-24 16:06:42,552 INFO: LR: 4.9554e-05
2025-02-24 16:07:40,084 INFO: LR: 4.5749e-05
2025-02-24 16:08:37,363 INFO: LR: 4.2069e-05
2025-02-24 16:08:37,416 INFO: Epoch 039/50 | Train Loss: 0.03744 | LR: 4.207e-05
2025-02-24 16:08:37,620 INFO: Saved model to: /media/Ittwin/E/_uni/DL_Project/tiger-fox-elephant/weights/diffusion/diffusion.v2.1_model.pth
2025-02-24 16:08:37,620 INFO: Updated training history at: /media/Ittwin/E/_uni/DL_Project/tiger-fox-elephant/histories/diffusion/diffusion.v2.1_history.npz
2025-02-24 16:08:37,620 INFO: Checkpoint saved at epoch 39
2025-02-24 16:08:37,620 INFO: Epoch 39 - Generating samples...
2025-02-24 16:08:47,539 INFO: LR: 4.2029e-05
2025-02-24 16:09:45,136 INFO: LR: 3.8481e-05
2025-02-24 16:10:42,383 INFO: LR: 3.5067e-05
2025-02-24 16:10:42,438 INFO: Epoch 040/50 | Train Loss: 0.03693 | LR: 3.507e-05
2025-02-24 16:10:42,625 INFO: Saved model to: /media/Ittwin/E/_uni/DL_Project/tiger-fox-elephant/weights/diffusion/diffusion.v2.1_model.pth
2025-02-24 16:10:42,625 INFO: Updated training history at: /media/Ittwin/E/_uni/DL_Project/tiger-fox-elephant/histories/diffusion/diffusion.v2.1_history.npz
2025-02-24 16:10:42,626 INFO: Checkpoint saved at epoch 40
2025-02-24 16:10:43,760 INFO: LR: 3.5030e-05
2025-02-24 16:11:41,317 INFO: LR: 3.1756e-05
2025-02-24 16:12:38,566 INFO: LR: 2.8624e-05
2025-02-24 16:12:38,618 INFO: Epoch 041/50 | Train Loss: 0.03723 | LR: 2.862e-05
2025-02-24 16:12:38,862 INFO: Saved model to: /media/Ittwin/E/_uni/DL_Project/tiger-fox-elephant/weights/diffusion/diffusion.v2.1_model.pth
2025-02-24 16:12:38,862 INFO: Updated training history at: /media/Ittwin/E/_uni/DL_Project/tiger-fox-elephant/histories/diffusion/diffusion.v2.1_history.npz
2025-02-24 16:12:38,863 INFO: Checkpoint saved at epoch 41
2025-02-24 16:12:38,863 INFO: Epoch 41 - Generating samples...
2025-02-24 16:12:48,587 INFO: LR: 2.8590e-05
2025-02-24 16:13:46,116 INFO: LR: 2.5607e-05
2025-02-24 16:14:43,336 INFO: LR: 2.2773e-05
2025-02-24 16:14:43,401 INFO: Epoch 042/50 | Train Loss: 0.03652 | LR: 2.277e-05
2025-02-24 16:14:43,633 INFO: Saved model to: /media/Ittwin/E/_uni/DL_Project/tiger-fox-elephant/weights/diffusion/diffusion.v2.1_model.pth
2025-02-24 16:14:43,634 INFO: Updated training history at: /media/Ittwin/E/_uni/DL_Project/tiger-fox-elephant/histories/diffusion/diffusion.v2.1_history.npz
2025-02-24 16:14:43,634 INFO: Checkpoint saved at epoch 42
2025-02-24 16:14:44,870 INFO: LR: 2.2743e-05
2025-02-24 16:15:42,437 INFO: LR: 2.0064e-05
2025-02-24 16:16:39,638 INFO: LR: 1.7542e-05
2025-02-24 16:16:39,691 INFO: Epoch 043/50 | Train Loss: 0.03576 | LR: 1.754e-05
2025-02-24 16:16:39,953 INFO: Saved model to: /media/Ittwin/E/_uni/DL_Project/tiger-fox-elephant/weights/diffusion/diffusion.v2.1_model.pth
2025-02-24 16:16:39,953 INFO: Updated training history at: /media/Ittwin/E/_uni/DL_Project/tiger-fox-elephant/histories/diffusion/diffusion.v2.1_history.npz
2025-02-24 16:16:39,954 INFO: Checkpoint saved at epoch 43
2025-02-24 16:16:39,954 INFO: Epoch 43 - Generating samples...
2025-02-24 16:16:49,713 INFO: LR: 1.7515e-05
2025-02-24 16:17:47,326 INFO: LR: 1.5154e-05
2025-02-24 16:18:44,552 INFO: LR: 1.2956e-05
2025-02-24 16:18:44,608 INFO: Epoch 044/50 | Train Loss: 0.03621 | LR: 1.296e-05
2025-02-24 16:18:44,910 INFO: Saved model to: /media/Ittwin/E/_uni/DL_Project/tiger-fox-elephant/weights/diffusion/diffusion.v2.1_model.pth
2025-02-24 16:18:44,910 INFO: Updated training history at: /media/Ittwin/E/_uni/DL_Project/tiger-fox-elephant/histories/diffusion/diffusion.v2.1_history.npz
2025-02-24 16:18:44,910 INFO: Checkpoint saved at epoch 44
2025-02-24 16:18:46,226 INFO: LR: 1.2933e-05
2025-02-24 16:19:43,723 INFO: LR: 1.0901e-05
2025-02-24 16:20:40,904 INFO: LR: 9.0380e-06
2025-02-24 16:20:40,959 INFO: Epoch 045/50 | Train Loss: 0.03587 | LR: 9.038e-06
2025-02-24 16:20:41,200 INFO: Saved model to: /media/Ittwin/E/_uni/DL_Project/tiger-fox-elephant/weights/diffusion/diffusion.v2.1_model.pth
2025-02-24 16:20:41,200 INFO: Updated training history at: /media/Ittwin/E/_uni/DL_Project/tiger-fox-elephant/histories/diffusion/diffusion.v2.1_history.npz
2025-02-24 16:20:41,200 INFO: Checkpoint saved at epoch 45
2025-02-24 16:20:41,201 INFO: Epoch 45 - Generating samples...
2025-02-24 16:20:50,940 INFO: LR: 9.0182e-06
2025-02-24 16:21:48,521 INFO: LR: 7.3264e-06
2025-02-24 16:22:45,807 INFO: LR: 5.8066e-06
2025-02-24 16:22:45,859 INFO: Epoch 046/50 | Train Loss: 0.03658 | LR: 5.807e-06
2025-02-24 16:22:46,109 INFO: Saved model to: /media/Ittwin/E/_uni/DL_Project/tiger-fox-elephant/weights/diffusion/diffusion.v2.1_model.pth
2025-02-24 16:22:46,109 INFO: Updated training history at: /media/Ittwin/E/_uni/DL_Project/tiger-fox-elephant/histories/diffusion/diffusion.v2.1_history.npz
2025-02-24 16:22:46,109 INFO: Checkpoint saved at epoch 46
2025-02-24 16:22:47,423 INFO: LR: 5.7907e-06
2025-02-24 16:23:45,013 INFO: LR: 4.4465e-06
2025-02-24 16:24:42,270 INFO: LR: 3.2777e-06
2025-02-24 16:24:42,321 INFO: Epoch 047/50 | Train Loss: 0.03687 | LR: 3.278e-06
2025-02-24 16:24:42,567 INFO: Saved model to: /media/Ittwin/E/_uni/DL_Project/tiger-fox-elephant/weights/diffusion/diffusion.v2.1_model.pth
2025-02-24 16:24:42,567 INFO: Updated training history at: /media/Ittwin/E/_uni/DL_Project/tiger-fox-elephant/histories/diffusion/diffusion.v2.1_history.npz
2025-02-24 16:24:42,568 INFO: Checkpoint saved at epoch 47
2025-02-24 16:24:42,568 INFO: Epoch 47 - Generating samples...
2025-02-24 16:24:52,355 INFO: LR: 3.2657e-06
2025-02-24 16:25:49,961 INFO: LR: 2.2757e-06
2025-02-24 16:26:47,201 INFO: LR: 1.4637e-06
2025-02-24 16:26:47,263 INFO: Epoch 048/50 | Train Loss: 0.03734 | LR: 1.464e-06
2025-02-24 16:26:47,562 INFO: Saved model to: /media/Ittwin/E/_uni/DL_Project/tiger-fox-elephant/weights/diffusion/diffusion.v2.1_model.pth
2025-02-24 16:26:47,562 INFO: Updated training history at: /media/Ittwin/E/_uni/DL_Project/tiger-fox-elephant/histories/diffusion/diffusion.v2.1_history.npz
2025-02-24 16:26:47,562 INFO: Checkpoint saved at epoch 48
2025-02-24 16:26:48,921 INFO: LR: 1.4557e-06
2025-02-24 16:27:46,428 INFO: LR: 8.2464e-07
2025-02-24 16:28:43,656 INFO: LR: 3.7335e-07
2025-02-24 16:28:43,733 INFO: Epoch 049/50 | Train Loss: 0.03580 | LR: 3.734e-07
2025-02-24 16:28:43,913 INFO: Saved model to: /media/Ittwin/E/_uni/DL_Project/tiger-fox-elephant/weights/diffusion/diffusion.v2.1_model.pth
2025-02-24 16:28:43,913 INFO: Updated training history at: /media/Ittwin/E/_uni/DL_Project/tiger-fox-elephant/histories/diffusion/diffusion.v2.1_history.npz
2025-02-24 16:28:43,913 INFO: Checkpoint saved at epoch 49
2025-02-24 16:28:43,914 INFO: Epoch 49 - Generating samples...
2025-02-24 16:28:53,726 INFO: LR: 3.6935e-07
2025-02-24 16:29:51,266 INFO: LR: 1.0037e-07
2025-02-24 16:30:48,490 INFO: LR: 1.2011e-08
2025-02-24 16:30:48,541 INFO: Epoch 050/50 | Train Loss: 0.03633 | LR: 1.201e-08
2025-02-24 16:30:48,797 INFO: Saved model to: /media/Ittwin/E/_uni/DL_Project/tiger-fox-elephant/weights/diffusion/diffusion.v2.1_model.pth
2025-02-24 16:30:48,797 INFO: Updated training history at: /media/Ittwin/E/_uni/DL_Project/tiger-fox-elephant/histories/diffusion/diffusion.v2.1_history.npz
2025-02-24 16:30:48,797 INFO: Checkpoint saved at epoch 50
2025-02-24 16:30:48,797 INFO: Training complete. Final model saved.
2025-02-24 16:30:48,798 INFO: Training completed. Generating final samples...
2025-02-24 16:31:05,687 INFO: Initializing diffusion model training...
2025-02-24 16:31:05,922 INFO: Loaded model from /media/Ittwin/E/_uni/DL_Project/tiger-fox-elephant/weights/diffusion/diffusion.v2.1_model.pth
2025-02-24 16:31:05,923 INFO: Dataset contains 6499 images
2025-02-24 16:31:05,924 INFO: Model architecture:
UNet2DModel(
  (conv_in): Conv2d(3, 64, kernel_size=(3, 3), stride=(1, 1), padding=(1, 1))
  (time_proj): Timesteps()
  (time_embedding): TimestepEmbedding(
    (linear_1): Linear(in_features=64, out_features=256, bias=True)
    (act): SiLU()
    (linear_2): Linear(in_features=256, out_features=256, bias=True)
  )
  (down_blocks): ModuleList(
    (0): DownBlock2D(
      (resnets): ModuleList(
        (0-1): 2 x ResnetBlock2D(
          (norm1): GroupNorm(32, 64, eps=1e-05, affine=True)
          (conv1): Conv2d(64, 64, kernel_size=(3, 3), stride=(1, 1), padding=(1, 1))
          (time_emb_proj): Linear(in_features=256, out_features=64, bias=True)
          (norm2): GroupNorm(32, 64, eps=1e-05, affine=True)
          (dropout): Dropout(p=0.0, inplace=False)
          (conv2): Conv2d(64, 64, kernel_size=(3, 3), stride=(1, 1), padding=(1, 1))
          (nonlinearity): SiLU()
        )
      )
      (downsamplers): ModuleList(
        (0): Downsample2D(
          (conv): Conv2d(64, 64, kernel_size=(3, 3), stride=(2, 2), padding=(1, 1))
        )
      )
    )
    (1): DownBlock2D(
      (resnets): ModuleList(
        (0): ResnetBlock2D(
          (norm1): GroupNorm(32, 64, eps=1e-05, affine=True)
          (conv1): Conv2d(64, 128, kernel_size=(3, 3), stride=(1, 1), padding=(1, 1))
          (time_emb_proj): Linear(in_features=256, out_features=128, bias=True)
          (norm2): GroupNorm(32, 128, eps=1e-05, affine=True)
          (dropout): Dropout(p=0.0, inplace=False)
          (conv2): Conv2d(128, 128, kernel_size=(3, 3), stride=(1, 1), padding=(1, 1))
          (nonlinearity): SiLU()
          (conv_shortcut): Conv2d(64, 128, kernel_size=(1, 1), stride=(1, 1))
        )
        (1): ResnetBlock2D(
          (norm1): GroupNorm(32, 128, eps=1e-05, affine=True)
          (conv1): Conv2d(128, 128, kernel_size=(3, 3), stride=(1, 1), padding=(1, 1))
          (time_emb_proj): Linear(in_features=256, out_features=128, bias=True)
          (norm2): GroupNorm(32, 128, eps=1e-05, affine=True)
          (dropout): Dropout(p=0.0, inplace=False)
          (conv2): Conv2d(128, 128, kernel_size=(3, 3), stride=(1, 1), padding=(1, 1))
          (nonlinearity): SiLU()
        )
      )
      (downsamplers): ModuleList(
        (0): Downsample2D(
          (conv): Conv2d(128, 128, kernel_size=(3, 3), stride=(2, 2), padding=(1, 1))
        )
      )
    )
    (2): AttnDownBlock2D(
      (attentions): ModuleList(
        (0-1): 2 x Attention(
          (group_norm): GroupNorm(32, 256, eps=1e-05, affine=True)
          (to_q): Linear(in_features=256, out_features=256, bias=True)
          (to_k): Linear(in_features=256, out_features=256, bias=True)
          (to_v): Linear(in_features=256, out_features=256, bias=True)
          (to_out): ModuleList(
            (0): Linear(in_features=256, out_features=256, bias=True)
            (1): Dropout(p=0.0, inplace=False)
          )
        )
      )
      (resnets): ModuleList(
        (0): ResnetBlock2D(
          (norm1): GroupNorm(32, 128, eps=1e-05, affine=True)
          (conv1): Conv2d(128, 256, kernel_size=(3, 3), stride=(1, 1), padding=(1, 1))
          (time_emb_proj): Linear(in_features=256, out_features=256, bias=True)
          (norm2): GroupNorm(32, 256, eps=1e-05, affine=True)
          (dropout): Dropout(p=0.0, inplace=False)
          (conv2): Conv2d(256, 256, kernel_size=(3, 3), stride=(1, 1), padding=(1, 1))
          (nonlinearity): SiLU()
          (conv_shortcut): Conv2d(128, 256, kernel_size=(1, 1), stride=(1, 1))
        )
        (1): ResnetBlock2D(
          (norm1): GroupNorm(32, 256, eps=1e-05, affine=True)
          (conv1): Conv2d(256, 256, kernel_size=(3, 3), stride=(1, 1), padding=(1, 1))
          (time_emb_proj): Linear(in_features=256, out_features=256, bias=True)
          (norm2): GroupNorm(32, 256, eps=1e-05, affine=True)
          (dropout): Dropout(p=0.0, inplace=False)
          (conv2): Conv2d(256, 256, kernel_size=(3, 3), stride=(1, 1), padding=(1, 1))
          (nonlinearity): SiLU()
        )
      )
    )
  )
  (up_blocks): ModuleList(
    (0): AttnUpBlock2D(
      (attentions): ModuleList(
        (0-2): 3 x Attention(
          (group_norm): GroupNorm(32, 256, eps=1e-05, affine=True)
          (to_q): Linear(in_features=256, out_features=256, bias=True)
          (to_k): Linear(in_features=256, out_features=256, bias=True)
          (to_v): Linear(in_features=256, out_features=256, bias=True)
          (to_out): ModuleList(
            (0): Linear(in_features=256, out_features=256, bias=True)
            (1): Dropout(p=0.0, inplace=False)
          )
        )
      )
      (resnets): ModuleList(
        (0-1): 2 x ResnetBlock2D(
          (norm1): GroupNorm(32, 512, eps=1e-05, affine=True)
          (conv1): Conv2d(512, 256, kernel_size=(3, 3), stride=(1, 1), padding=(1, 1))
          (time_emb_proj): Linear(in_features=256, out_features=256, bias=True)
          (norm2): GroupNorm(32, 256, eps=1e-05, affine=True)
          (dropout): Dropout(p=0.0, inplace=False)
          (conv2): Conv2d(256, 256, kernel_size=(3, 3), stride=(1, 1), padding=(1, 1))
          (nonlinearity): SiLU()
          (conv_shortcut): Conv2d(512, 256, kernel_size=(1, 1), stride=(1, 1))
        )
        (2): ResnetBlock2D(
          (norm1): GroupNorm(32, 384, eps=1e-05, affine=True)
          (conv1): Conv2d(384, 256, kernel_size=(3, 3), stride=(1, 1), padding=(1, 1))
          (time_emb_proj): Linear(in_features=256, out_features=256, bias=True)
          (norm2): GroupNorm(32, 256, eps=1e-05, affine=True)
          (dropout): Dropout(p=0.0, inplace=False)
          (conv2): Conv2d(256, 256, kernel_size=(3, 3), stride=(1, 1), padding=(1, 1))
          (nonlinearity): SiLU()
          (conv_shortcut): Conv2d(384, 256, kernel_size=(1, 1), stride=(1, 1))
        )
      )
      (upsamplers): ModuleList(
        (0): Upsample2D(
          (conv): Conv2d(256, 256, kernel_size=(3, 3), stride=(1, 1), padding=(1, 1))
        )
      )
    )
    (1): AttnUpBlock2D(
      (attentions): ModuleList(
        (0-2): 3 x Attention(
          (group_norm): GroupNorm(32, 128, eps=1e-05, affine=True)
          (to_q): Linear(in_features=128, out_features=128, bias=True)
          (to_k): Linear(in_features=128, out_features=128, bias=True)
          (to_v): Linear(in_features=128, out_features=128, bias=True)
          (to_out): ModuleList(
            (0): Linear(in_features=128, out_features=128, bias=True)
            (1): Dropout(p=0.0, inplace=False)
          )
        )
      )
      (resnets): ModuleList(
        (0): ResnetBlock2D(
          (norm1): GroupNorm(32, 384, eps=1e-05, affine=True)
          (conv1): Conv2d(384, 128, kernel_size=(3, 3), stride=(1, 1), padding=(1, 1))
          (time_emb_proj): Linear(in_features=256, out_features=128, bias=True)
          (norm2): GroupNorm(32, 128, eps=1e-05, affine=True)
          (dropout): Dropout(p=0.0, inplace=False)
          (conv2): Conv2d(128, 128, kernel_size=(3, 3), stride=(1, 1), padding=(1, 1))
          (nonlinearity): SiLU()
          (conv_shortcut): Conv2d(384, 128, kernel_size=(1, 1), stride=(1, 1))
        )
        (1): ResnetBlock2D(
          (norm1): GroupNorm(32, 256, eps=1e-05, affine=True)
          (conv1): Conv2d(256, 128, kernel_size=(3, 3), stride=(1, 1), padding=(1, 1))
          (time_emb_proj): Linear(in_features=256, out_features=128, bias=True)
          (norm2): GroupNorm(32, 128, eps=1e-05, affine=True)
          (dropout): Dropout(p=0.0, inplace=False)
          (conv2): Conv2d(128, 128, kernel_size=(3, 3), stride=(1, 1), padding=(1, 1))
          (nonlinearity): SiLU()
          (conv_shortcut): Conv2d(256, 128, kernel_size=(1, 1), stride=(1, 1))
        )
        (2): ResnetBlock2D(
          (norm1): GroupNorm(32, 192, eps=1e-05, affine=True)
          (conv1): Conv2d(192, 128, kernel_size=(3, 3), stride=(1, 1), padding=(1, 1))
          (time_emb_proj): Linear(in_features=256, out_features=128, bias=True)
          (norm2): GroupNorm(32, 128, eps=1e-05, affine=True)
          (dropout): Dropout(p=0.0, inplace=False)
          (conv2): Conv2d(128, 128, kernel_size=(3, 3), stride=(1, 1), padding=(1, 1))
          (nonlinearity): SiLU()
          (conv_shortcut): Conv2d(192, 128, kernel_size=(1, 1), stride=(1, 1))
        )
      )
      (upsamplers): ModuleList(
        (0): Upsample2D(
          (conv): Conv2d(128, 128, kernel_size=(3, 3), stride=(1, 1), padding=(1, 1))
        )
      )
    )
    (2): UpBlock2D(
      (resnets): ModuleList(
        (0): ResnetBlock2D(
          (norm1): GroupNorm(32, 192, eps=1e-05, affine=True)
          (conv1): Conv2d(192, 64, kernel_size=(3, 3), stride=(1, 1), padding=(1, 1))
          (time_emb_proj): Linear(in_features=256, out_features=64, bias=True)
          (norm2): GroupNorm(32, 64, eps=1e-05, affine=True)
          (dropout): Dropout(p=0.0, inplace=False)
          (conv2): Conv2d(64, 64, kernel_size=(3, 3), stride=(1, 1), padding=(1, 1))
          (nonlinearity): SiLU()
          (conv_shortcut): Conv2d(192, 64, kernel_size=(1, 1), stride=(1, 1))
        )
        (1-2): 2 x ResnetBlock2D(
          (norm1): GroupNorm(32, 128, eps=1e-05, affine=True)
          (conv1): Conv2d(128, 64, kernel_size=(3, 3), stride=(1, 1), padding=(1, 1))
          (time_emb_proj): Linear(in_features=256, out_features=64, bias=True)
          (norm2): GroupNorm(32, 64, eps=1e-05, affine=True)
          (dropout): Dropout(p=0.0, inplace=False)
          (conv2): Conv2d(64, 64, kernel_size=(3, 3), stride=(1, 1), padding=(1, 1))
          (nonlinearity): SiLU()
          (conv_shortcut): Conv2d(128, 64, kernel_size=(1, 1), stride=(1, 1))
        )
      )
    )
  )
  (mid_block): UNetMidBlock2D(
    (attentions): ModuleList(
      (0): Attention(
        (group_norm): GroupNorm(32, 256, eps=1e-05, affine=True)
        (to_q): Linear(in_features=256, out_features=256, bias=True)
        (to_k): Linear(in_features=256, out_features=256, bias=True)
        (to_v): Linear(in_features=256, out_features=256, bias=True)
        (to_out): ModuleList(
          (0): Linear(in_features=256, out_features=256, bias=True)
          (1): Dropout(p=0.0, inplace=False)
        )
      )
    )
    (resnets): ModuleList(
      (0-1): 2 x ResnetBlock2D(
        (norm1): GroupNorm(32, 256, eps=1e-05, affine=True)
        (conv1): Conv2d(256, 256, kernel_size=(3, 3), stride=(1, 1), padding=(1, 1))
        (time_emb_proj): Linear(in_features=256, out_features=256, bias=True)
        (norm2): GroupNorm(32, 256, eps=1e-05, affine=True)
        (dropout): Dropout(p=0.0, inplace=False)
        (conv2): Conv2d(256, 256, kernel_size=(3, 3), stride=(1, 1), padding=(1, 1))
        (nonlinearity): SiLU()
      )
    )
  )
  (conv_norm_out): GroupNorm(32, 64, eps=1e-05, affine=True)
  (conv_act): SiLU()
  (conv_out): Conv2d(64, 3, kernel_size=(3, 3), stride=(1, 1), padding=(1, 1))
)
2025-02-24 16:31:05,925 INFO: Model has 15,923,843 trainable parameters
2025-02-24 16:31:05,925 INFO: Training on cuda with 50 epochs
2025-02-24 16:31:10,090 INFO: LR: 1.2001e-05
2025-02-24 16:32:07,637 INFO: LR: 1.9141e-05
2025-02-24 16:33:04,934 INFO: LR: 3.9560e-05
2025-02-24 16:33:04,987 INFO: Epoch 001/50 | Train Loss: 0.03835 | LR: 3.956e-05
2025-02-24 16:33:05,161 INFO: Saved model to: /media/Ittwin/E/_uni/DL_Project/tiger-fox-elephant/weights/diffusion/diffusion.v2.1_model.pth
2025-02-24 16:33:05,161 INFO: Updated training history at: /media/Ittwin/E/_uni/DL_Project/tiger-fox-elephant/histories/diffusion/diffusion.v2.1_history.npz
2025-02-24 16:33:05,161 INFO: Checkpoint saved at epoch 1
2025-02-24 16:33:05,161 INFO: Epoch 1 - Generating samples...
2025-02-24 16:33:14,783 INFO: LR: 3.9856e-05
2025-02-24 16:34:12,382 INFO: LR: 7.1683e-05
2025-02-24 16:35:09,699 INFO: LR: 1.1169e-04
2025-02-24 16:35:09,743 INFO: Epoch 002/50 | Train Loss: 0.03712 | LR: 1.117e-04
2025-02-24 16:35:09,982 INFO: Saved model to: /media/Ittwin/E/_uni/DL_Project/tiger-fox-elephant/weights/diffusion/diffusion.v2.1_model.pth
2025-02-24 16:35:09,982 INFO: Updated training history at: /media/Ittwin/E/_uni/DL_Project/tiger-fox-elephant/histories/diffusion/diffusion.v2.1_history.npz
2025-02-24 16:35:09,982 INFO: Checkpoint saved at epoch 2
2025-02-24 16:35:11,200 INFO: LR: 1.1217e-04
2025-02-24 16:36:08,791 INFO: LR: 1.5650e-04
2025-02-24 16:37:06,070 INFO: LR: 2.0078e-04
2025-02-24 16:37:06,117 INFO: Epoch 003/50 | Train Loss: 0.03681 | LR: 2.008e-04
2025-02-24 16:37:06,376 INFO: Saved model to: /media/Ittwin/E/_uni/DL_Project/tiger-fox-elephant/weights/diffusion/diffusion.v2.1_model.pth
2025-02-24 16:37:06,376 INFO: Updated training history at: /media/Ittwin/E/_uni/DL_Project/tiger-fox-elephant/histories/diffusion/diffusion.v2.1_history.npz
2025-02-24 16:37:06,377 INFO: Checkpoint saved at epoch 3
2025-02-24 16:37:06,377 INFO: Epoch 3 - Generating samples...
2025-02-24 16:37:16,007 INFO: LR: 2.0126e-04
2025-02-24 16:38:13,589 INFO: LR: 2.4113e-04
2025-02-24 16:39:10,800 INFO: LR: 2.7273e-04
2025-02-24 16:39:10,859 INFO: Epoch 004/50 | Train Loss: 0.03711 | LR: 2.727e-04
2025-02-24 16:39:11,084 INFO: Saved model to: /media/Ittwin/E/_uni/DL_Project/tiger-fox-elephant/weights/diffusion/diffusion.v2.1_model.pth
2025-02-24 16:39:11,085 INFO: Updated training history at: /media/Ittwin/E/_uni/DL_Project/tiger-fox-elephant/histories/diffusion/diffusion.v2.1_history.npz
2025-02-24 16:39:11,085 INFO: Checkpoint saved at epoch 4
2025-02-24 16:39:12,325 INFO: LR: 2.7303e-04
2025-02-24 16:40:09,845 INFO: LR: 2.9317e-04
2025-02-24 16:41:07,157 INFO: LR: 3.0000e-04
2025-02-24 16:41:07,205 INFO: Epoch 005/50 | Train Loss: 0.03973 | LR: 3.000e-04
2025-02-24 16:41:07,465 INFO: Saved model to: /media/Ittwin/E/_uni/DL_Project/tiger-fox-elephant/weights/diffusion/diffusion.v2.1_model.pth
2025-02-24 16:41:07,465 INFO: Updated training history at: /media/Ittwin/E/_uni/DL_Project/tiger-fox-elephant/histories/diffusion/diffusion.v2.1_history.npz
2025-02-24 16:41:07,466 INFO: Checkpoint saved at epoch 5
2025-02-24 16:41:07,466 INFO: Epoch 5 - Generating samples...
2025-02-24 16:41:17,116 INFO: LR: 3.0000e-04
2025-02-24 16:42:14,669 INFO: LR: 2.9991e-04
2025-02-24 16:43:11,933 INFO: LR: 2.9963e-04
2025-02-24 16:43:11,985 INFO: Epoch 006/50 | Train Loss: 0.03696 | LR: 2.996e-04
2025-02-24 16:43:12,253 INFO: Saved model to: /media/Ittwin/E/_uni/DL_Project/tiger-fox-elephant/weights/diffusion/diffusion.v2.1_model.pth
2025-02-24 16:43:12,254 INFO: Updated training history at: /media/Ittwin/E/_uni/DL_Project/tiger-fox-elephant/histories/diffusion/diffusion.v2.1_history.npz
2025-02-24 16:43:12,254 INFO: Checkpoint saved at epoch 6
2025-02-24 16:43:13,600 INFO: LR: 2.9963e-04
2025-02-24 16:44:11,169 INFO: LR: 2.9917e-04
2025-02-24 16:45:08,468 INFO: LR: 2.9853e-04
2025-02-24 16:45:08,537 INFO: Epoch 007/50 | Train Loss: 0.03844 | LR: 2.985e-04
2025-02-24 16:45:08,786 INFO: Saved model to: /media/Ittwin/E/_uni/DL_Project/tiger-fox-elephant/weights/diffusion/diffusion.v2.1_model.pth
2025-02-24 16:45:08,786 INFO: Updated training history at: /media/Ittwin/E/_uni/DL_Project/tiger-fox-elephant/histories/diffusion/diffusion.v2.1_history.npz
2025-02-24 16:45:08,786 INFO: Checkpoint saved at epoch 7
2025-02-24 16:45:08,787 INFO: Epoch 7 - Generating samples...
2025-02-24 16:45:18,661 INFO: LR: 2.9852e-04
2025-02-24 16:46:16,252 INFO: LR: 2.9771e-04
2025-02-24 16:47:13,510 INFO: LR: 2.9671e-04
2025-02-24 16:47:13,591 INFO: Epoch 008/50 | Train Loss: 0.03764 | LR: 2.967e-04
2025-02-24 16:47:13,843 INFO: Saved model to: /media/Ittwin/E/_uni/DL_Project/tiger-fox-elephant/weights/diffusion/diffusion.v2.1_model.pth
2025-02-24 16:47:13,843 INFO: Updated training history at: /media/Ittwin/E/_uni/DL_Project/tiger-fox-elephant/histories/diffusion/diffusion.v2.1_history.npz
2025-02-24 16:47:13,843 INFO: Checkpoint saved at epoch 8
2025-02-24 16:47:15,182 INFO: LR: 2.9670e-04
2025-02-24 16:48:12,768 INFO: LR: 2.9552e-04
2025-02-24 16:49:10,045 INFO: LR: 2.9417e-04
2025-02-24 16:49:10,120 INFO: Epoch 009/50 | Train Loss: 0.03775 | LR: 2.942e-04
2025-02-24 16:49:10,392 INFO: Saved model to: /media/Ittwin/E/_uni/DL_Project/tiger-fox-elephant/weights/diffusion/diffusion.v2.1_model.pth
2025-02-24 16:49:10,393 INFO: Updated training history at: /media/Ittwin/E/_uni/DL_Project/tiger-fox-elephant/histories/diffusion/diffusion.v2.1_history.npz
2025-02-24 16:49:10,393 INFO: Checkpoint saved at epoch 9
2025-02-24 16:49:10,393 INFO: Epoch 9 - Generating samples...
2025-02-24 16:49:20,196 INFO: LR: 2.9416e-04
2025-02-24 16:50:17,739 INFO: LR: 2.9263e-04
2025-02-24 16:51:14,981 INFO: LR: 2.9093e-04
2025-02-24 16:51:15,060 INFO: Epoch 010/50 | Train Loss: 0.03663 | LR: 2.909e-04
2025-02-24 16:51:15,345 INFO: Saved model to: /media/Ittwin/E/_uni/DL_Project/tiger-fox-elephant/weights/diffusion/diffusion.v2.1_model.pth
2025-02-24 16:51:15,345 INFO: Updated training history at: /media/Ittwin/E/_uni/DL_Project/tiger-fox-elephant/histories/diffusion/diffusion.v2.1_history.npz
2025-02-24 16:51:15,346 INFO: Checkpoint saved at epoch 10
2025-02-24 16:51:16,749 INFO: LR: 2.9091e-04
2025-02-24 16:52:14,343 INFO: LR: 2.8905e-04
2025-02-24 16:53:11,613 INFO: LR: 2.8701e-04
2025-02-24 16:53:11,675 INFO: Epoch 011/50 | Train Loss: 0.03851 | LR: 2.870e-04
2025-02-24 16:53:11,865 INFO: Saved model to: /media/Ittwin/E/_uni/DL_Project/tiger-fox-elephant/weights/diffusion/diffusion.v2.1_model.pth
2025-02-24 16:53:11,866 INFO: Updated training history at: /media/Ittwin/E/_uni/DL_Project/tiger-fox-elephant/histories/diffusion/diffusion.v2.1_history.npz
2025-02-24 16:53:11,866 INFO: Checkpoint saved at epoch 11
2025-02-24 16:53:11,867 INFO: Epoch 11 - Generating samples...
2025-02-24 16:53:21,417 INFO: LR: 2.8699e-04
2025-02-24 16:54:19,002 INFO: LR: 2.8478e-04
2025-02-24 16:55:16,253 INFO: LR: 2.8242e-04
2025-02-24 16:55:16,317 INFO: Epoch 012/50 | Train Loss: 0.03700 | LR: 2.824e-04
2025-02-24 16:55:16,599 INFO: Saved model to: /media/Ittwin/E/_uni/DL_Project/tiger-fox-elephant/weights/diffusion/diffusion.v2.1_model.pth
2025-02-24 16:55:16,600 INFO: Updated training history at: /media/Ittwin/E/_uni/DL_Project/tiger-fox-elephant/histories/diffusion/diffusion.v2.1_history.npz
2025-02-24 16:55:16,600 INFO: Checkpoint saved at epoch 12
2025-02-24 16:55:17,886 INFO: LR: 2.8239e-04
2025-02-24 16:56:15,516 INFO: LR: 2.7986e-04
2025-02-24 16:57:12,749 INFO: LR: 2.7718e-04
2025-02-24 16:57:12,802 INFO: Epoch 013/50 | Train Loss: 0.03761 | LR: 2.772e-04
2025-02-24 16:57:12,996 INFO: Saved model to: /media/Ittwin/E/_uni/DL_Project/tiger-fox-elephant/weights/diffusion/diffusion.v2.1_model.pth
2025-02-24 16:57:12,996 INFO: Updated training history at: /media/Ittwin/E/_uni/DL_Project/tiger-fox-elephant/histories/diffusion/diffusion.v2.1_history.npz
2025-02-24 16:57:12,996 INFO: Checkpoint saved at epoch 13
2025-02-24 16:57:12,997 INFO: Epoch 13 - Generating samples...
2025-02-24 16:57:22,877 INFO: LR: 2.7715e-04
2025-02-24 16:58:20,464 INFO: LR: 2.7431e-04
2025-02-24 16:59:17,773 INFO: LR: 2.7132e-04
2025-02-24 16:59:17,851 INFO: Epoch 014/50 | Train Loss: 0.03712 | LR: 2.713e-04
2025-02-24 16:59:18,066 INFO: Saved model to: /media/Ittwin/E/_uni/DL_Project/tiger-fox-elephant/weights/diffusion/diffusion.v2.1_model.pth
2025-02-24 16:59:18,066 INFO: Updated training history at: /media/Ittwin/E/_uni/DL_Project/tiger-fox-elephant/histories/diffusion/diffusion.v2.1_history.npz
2025-02-24 16:59:18,066 INFO: Checkpoint saved at epoch 14
2025-02-24 16:59:19,175 INFO: LR: 2.7129e-04
2025-02-24 17:00:16,743 INFO: LR: 2.6815e-04
2025-02-24 17:01:14,008 INFO: LR: 2.6487e-04
2025-02-24 17:01:14,053 INFO: Epoch 015/50 | Train Loss: 0.03570 | LR: 2.649e-04
2025-02-24 17:01:14,263 INFO: Saved model to: /media/Ittwin/E/_uni/DL_Project/tiger-fox-elephant/weights/diffusion/diffusion.v2.1_model.pth
2025-02-24 17:01:14,263 INFO: Updated training history at: /media/Ittwin/E/_uni/DL_Project/tiger-fox-elephant/histories/diffusion/diffusion.v2.1_history.npz
2025-02-24 17:01:14,263 INFO: Checkpoint saved at epoch 15
2025-02-24 17:01:14,263 INFO: Epoch 15 - Generating samples...
2025-02-24 17:01:23,904 INFO: LR: 2.6483e-04
2025-02-24 17:02:21,455 INFO: LR: 2.6142e-04
2025-02-24 17:03:18,764 INFO: LR: 2.5786e-04
2025-02-24 17:03:18,819 INFO: Epoch 016/50 | Train Loss: 0.03622 | LR: 2.579e-04
2025-02-24 17:03:19,082 INFO: Saved model to: /media/Ittwin/E/_uni/DL_Project/tiger-fox-elephant/weights/diffusion/diffusion.v2.1_model.pth
2025-02-24 17:03:19,083 INFO: Updated training history at: /media/Ittwin/E/_uni/DL_Project/tiger-fox-elephant/histories/diffusion/diffusion.v2.1_history.npz
2025-02-24 17:03:19,083 INFO: Checkpoint saved at epoch 16
2025-02-24 17:03:20,326 INFO: LR: 2.5782e-04
2025-02-24 17:04:17,838 INFO: LR: 2.5414e-04
2025-02-24 17:05:15,093 INFO: LR: 2.5033e-04
2025-02-24 17:05:15,162 INFO: Epoch 017/50 | Train Loss: 0.03961 | LR: 2.503e-04
2025-02-24 17:05:15,426 INFO: Saved model to: /media/Ittwin/E/_uni/DL_Project/tiger-fox-elephant/weights/diffusion/diffusion.v2.1_model.pth
2025-02-24 17:05:15,426 INFO: Updated training history at: /media/Ittwin/E/_uni/DL_Project/tiger-fox-elephant/histories/diffusion/diffusion.v2.1_history.npz
2025-02-24 17:05:15,427 INFO: Checkpoint saved at epoch 17
2025-02-24 17:05:15,427 INFO: Epoch 17 - Generating samples...
2025-02-24 17:05:25,131 INFO: LR: 2.5029e-04
2025-02-24 17:06:22,740 INFO: LR: 2.4635e-04
2025-02-24 17:07:20,021 INFO: LR: 2.4231e-04
2025-02-24 17:07:20,078 INFO: Epoch 018/50 | Train Loss: 0.03720 | LR: 2.423e-04
2025-02-24 17:07:20,327 INFO: Saved model to: /media/Ittwin/E/_uni/DL_Project/tiger-fox-elephant/weights/diffusion/diffusion.v2.1_model.pth
2025-02-24 17:07:20,327 INFO: Updated training history at: /media/Ittwin/E/_uni/DL_Project/tiger-fox-elephant/histories/diffusion/diffusion.v2.1_history.npz
2025-02-24 17:07:20,328 INFO: Checkpoint saved at epoch 18
2025-02-24 17:07:21,478 INFO: LR: 2.4226e-04
2025-02-24 17:08:19,060 INFO: LR: 2.3810e-04
2025-02-24 17:09:16,361 INFO: LR: 2.3383e-04
2025-02-24 17:09:16,405 INFO: Epoch 019/50 | Train Loss: 0.03563 | LR: 2.338e-04
2025-02-24 17:09:16,600 INFO: Saved model to: /media/Ittwin/E/_uni/DL_Project/tiger-fox-elephant/weights/diffusion/diffusion.v2.1_model.pth
2025-02-24 17:09:16,600 INFO: Updated training history at: /media/Ittwin/E/_uni/DL_Project/tiger-fox-elephant/histories/diffusion/diffusion.v2.1_history.npz
2025-02-24 17:09:16,600 INFO: Checkpoint saved at epoch 19
2025-02-24 17:09:16,600 INFO: Epoch 19 - Generating samples...
2025-02-24 17:09:26,296 INFO: LR: 2.3379e-04
2025-02-24 17:10:23,867 INFO: LR: 2.2942e-04
2025-02-24 17:11:21,130 INFO: LR: 2.2495e-04
2025-02-24 17:11:21,194 INFO: Epoch 020/50 | Train Loss: 0.03701 | LR: 2.250e-04
2025-02-24 17:11:21,464 INFO: Saved model to: /media/Ittwin/E/_uni/DL_Project/tiger-fox-elephant/weights/diffusion/diffusion.v2.1_model.pth
2025-02-24 17:11:21,464 INFO: Updated training history at: /media/Ittwin/E/_uni/DL_Project/tiger-fox-elephant/histories/diffusion/diffusion.v2.1_history.npz
2025-02-24 17:11:21,465 INFO: Checkpoint saved at epoch 20
2025-02-24 17:11:22,782 INFO: LR: 2.2490e-04
2025-02-24 17:12:20,332 INFO: LR: 2.2035e-04
2025-02-24 17:13:17,612 INFO: LR: 2.1571e-04
2025-02-24 17:13:17,666 INFO: Epoch 021/50 | Train Loss: 0.03617 | LR: 2.157e-04
2025-02-24 17:13:17,899 INFO: Saved model to: /media/Ittwin/E/_uni/DL_Project/tiger-fox-elephant/weights/diffusion/diffusion.v2.1_model.pth
2025-02-24 17:13:17,899 INFO: Updated training history at: /media/Ittwin/E/_uni/DL_Project/tiger-fox-elephant/histories/diffusion/diffusion.v2.1_history.npz
2025-02-24 17:13:17,900 INFO: Checkpoint saved at epoch 21
2025-02-24 17:13:17,900 INFO: Epoch 21 - Generating samples...
2025-02-24 17:13:27,652 INFO: LR: 2.1566e-04
2025-02-24 17:14:25,248 INFO: LR: 2.1093e-04
2025-02-24 17:15:22,568 INFO: LR: 2.0614e-04
2025-02-24 17:15:22,625 INFO: Epoch 022/50 | Train Loss: 0.03632 | LR: 2.061e-04
2025-02-24 17:15:22,936 INFO: Saved model to: /media/Ittwin/E/_uni/DL_Project/tiger-fox-elephant/weights/diffusion/diffusion.v2.1_model.pth
2025-02-24 17:15:22,937 INFO: Updated training history at: /media/Ittwin/E/_uni/DL_Project/tiger-fox-elephant/histories/diffusion/diffusion.v2.1_history.npz
2025-02-24 17:15:22,937 INFO: Checkpoint saved at epoch 22
2025-02-24 17:15:24,328 INFO: LR: 2.0609e-04
2025-02-24 17:16:21,896 INFO: LR: 2.0123e-04
2025-02-24 17:17:19,116 INFO: LR: 1.9630e-04
2025-02-24 17:17:19,179 INFO: Epoch 023/50 | Train Loss: 0.03584 | LR: 1.963e-04
2025-02-24 17:17:19,441 INFO: Saved model to: /media/Ittwin/E/_uni/DL_Project/tiger-fox-elephant/weights/diffusion/diffusion.v2.1_model.pth
2025-02-24 17:17:19,441 INFO: Updated training history at: /media/Ittwin/E/_uni/DL_Project/tiger-fox-elephant/histories/diffusion/diffusion.v2.1_history.npz
2025-02-24 17:17:19,442 INFO: Checkpoint saved at epoch 23
2025-02-24 17:17:19,442 INFO: Epoch 23 - Generating samples...
2025-02-24 17:17:29,323 INFO: LR: 1.9625e-04
2025-02-24 17:18:26,912 INFO: LR: 1.9127e-04
2025-02-24 17:19:24,208 INFO: LR: 1.8624e-04
2025-02-24 17:19:24,257 INFO: Epoch 024/50 | Train Loss: 0.03820 | LR: 1.862e-04
2025-02-24 17:19:24,548 INFO: Saved model to: /media/Ittwin/E/_uni/DL_Project/tiger-fox-elephant/weights/diffusion/diffusion.v2.1_model.pth
2025-02-24 17:19:24,549 INFO: Updated training history at: /media/Ittwin/E/_uni/DL_Project/tiger-fox-elephant/histories/diffusion/diffusion.v2.1_history.npz
2025-02-24 17:19:24,549 INFO: Checkpoint saved at epoch 24
2025-02-24 17:19:25,858 INFO: LR: 1.8618e-04
2025-02-24 17:20:23,402 INFO: LR: 1.8111e-04
2025-02-24 17:21:20,677 INFO: LR: 1.7600e-04
2025-02-24 17:21:20,738 INFO: Epoch 025/50 | Train Loss: 0.03649 | LR: 1.760e-04
2025-02-24 17:21:21,005 INFO: Saved model to: /media/Ittwin/E/_uni/DL_Project/tiger-fox-elephant/weights/diffusion/diffusion.v2.1_model.pth
2025-02-24 17:21:21,006 INFO: Updated training history at: /media/Ittwin/E/_uni/DL_Project/tiger-fox-elephant/histories/diffusion/diffusion.v2.1_history.npz
2025-02-24 17:21:21,006 INFO: Checkpoint saved at epoch 25
2025-02-24 17:21:21,006 INFO: Epoch 25 - Generating samples...
2025-02-24 17:21:30,692 INFO: LR: 1.7594e-04
2025-02-24 17:22:28,281 INFO: LR: 1.7080e-04
2025-02-24 17:23:25,573 INFO: LR: 1.6563e-04
2025-02-24 17:23:25,652 INFO: Epoch 026/50 | Train Loss: 0.03583 | LR: 1.656e-04
2025-02-24 17:23:25,907 INFO: Saved model to: /media/Ittwin/E/_uni/DL_Project/tiger-fox-elephant/weights/diffusion/diffusion.v2.1_model.pth
2025-02-24 17:23:25,907 INFO: Updated training history at: /media/Ittwin/E/_uni/DL_Project/tiger-fox-elephant/histories/diffusion/diffusion.v2.1_history.npz
2025-02-24 17:23:25,908 INFO: Checkpoint saved at epoch 26
2025-02-24 17:23:27,186 INFO: LR: 1.6557e-04
2025-02-24 17:24:24,782 INFO: LR: 1.6038e-04
2025-02-24 17:25:22,044 INFO: LR: 1.5518e-04
2025-02-24 17:25:22,110 INFO: Epoch 027/50 | Train Loss: 0.03701 | LR: 1.552e-04
2025-02-24 17:25:22,310 INFO: Saved model to: /media/Ittwin/E/_uni/DL_Project/tiger-fox-elephant/weights/diffusion/diffusion.v2.1_model.pth
2025-02-24 17:25:22,311 INFO: Updated training history at: /media/Ittwin/E/_uni/DL_Project/tiger-fox-elephant/histories/diffusion/diffusion.v2.1_history.npz
2025-02-24 17:25:22,311 INFO: Checkpoint saved at epoch 27
2025-02-24 17:25:22,311 INFO: Epoch 27 - Generating samples...
2025-02-24 17:25:32,015 INFO: LR: 1.5513e-04
2025-02-24 17:26:29,591 INFO: LR: 1.4992e-04
2025-02-24 17:27:26,848 INFO: LR: 1.4471e-04
2025-02-24 17:27:26,901 INFO: Epoch 028/50 | Train Loss: 0.03629 | LR: 1.447e-04
2025-02-24 17:27:27,070 INFO: Saved model to: /media/Ittwin/E/_uni/DL_Project/tiger-fox-elephant/weights/diffusion/diffusion.v2.1_model.pth
2025-02-24 17:27:27,070 INFO: Updated training history at: /media/Ittwin/E/_uni/DL_Project/tiger-fox-elephant/histories/diffusion/diffusion.v2.1_history.npz
2025-02-24 17:27:27,070 INFO: Checkpoint saved at epoch 28
2025-02-24 17:27:28,297 INFO: LR: 1.4466e-04
2025-02-24 17:28:25,861 INFO: LR: 1.3946e-04
2025-02-24 17:29:23,083 INFO: LR: 1.3427e-04
2025-02-24 17:29:23,135 INFO: Epoch 029/50 | Train Loss: 0.03692 | LR: 1.343e-04
2025-02-24 17:29:23,367 INFO: Saved model to: /media/Ittwin/E/_uni/DL_Project/tiger-fox-elephant/weights/diffusion/diffusion.v2.1_model.pth
2025-02-24 17:29:23,367 INFO: Updated training history at: /media/Ittwin/E/_uni/DL_Project/tiger-fox-elephant/histories/diffusion/diffusion.v2.1_history.npz
2025-02-24 17:29:23,368 INFO: Checkpoint saved at epoch 29
2025-02-24 17:29:23,368 INFO: Epoch 29 - Generating samples...
2025-02-24 17:29:33,057 INFO: LR: 1.3421e-04
2025-02-24 17:30:30,650 INFO: LR: 1.2904e-04
2025-02-24 17:31:27,944 INFO: LR: 1.2390e-04
2025-02-24 17:31:27,989 INFO: Epoch 030/50 | Train Loss: 0.03691 | LR: 1.239e-04
2025-02-24 17:31:28,272 INFO: Saved model to: /media/Ittwin/E/_uni/DL_Project/tiger-fox-elephant/weights/diffusion/diffusion.v2.1_model.pth
2025-02-24 17:31:28,272 INFO: Updated training history at: /media/Ittwin/E/_uni/DL_Project/tiger-fox-elephant/histories/diffusion/diffusion.v2.1_history.npz
2025-02-24 17:31:28,272 INFO: Checkpoint saved at epoch 30
2025-02-24 17:31:29,705 INFO: LR: 1.2385e-04
2025-02-24 17:32:27,263 INFO: LR: 1.1874e-04
2025-02-24 17:33:24,562 INFO: LR: 1.1366e-04
2025-02-24 17:33:24,635 INFO: Epoch 031/50 | Train Loss: 0.03681 | LR: 1.137e-04
2025-02-24 17:33:24,880 INFO: Saved model to: /media/Ittwin/E/_uni/DL_Project/tiger-fox-elephant/weights/diffusion/diffusion.v2.1_model.pth
2025-02-24 17:33:24,880 INFO: Updated training history at: /media/Ittwin/E/_uni/DL_Project/tiger-fox-elephant/histories/diffusion/diffusion.v2.1_history.npz
2025-02-24 17:33:24,880 INFO: Checkpoint saved at epoch 31
2025-02-24 17:33:24,881 INFO: Epoch 31 - Generating samples...
2025-02-24 17:33:34,436 INFO: LR: 1.1361e-04
2025-02-24 17:34:32,038 INFO: LR: 1.0858e-04
2025-02-24 17:35:29,303 INFO: LR: 1.0360e-04
2025-02-24 17:35:29,344 INFO: Epoch 032/50 | Train Loss: 0.03757 | LR: 1.036e-04
2025-02-24 17:35:29,627 INFO: Saved model to: /media/Ittwin/E/_uni/DL_Project/tiger-fox-elephant/weights/diffusion/diffusion.v2.1_model.pth
2025-02-24 17:35:29,627 INFO: Updated training history at: /media/Ittwin/E/_uni/DL_Project/tiger-fox-elephant/histories/diffusion/diffusion.v2.1_history.npz
2025-02-24 17:35:29,628 INFO: Checkpoint saved at epoch 32
2025-02-24 17:35:30,819 INFO: LR: 1.0355e-04
2025-02-24 17:36:28,394 INFO: LR: 9.8623e-05
2025-02-24 17:37:25,675 INFO: LR: 9.3764e-05
2025-02-24 17:37:25,749 INFO: Epoch 033/50 | Train Loss: 0.03509 | LR: 9.376e-05
2025-02-24 17:37:25,998 INFO: Saved model to: /media/Ittwin/E/_uni/DL_Project/tiger-fox-elephant/weights/diffusion/diffusion.v2.1_model.pth
2025-02-24 17:37:25,998 INFO: Updated training history at: /media/Ittwin/E/_uni/DL_Project/tiger-fox-elephant/histories/diffusion/diffusion.v2.1_history.npz
2025-02-24 17:37:25,998 INFO: Checkpoint saved at epoch 33
2025-02-24 17:37:25,999 INFO: Epoch 33 - Generating samples...
2025-02-24 17:37:35,865 INFO: LR: 9.3710e-05
2025-02-24 17:38:33,405 INFO: LR: 8.8919e-05
2025-02-24 17:39:30,668 INFO: LR: 8.4201e-05
2025-02-24 17:39:30,733 INFO: Epoch 034/50 | Train Loss: 0.03527 | LR: 8.420e-05
2025-02-24 17:39:30,949 INFO: Saved model to: /media/Ittwin/E/_uni/DL_Project/tiger-fox-elephant/weights/diffusion/diffusion.v2.1_model.pth
2025-02-24 17:39:30,949 INFO: Updated training history at: /media/Ittwin/E/_uni/DL_Project/tiger-fox-elephant/histories/diffusion/diffusion.v2.1_history.npz
2025-02-24 17:39:30,950 INFO: Checkpoint saved at epoch 34
2025-02-24 17:39:32,382 INFO: LR: 8.4149e-05
2025-02-24 17:40:29,962 INFO: LR: 7.9511e-05
2025-02-24 17:41:27,216 INFO: LR: 7.4959e-05
2025-02-24 17:41:27,267 INFO: Epoch 035/50 | Train Loss: 0.03637 | LR: 7.496e-05
2025-02-24 17:41:27,459 INFO: Saved model to: /media/Ittwin/E/_uni/DL_Project/tiger-fox-elephant/weights/diffusion/diffusion.v2.1_model.pth
2025-02-24 17:41:27,460 INFO: Updated training history at: /media/Ittwin/E/_uni/DL_Project/tiger-fox-elephant/histories/diffusion/diffusion.v2.1_history.npz
2025-02-24 17:41:27,460 INFO: Checkpoint saved at epoch 35
2025-02-24 17:41:27,460 INFO: Epoch 35 - Generating samples...
2025-02-24 17:41:37,383 INFO: LR: 7.4909e-05
2025-02-24 17:42:35,045 INFO: LR: 7.0448e-05
2025-02-24 17:43:32,341 INFO: LR: 6.6082e-05
2025-02-24 17:43:32,394 INFO: Epoch 036/50 | Train Loss: 0.03548 | LR: 6.608e-05
2025-02-24 17:43:32,665 INFO: Saved model to: /media/Ittwin/E/_uni/DL_Project/tiger-fox-elephant/weights/diffusion/diffusion.v2.1_model.pth
2025-02-24 17:43:32,666 INFO: Updated training history at: /media/Ittwin/E/_uni/DL_Project/tiger-fox-elephant/histories/diffusion/diffusion.v2.1_history.npz
2025-02-24 17:43:32,666 INFO: Checkpoint saved at epoch 36
2025-02-24 17:43:33,865 INFO: LR: 6.6035e-05
2025-02-24 17:44:31,450 INFO: LR: 6.1772e-05
2025-02-24 17:45:28,737 INFO: LR: 5.7615e-05
2025-02-24 17:45:28,828 INFO: Epoch 037/50 | Train Loss: 0.03627 | LR: 5.761e-05
2025-02-24 17:45:29,029 INFO: Saved model to: /media/Ittwin/E/_uni/DL_Project/tiger-fox-elephant/weights/diffusion/diffusion.v2.1_model.pth
2025-02-24 17:45:29,030 INFO: Updated training history at: /media/Ittwin/E/_uni/DL_Project/tiger-fox-elephant/histories/diffusion/diffusion.v2.1_history.npz
2025-02-24 17:45:29,030 INFO: Checkpoint saved at epoch 37
2025-02-24 17:45:29,030 INFO: Epoch 37 - Generating samples...
2025-02-24 17:45:38,648 INFO: LR: 5.7569e-05
2025-02-24 17:46:36,220 INFO: LR: 5.3525e-05
2025-02-24 17:47:33,497 INFO: LR: 4.9597e-05
2025-02-24 17:47:33,548 INFO: Epoch 038/50 | Train Loss: 0.03547 | LR: 4.960e-05
2025-02-24 17:47:33,736 INFO: Saved model to: /media/Ittwin/E/_uni/DL_Project/tiger-fox-elephant/weights/diffusion/diffusion.v2.1_model.pth
2025-02-24 17:47:33,737 INFO: Updated training history at: /media/Ittwin/E/_uni/DL_Project/tiger-fox-elephant/histories/diffusion/diffusion.v2.1_history.npz
2025-02-24 17:47:33,737 INFO: Checkpoint saved at epoch 38
2025-02-24 17:47:35,105 INFO: LR: 4.9554e-05
2025-02-24 17:48:32,698 INFO: LR: 4.5749e-05
2025-02-24 17:49:29,983 INFO: LR: 4.2069e-05
2025-02-24 17:49:30,052 INFO: Epoch 039/50 | Train Loss: 0.03557 | LR: 4.207e-05
2025-02-24 17:49:30,309 INFO: Saved model to: /media/Ittwin/E/_uni/DL_Project/tiger-fox-elephant/weights/diffusion/diffusion.v2.1_model.pth
2025-02-24 17:49:30,310 INFO: Updated training history at: /media/Ittwin/E/_uni/DL_Project/tiger-fox-elephant/histories/diffusion/diffusion.v2.1_history.npz
2025-02-24 17:49:30,310 INFO: Checkpoint saved at epoch 39
2025-02-24 17:49:30,310 INFO: Epoch 39 - Generating samples...
2025-02-24 17:49:39,906 INFO: LR: 4.2029e-05
2025-02-24 17:50:37,478 INFO: LR: 3.8481e-05
2025-02-24 17:51:34,723 INFO: LR: 3.5067e-05
2025-02-24 17:51:34,787 INFO: Epoch 040/50 | Train Loss: 0.03585 | LR: 3.507e-05
2025-02-24 17:51:35,055 INFO: Saved model to: /media/Ittwin/E/_uni/DL_Project/tiger-fox-elephant/weights/diffusion/diffusion.v2.1_model.pth
2025-02-24 17:51:35,056 INFO: Updated training history at: /media/Ittwin/E/_uni/DL_Project/tiger-fox-elephant/histories/diffusion/diffusion.v2.1_history.npz
2025-02-24 17:51:35,056 INFO: Checkpoint saved at epoch 40
2025-02-24 17:51:36,261 INFO: LR: 3.5030e-05
2025-02-24 17:52:33,845 INFO: LR: 3.1756e-05
2025-02-24 17:53:31,134 INFO: LR: 2.8624e-05
2025-02-24 17:53:31,183 INFO: Epoch 041/50 | Train Loss: 0.03661 | LR: 2.862e-05
2025-02-24 17:53:31,453 INFO: Saved model to: /media/Ittwin/E/_uni/DL_Project/tiger-fox-elephant/weights/diffusion/diffusion.v2.1_model.pth
2025-02-24 17:53:31,453 INFO: Updated training history at: /media/Ittwin/E/_uni/DL_Project/tiger-fox-elephant/histories/diffusion/diffusion.v2.1_history.npz
2025-02-24 17:53:31,453 INFO: Checkpoint saved at epoch 41
2025-02-24 17:53:31,454 INFO: Epoch 41 - Generating samples...
2025-02-24 17:53:41,145 INFO: LR: 2.8590e-05
2025-02-24 17:54:38,715 INFO: LR: 2.5607e-05
2025-02-24 17:55:36,036 INFO: LR: 2.2773e-05
2025-02-24 17:55:36,087 INFO: Epoch 042/50 | Train Loss: 0.03495 | LR: 2.277e-05
2025-02-24 17:55:36,354 INFO: Saved model to: /media/Ittwin/E/_uni/DL_Project/tiger-fox-elephant/weights/diffusion/diffusion.v2.1_model.pth
2025-02-24 17:55:36,355 INFO: Updated training history at: /media/Ittwin/E/_uni/DL_Project/tiger-fox-elephant/histories/diffusion/diffusion.v2.1_history.npz
2025-02-24 17:55:36,355 INFO: Checkpoint saved at epoch 42
2025-02-24 17:55:37,615 INFO: LR: 2.2743e-05
2025-02-24 17:56:34,993 INFO: LR: 2.0064e-05
2025-02-24 17:57:33,170 INFO: LR: 1.7542e-05
2025-02-24 17:57:33,224 INFO: Epoch 043/50 | Train Loss: 0.03459 | LR: 1.754e-05
2025-02-24 17:57:33,479 INFO: Saved model to: /media/Ittwin/E/_uni/DL_Project/tiger-fox-elephant/weights/diffusion/diffusion.v2.1_model.pth
2025-02-24 17:57:33,479 INFO: Updated training history at: /media/Ittwin/E/_uni/DL_Project/tiger-fox-elephant/histories/diffusion/diffusion.v2.1_history.npz
2025-02-24 17:57:33,480 INFO: Checkpoint saved at epoch 43
2025-02-24 17:57:33,480 INFO: Epoch 43 - Generating samples...
2025-02-24 17:57:43,724 INFO: LR: 1.7515e-05
2025-02-24 17:58:42,487 INFO: LR: 1.5154e-05
2025-02-24 17:59:40,810 INFO: LR: 1.2956e-05
2025-02-24 17:59:40,875 INFO: Epoch 044/50 | Train Loss: 0.03580 | LR: 1.296e-05
2025-02-24 17:59:41,082 INFO: Saved model to: /media/Ittwin/E/_uni/DL_Project/tiger-fox-elephant/weights/diffusion/diffusion.v2.1_model.pth
2025-02-24 17:59:41,082 INFO: Updated training history at: /media/Ittwin/E/_uni/DL_Project/tiger-fox-elephant/histories/diffusion/diffusion.v2.1_history.npz
2025-02-24 17:59:41,082 INFO: Checkpoint saved at epoch 44
2025-02-24 17:59:42,392 INFO: LR: 1.2933e-05
2025-02-24 18:00:41,218 INFO: LR: 1.0901e-05
2025-02-24 18:01:39,922 INFO: LR: 9.0380e-06
2025-02-24 18:01:39,999 INFO: Epoch 045/50 | Train Loss: 0.03548 | LR: 9.038e-06
2025-02-24 18:01:40,290 INFO: Saved model to: /media/Ittwin/E/_uni/DL_Project/tiger-fox-elephant/weights/diffusion/diffusion.v2.1_model.pth
2025-02-24 18:01:40,290 INFO: Updated training history at: /media/Ittwin/E/_uni/DL_Project/tiger-fox-elephant/histories/diffusion/diffusion.v2.1_history.npz
2025-02-24 18:01:40,291 INFO: Checkpoint saved at epoch 45
2025-02-24 18:01:40,291 INFO: Epoch 45 - Generating samples...
2025-02-24 18:01:50,068 INFO: LR: 9.0182e-06
2025-02-24 18:02:48,800 INFO: LR: 7.3264e-06
2025-02-24 18:03:47,199 INFO: LR: 5.8066e-06
2025-02-24 18:03:47,265 INFO: Epoch 046/50 | Train Loss: 0.03432 | LR: 5.807e-06
2025-02-24 18:03:47,559 INFO: Saved model to: /media/Ittwin/E/_uni/DL_Project/tiger-fox-elephant/weights/diffusion/diffusion.v2.1_model.pth
2025-02-24 18:03:47,559 INFO: Updated training history at: /media/Ittwin/E/_uni/DL_Project/tiger-fox-elephant/histories/diffusion/diffusion.v2.1_history.npz
2025-02-24 18:03:47,560 INFO: Checkpoint saved at epoch 46
2025-02-24 18:03:48,752 INFO: LR: 5.7907e-06
2025-02-24 18:04:47,284 INFO: LR: 4.4465e-06
2025-02-24 18:05:45,256 INFO: LR: 3.2777e-06
2025-02-24 18:05:45,311 INFO: Epoch 047/50 | Train Loss: 0.03528 | LR: 3.278e-06
2025-02-24 18:05:45,499 INFO: Saved model to: /media/Ittwin/E/_uni/DL_Project/tiger-fox-elephant/weights/diffusion/diffusion.v2.1_model.pth
2025-02-24 18:05:45,499 INFO: Updated training history at: /media/Ittwin/E/_uni/DL_Project/tiger-fox-elephant/histories/diffusion/diffusion.v2.1_history.npz
2025-02-24 18:05:45,499 INFO: Checkpoint saved at epoch 47
2025-02-24 18:05:45,500 INFO: Epoch 47 - Generating samples...
2025-02-24 18:05:55,531 INFO: LR: 3.2657e-06
2025-02-24 18:06:49,897 INFO: LR: 2.2757e-06
2025-02-24 18:07:46,057 INFO: LR: 1.4637e-06
2025-02-24 18:07:46,110 INFO: Epoch 048/50 | Train Loss: 0.03510 | LR: 1.464e-06
2025-02-24 18:07:46,323 INFO: Saved model to: /media/Ittwin/E/_uni/DL_Project/tiger-fox-elephant/weights/diffusion/diffusion.v2.1_model.pth
2025-02-24 18:07:46,324 INFO: Updated training history at: /media/Ittwin/E/_uni/DL_Project/tiger-fox-elephant/histories/diffusion/diffusion.v2.1_history.npz
2025-02-24 18:07:46,324 INFO: Checkpoint saved at epoch 48
2025-02-24 18:07:47,444 INFO: LR: 1.4557e-06
2025-02-24 18:08:44,539 INFO: LR: 8.2464e-07
2025-02-24 18:09:40,486 INFO: LR: 3.7335e-07
2025-02-24 18:09:40,534 INFO: Epoch 049/50 | Train Loss: 0.03525 | LR: 3.734e-07
2025-02-24 18:09:40,755 INFO: Saved model to: /media/Ittwin/E/_uni/DL_Project/tiger-fox-elephant/weights/diffusion/diffusion.v2.1_model.pth
2025-02-24 18:09:40,755 INFO: Updated training history at: /media/Ittwin/E/_uni/DL_Project/tiger-fox-elephant/histories/diffusion/diffusion.v2.1_history.npz
2025-02-24 18:09:40,756 INFO: Checkpoint saved at epoch 49
2025-02-24 18:09:40,756 INFO: Epoch 49 - Generating samples...
2025-02-24 18:09:50,741 INFO: LR: 3.6935e-07
2025-02-24 18:10:47,540 INFO: LR: 1.0037e-07
2025-02-24 18:11:43,930 INFO: LR: 1.2011e-08
2025-02-24 18:11:43,970 INFO: Epoch 050/50 | Train Loss: 0.03521 | LR: 1.201e-08
2025-02-24 18:11:44,236 INFO: Saved model to: /media/Ittwin/E/_uni/DL_Project/tiger-fox-elephant/weights/diffusion/diffusion.v2.1_model.pth
2025-02-24 18:11:44,237 INFO: Updated training history at: /media/Ittwin/E/_uni/DL_Project/tiger-fox-elephant/histories/diffusion/diffusion.v2.1_history.npz
2025-02-24 18:11:44,237 INFO: Checkpoint saved at epoch 50
2025-02-24 18:11:44,237 INFO: Training complete. Final model saved.
2025-02-24 18:11:44,238 INFO: Training completed. Generating final samples...
