2025-02-24 23:27:19,695 INFO: Initializing training...
2025-02-24 23:27:20,607 INFO: Model: UNet2DModel(
  (conv_in): Conv2d(3, 128, kernel_size=(3, 3), stride=(1, 1), padding=(1, 1))
  (time_proj): Timesteps()
  (time_embedding): TimestepEmbedding(
    (linear_1): Linear(in_features=128, out_features=512, bias=True)
    (act): SiLU()
    (linear_2): Linear(in_features=512, out_features=512, bias=True)
  )
  (down_blocks): ModuleList(
    (0): DownBlock2D(
      (resnets): ModuleList(
        (0-1): 2 x ResnetBlock2D(
          (norm1): GroupNorm(8, 128, eps=1e-05, affine=True)
          (conv1): Conv2d(128, 128, kernel_size=(3, 3), stride=(1, 1), padding=(1, 1))
          (time_emb_proj): Linear(in_features=512, out_features=128, bias=True)
          (norm2): GroupNorm(8, 128, eps=1e-05, affine=True)
          (dropout): Dropout(p=0.1, inplace=False)
          (conv2): Conv2d(128, 128, kernel_size=(3, 3), stride=(1, 1), padding=(1, 1))
          (nonlinearity): SiLU()
        )
      )
      (downsamplers): ModuleList(
        (0): Downsample2D(
          (conv): Conv2d(128, 128, kernel_size=(3, 3), stride=(2, 2), padding=(1, 1))
        )
      )
    )
    (1): AttnDownBlock2D(
      (attentions): ModuleList(
        (0-1): 2 x Attention(
          (group_norm): GroupNorm(8, 256, eps=1e-05, affine=True)
          (to_q): Linear(in_features=256, out_features=256, bias=True)
          (to_k): Linear(in_features=256, out_features=256, bias=True)
          (to_v): Linear(in_features=256, out_features=256, bias=True)
          (to_out): ModuleList(
            (0): Linear(in_features=256, out_features=256, bias=True)
            (1): Dropout(p=0.0, inplace=False)
          )
        )
      )
      (resnets): ModuleList(
        (0): ResnetBlock2D(
          (norm1): GroupNorm(8, 128, eps=1e-05, affine=True)
          (conv1): Conv2d(128, 256, kernel_size=(3, 3), stride=(1, 1), padding=(1, 1))
          (time_emb_proj): Linear(in_features=512, out_features=256, bias=True)
          (norm2): GroupNorm(8, 256, eps=1e-05, affine=True)
          (dropout): Dropout(p=0.1, inplace=False)
          (conv2): Conv2d(256, 256, kernel_size=(3, 3), stride=(1, 1), padding=(1, 1))
          (nonlinearity): SiLU()
          (conv_shortcut): Conv2d(128, 256, kernel_size=(1, 1), stride=(1, 1))
        )
        (1): ResnetBlock2D(
          (norm1): GroupNorm(8, 256, eps=1e-05, affine=True)
          (conv1): Conv2d(256, 256, kernel_size=(3, 3), stride=(1, 1), padding=(1, 1))
          (time_emb_proj): Linear(in_features=512, out_features=256, bias=True)
          (norm2): GroupNorm(8, 256, eps=1e-05, affine=True)
          (dropout): Dropout(p=0.1, inplace=False)
          (conv2): Conv2d(256, 256, kernel_size=(3, 3), stride=(1, 1), padding=(1, 1))
          (nonlinearity): SiLU()
        )
      )
      (downsamplers): ModuleList(
        (0): Downsample2D(
          (conv): Conv2d(256, 256, kernel_size=(3, 3), stride=(2, 2), padding=(1, 1))
        )
      )
    )
    (2): AttnDownBlock2D(
      (attentions): ModuleList(
        (0-1): 2 x Attention(
          (group_norm): GroupNorm(8, 512, eps=1e-05, affine=True)
          (to_q): Linear(in_features=512, out_features=512, bias=True)
          (to_k): Linear(in_features=512, out_features=512, bias=True)
          (to_v): Linear(in_features=512, out_features=512, bias=True)
          (to_out): ModuleList(
            (0): Linear(in_features=512, out_features=512, bias=True)
            (1): Dropout(p=0.0, inplace=False)
          )
        )
      )
      (resnets): ModuleList(
        (0): ResnetBlock2D(
          (norm1): GroupNorm(8, 256, eps=1e-05, affine=True)
          (conv1): Conv2d(256, 512, kernel_size=(3, 3), stride=(1, 1), padding=(1, 1))
          (time_emb_proj): Linear(in_features=512, out_features=512, bias=True)
          (norm2): GroupNorm(8, 512, eps=1e-05, affine=True)
          (dropout): Dropout(p=0.1, inplace=False)
          (conv2): Conv2d(512, 512, kernel_size=(3, 3), stride=(1, 1), padding=(1, 1))
          (nonlinearity): SiLU()
          (conv_shortcut): Conv2d(256, 512, kernel_size=(1, 1), stride=(1, 1))
        )
        (1): ResnetBlock2D(
          (norm1): GroupNorm(8, 512, eps=1e-05, affine=True)
          (conv1): Conv2d(512, 512, kernel_size=(3, 3), stride=(1, 1), padding=(1, 1))
          (time_emb_proj): Linear(in_features=512, out_features=512, bias=True)
          (norm2): GroupNorm(8, 512, eps=1e-05, affine=True)
          (dropout): Dropout(p=0.1, inplace=False)
          (conv2): Conv2d(512, 512, kernel_size=(3, 3), stride=(1, 1), padding=(1, 1))
          (nonlinearity): SiLU()
        )
      )
      (downsamplers): ModuleList(
        (0): Downsample2D(
          (conv): Conv2d(512, 512, kernel_size=(3, 3), stride=(2, 2), padding=(1, 1))
        )
      )
    )
    (3): AttnDownBlock2D(
      (attentions): ModuleList(
        (0-1): 2 x Attention(
          (group_norm): GroupNorm(8, 512, eps=1e-05, affine=True)
          (to_q): Linear(in_features=512, out_features=512, bias=True)
          (to_k): Linear(in_features=512, out_features=512, bias=True)
          (to_v): Linear(in_features=512, out_features=512, bias=True)
          (to_out): ModuleList(
            (0): Linear(in_features=512, out_features=512, bias=True)
            (1): Dropout(p=0.0, inplace=False)
          )
        )
      )
      (resnets): ModuleList(
        (0-1): 2 x ResnetBlock2D(
          (norm1): GroupNorm(8, 512, eps=1e-05, affine=True)
          (conv1): Conv2d(512, 512, kernel_size=(3, 3), stride=(1, 1), padding=(1, 1))
          (time_emb_proj): Linear(in_features=512, out_features=512, bias=True)
          (norm2): GroupNorm(8, 512, eps=1e-05, affine=True)
          (dropout): Dropout(p=0.1, inplace=False)
          (conv2): Conv2d(512, 512, kernel_size=(3, 3), stride=(1, 1), padding=(1, 1))
          (nonlinearity): SiLU()
        )
      )
    )
  )
  (up_blocks): ModuleList(
    (0): AttnUpBlock2D(
      (attentions): ModuleList(
        (0-2): 3 x Attention(
          (group_norm): GroupNorm(8, 512, eps=1e-05, affine=True)
          (to_q): Linear(in_features=512, out_features=512, bias=True)
          (to_k): Linear(in_features=512, out_features=512, bias=True)
          (to_v): Linear(in_features=512, out_features=512, bias=True)
          (to_out): ModuleList(
            (0): Linear(in_features=512, out_features=512, bias=True)
            (1): Dropout(p=0.0, inplace=False)
          )
        )
      )
      (resnets): ModuleList(
        (0-2): 3 x ResnetBlock2D(
          (norm1): GroupNorm(8, 1024, eps=1e-05, affine=True)
          (conv1): Conv2d(1024, 512, kernel_size=(3, 3), stride=(1, 1), padding=(1, 1))
          (time_emb_proj): Linear(in_features=512, out_features=512, bias=True)
          (norm2): GroupNorm(8, 512, eps=1e-05, affine=True)
          (dropout): Dropout(p=0.1, inplace=False)
          (conv2): Conv2d(512, 512, kernel_size=(3, 3), stride=(1, 1), padding=(1, 1))
          (nonlinearity): SiLU()
          (conv_shortcut): Conv2d(1024, 512, kernel_size=(1, 1), stride=(1, 1))
        )
      )
      (upsamplers): ModuleList(
        (0): Upsample2D(
          (conv): Conv2d(512, 512, kernel_size=(3, 3), stride=(1, 1), padding=(1, 1))
        )
      )
    )
    (1): AttnUpBlock2D(
      (attentions): ModuleList(
        (0-2): 3 x Attention(
          (group_norm): GroupNorm(8, 512, eps=1e-05, affine=True)
          (to_q): Linear(in_features=512, out_features=512, bias=True)
          (to_k): Linear(in_features=512, out_features=512, bias=True)
          (to_v): Linear(in_features=512, out_features=512, bias=True)
          (to_out): ModuleList(
            (0): Linear(in_features=512, out_features=512, bias=True)
            (1): Dropout(p=0.0, inplace=False)
          )
        )
      )
      (resnets): ModuleList(
        (0-1): 2 x ResnetBlock2D(
          (norm1): GroupNorm(8, 1024, eps=1e-05, affine=True)
          (conv1): Conv2d(1024, 512, kernel_size=(3, 3), stride=(1, 1), padding=(1, 1))
          (time_emb_proj): Linear(in_features=512, out_features=512, bias=True)
          (norm2): GroupNorm(8, 512, eps=1e-05, affine=True)
          (dropout): Dropout(p=0.1, inplace=False)
          (conv2): Conv2d(512, 512, kernel_size=(3, 3), stride=(1, 1), padding=(1, 1))
          (nonlinearity): SiLU()
          (conv_shortcut): Conv2d(1024, 512, kernel_size=(1, 1), stride=(1, 1))
        )
        (2): ResnetBlock2D(
          (norm1): GroupNorm(8, 768, eps=1e-05, affine=True)
          (conv1): Conv2d(768, 512, kernel_size=(3, 3), stride=(1, 1), padding=(1, 1))
          (time_emb_proj): Linear(in_features=512, out_features=512, bias=True)
          (norm2): GroupNorm(8, 512, eps=1e-05, affine=True)
          (dropout): Dropout(p=0.1, inplace=False)
          (conv2): Conv2d(512, 512, kernel_size=(3, 3), stride=(1, 1), padding=(1, 1))
          (nonlinearity): SiLU()
          (conv_shortcut): Conv2d(768, 512, kernel_size=(1, 1), stride=(1, 1))
        )
      )
      (upsamplers): ModuleList(
        (0): Upsample2D(
          (conv): Conv2d(512, 512, kernel_size=(3, 3), stride=(1, 1), padding=(1, 1))
        )
      )
    )
    (2): AttnUpBlock2D(
      (attentions): ModuleList(
        (0-2): 3 x Attention(
          (group_norm): GroupNorm(8, 256, eps=1e-05, affine=True)
          (to_q): Linear(in_features=256, out_features=256, bias=True)
          (to_k): Linear(in_features=256, out_features=256, bias=True)
          (to_v): Linear(in_features=256, out_features=256, bias=True)
          (to_out): ModuleList(
            (0): Linear(in_features=256, out_features=256, bias=True)
            (1): Dropout(p=0.0, inplace=False)
          )
        )
      )
      (resnets): ModuleList(
        (0): ResnetBlock2D(
          (norm1): GroupNorm(8, 768, eps=1e-05, affine=True)
          (conv1): Conv2d(768, 256, kernel_size=(3, 3), stride=(1, 1), padding=(1, 1))
          (time_emb_proj): Linear(in_features=512, out_features=256, bias=True)
          (norm2): GroupNorm(8, 256, eps=1e-05, affine=True)
          (dropout): Dropout(p=0.1, inplace=False)
          (conv2): Conv2d(256, 256, kernel_size=(3, 3), stride=(1, 1), padding=(1, 1))
          (nonlinearity): SiLU()
          (conv_shortcut): Conv2d(768, 256, kernel_size=(1, 1), stride=(1, 1))
        )
        (1): ResnetBlock2D(
          (norm1): GroupNorm(8, 512, eps=1e-05, affine=True)
          (conv1): Conv2d(512, 256, kernel_size=(3, 3), stride=(1, 1), padding=(1, 1))
          (time_emb_proj): Linear(in_features=512, out_features=256, bias=True)
          (norm2): GroupNorm(8, 256, eps=1e-05, affine=True)
          (dropout): Dropout(p=0.1, inplace=False)
          (conv2): Conv2d(256, 256, kernel_size=(3, 3), stride=(1, 1), padding=(1, 1))
          (nonlinearity): SiLU()
          (conv_shortcut): Conv2d(512, 256, kernel_size=(1, 1), stride=(1, 1))
        )
        (2): ResnetBlock2D(
          (norm1): GroupNorm(8, 384, eps=1e-05, affine=True)
          (conv1): Conv2d(384, 256, kernel_size=(3, 3), stride=(1, 1), padding=(1, 1))
          (time_emb_proj): Linear(in_features=512, out_features=256, bias=True)
          (norm2): GroupNorm(8, 256, eps=1e-05, affine=True)
          (dropout): Dropout(p=0.1, inplace=False)
          (conv2): Conv2d(256, 256, kernel_size=(3, 3), stride=(1, 1), padding=(1, 1))
          (nonlinearity): SiLU()
          (conv_shortcut): Conv2d(384, 256, kernel_size=(1, 1), stride=(1, 1))
        )
      )
      (upsamplers): ModuleList(
        (0): Upsample2D(
          (conv): Conv2d(256, 256, kernel_size=(3, 3), stride=(1, 1), padding=(1, 1))
        )
      )
    )
    (3): UpBlock2D(
      (resnets): ModuleList(
        (0): ResnetBlock2D(
          (norm1): GroupNorm(8, 384, eps=1e-05, affine=True)
          (conv1): Conv2d(384, 128, kernel_size=(3, 3), stride=(1, 1), padding=(1, 1))
          (time_emb_proj): Linear(in_features=512, out_features=128, bias=True)
          (norm2): GroupNorm(8, 128, eps=1e-05, affine=True)
          (dropout): Dropout(p=0.1, inplace=False)
          (conv2): Conv2d(128, 128, kernel_size=(3, 3), stride=(1, 1), padding=(1, 1))
          (nonlinearity): SiLU()
          (conv_shortcut): Conv2d(384, 128, kernel_size=(1, 1), stride=(1, 1))
        )
        (1-2): 2 x ResnetBlock2D(
          (norm1): GroupNorm(8, 256, eps=1e-05, affine=True)
          (conv1): Conv2d(256, 128, kernel_size=(3, 3), stride=(1, 1), padding=(1, 1))
          (time_emb_proj): Linear(in_features=512, out_features=128, bias=True)
          (norm2): GroupNorm(8, 128, eps=1e-05, affine=True)
          (dropout): Dropout(p=0.1, inplace=False)
          (conv2): Conv2d(128, 128, kernel_size=(3, 3), stride=(1, 1), padding=(1, 1))
          (nonlinearity): SiLU()
          (conv_shortcut): Conv2d(256, 128, kernel_size=(1, 1), stride=(1, 1))
        )
      )
    )
  )
  (mid_block): UNetMidBlock2D(
    (attentions): ModuleList(
      (0): Attention(
        (group_norm): GroupNorm(8, 512, eps=1e-05, affine=True)
        (to_q): Linear(in_features=512, out_features=512, bias=True)
        (to_k): Linear(in_features=512, out_features=512, bias=True)
        (to_v): Linear(in_features=512, out_features=512, bias=True)
        (to_out): ModuleList(
          (0): Linear(in_features=512, out_features=512, bias=True)
          (1): Dropout(p=0.0, inplace=False)
        )
      )
    )
    (resnets): ModuleList(
      (0-1): 2 x ResnetBlock2D(
        (norm1): GroupNorm(8, 512, eps=1e-05, affine=True)
        (conv1): Conv2d(512, 512, kernel_size=(3, 3), stride=(1, 1), padding=(1, 1))
        (time_emb_proj): Linear(in_features=512, out_features=512, bias=True)
        (norm2): GroupNorm(8, 512, eps=1e-05, affine=True)
        (dropout): Dropout(p=0.1, inplace=False)
        (conv2): Conv2d(512, 512, kernel_size=(3, 3), stride=(1, 1), padding=(1, 1))
        (nonlinearity): SiLU()
      )
    )
  )
  (conv_norm_out): GroupNorm(8, 128, eps=1e-05, affine=True)
  (conv_act): SiLU()
  (conv_out): Conv2d(128, 3, kernel_size=(3, 3), stride=(1, 1), padding=(1, 1))
)
2025-02-24 23:27:20,608 INFO: Model parameters: 107698435
2025-02-24 23:28:26,226 INFO: Epoch [1/30] Loss: 0.1498
2025-02-24 23:28:27,975 INFO: Checkpoint saved: /media/Ittwin/E/_uni/DL_Project/tiger-fox-elephant/weights/diffusion/diffusion_v2.2.pth
2025-02-24 23:29:32,841 INFO: Epoch [2/30] Loss: 0.0825
2025-02-24 23:29:34,647 INFO: Checkpoint saved: /media/Ittwin/E/_uni/DL_Project/tiger-fox-elephant/weights/diffusion/diffusion_v2.2.pth
2025-02-24 23:30:45,133 INFO: Epoch [3/30] Loss: 0.0680
2025-02-24 23:30:46,671 INFO: Checkpoint saved: /media/Ittwin/E/_uni/DL_Project/tiger-fox-elephant/weights/diffusion/diffusion_v2.2.pth
2025-02-24 23:31:52,357 INFO: Epoch [4/30] Loss: 0.0635
2025-02-24 23:31:54,137 INFO: Checkpoint saved: /media/Ittwin/E/_uni/DL_Project/tiger-fox-elephant/weights/diffusion/diffusion_v2.2.pth
2025-02-24 23:33:06,582 INFO: Epoch [5/30] Loss: 0.0621
2025-02-24 23:33:08,016 INFO: Checkpoint saved: /media/Ittwin/E/_uni/DL_Project/tiger-fox-elephant/weights/diffusion/diffusion_v2.2.pth
2025-02-24 23:34:13,050 INFO: Epoch [6/30] Loss: 0.0592
2025-02-24 23:34:14,458 INFO: Checkpoint saved: /media/Ittwin/E/_uni/DL_Project/tiger-fox-elephant/weights/diffusion/diffusion_v2.2.pth
2025-02-24 23:35:25,912 INFO: Epoch [7/30] Loss: 0.0581
2025-02-24 23:35:27,680 INFO: Checkpoint saved: /media/Ittwin/E/_uni/DL_Project/tiger-fox-elephant/weights/diffusion/diffusion_v2.2.pth
2025-02-24 23:36:32,233 INFO: Epoch [8/30] Loss: 0.0589
2025-02-24 23:36:33,779 INFO: Checkpoint saved: /media/Ittwin/E/_uni/DL_Project/tiger-fox-elephant/weights/diffusion/diffusion_v2.2.pth
2025-02-24 23:37:44,491 INFO: Epoch [9/30] Loss: 0.0543
2025-02-24 23:37:45,555 INFO: Checkpoint saved: /media/Ittwin/E/_uni/DL_Project/tiger-fox-elephant/weights/diffusion/diffusion_v2.2.pth
2025-02-24 23:38:50,628 INFO: Epoch [10/30] Loss: 0.0528
2025-02-24 23:38:51,891 INFO: Checkpoint saved: /media/Ittwin/E/_uni/DL_Project/tiger-fox-elephant/weights/diffusion/diffusion_v2.2.pth
2025-02-24 23:40:02,642 INFO: Epoch [11/30] Loss: 0.0533
2025-02-24 23:40:04,051 INFO: Checkpoint saved: /media/Ittwin/E/_uni/DL_Project/tiger-fox-elephant/weights/diffusion/diffusion_v2.2.pth
2025-02-24 23:41:09,154 INFO: Epoch [12/30] Loss: 0.0545
2025-02-24 23:41:10,790 INFO: Checkpoint saved: /media/Ittwin/E/_uni/DL_Project/tiger-fox-elephant/weights/diffusion/diffusion_v2.2.pth
2025-02-24 23:42:22,065 INFO: Epoch [13/30] Loss: 0.0532
2025-02-24 23:42:23,641 INFO: Checkpoint saved: /media/Ittwin/E/_uni/DL_Project/tiger-fox-elephant/weights/diffusion/diffusion_v2.2.pth
2025-02-24 23:43:28,060 INFO: Epoch [14/30] Loss: 0.0510
2025-02-24 23:43:29,466 INFO: Checkpoint saved: /media/Ittwin/E/_uni/DL_Project/tiger-fox-elephant/weights/diffusion/diffusion_v2.2.pth
2025-02-24 23:44:41,301 INFO: Epoch [15/30] Loss: 0.0507
2025-02-24 23:44:43,193 INFO: Checkpoint saved: /media/Ittwin/E/_uni/DL_Project/tiger-fox-elephant/weights/diffusion/diffusion_v2.2.pth
2025-02-24 23:45:48,475 INFO: Epoch [16/30] Loss: 0.0506
2025-02-24 23:45:49,925 INFO: Checkpoint saved: /media/Ittwin/E/_uni/DL_Project/tiger-fox-elephant/weights/diffusion/diffusion_v2.2.pth
2025-02-24 23:47:00,723 INFO: Epoch [17/30] Loss: 0.0513
2025-02-24 23:47:02,361 INFO: Checkpoint saved: /media/Ittwin/E/_uni/DL_Project/tiger-fox-elephant/weights/diffusion/diffusion_v2.2.pth
2025-02-24 23:48:07,205 INFO: Epoch [18/30] Loss: 0.0523
2025-02-24 23:48:08,425 INFO: Checkpoint saved: /media/Ittwin/E/_uni/DL_Project/tiger-fox-elephant/weights/diffusion/diffusion_v2.2.pth
2025-02-24 23:49:19,354 INFO: Epoch [19/30] Loss: 0.0495
2025-02-24 23:49:20,807 INFO: Checkpoint saved: /media/Ittwin/E/_uni/DL_Project/tiger-fox-elephant/weights/diffusion/diffusion_v2.2.pth
2025-02-24 23:50:25,111 INFO: Epoch [20/30] Loss: 0.0517
2025-02-24 23:50:26,915 INFO: Checkpoint saved: /media/Ittwin/E/_uni/DL_Project/tiger-fox-elephant/weights/diffusion/diffusion_v2.2.pth
2025-02-24 23:51:37,132 INFO: Epoch [21/30] Loss: 0.0500
2025-02-24 23:51:38,238 INFO: Checkpoint saved: /media/Ittwin/E/_uni/DL_Project/tiger-fox-elephant/weights/diffusion/diffusion_v2.2.pth
2025-02-24 23:52:42,381 INFO: Epoch [22/30] Loss: 0.0499
2025-02-24 23:52:43,653 INFO: Checkpoint saved: /media/Ittwin/E/_uni/DL_Project/tiger-fox-elephant/weights/diffusion/diffusion_v2.2.pth
2025-02-24 23:53:54,232 INFO: Epoch [23/30] Loss: 0.0487
2025-02-24 23:53:55,590 INFO: Checkpoint saved: /media/Ittwin/E/_uni/DL_Project/tiger-fox-elephant/weights/diffusion/diffusion_v2.2.pth
2025-02-24 23:55:00,752 INFO: Epoch [24/30] Loss: 0.0501
2025-02-24 23:55:02,599 INFO: Checkpoint saved: /media/Ittwin/E/_uni/DL_Project/tiger-fox-elephant/weights/diffusion/diffusion_v2.2.pth
2025-02-24 23:56:13,218 INFO: Epoch [25/30] Loss: 0.0490
2025-02-24 23:56:14,637 INFO: Checkpoint saved: /media/Ittwin/E/_uni/DL_Project/tiger-fox-elephant/weights/diffusion/diffusion_v2.2.pth
2025-02-24 23:57:19,032 INFO: Epoch [26/30] Loss: 0.0500
2025-02-24 23:57:20,476 INFO: Checkpoint saved: /media/Ittwin/E/_uni/DL_Project/tiger-fox-elephant/weights/diffusion/diffusion_v2.2.pth
2025-02-24 23:58:31,698 INFO: Epoch [27/30] Loss: 0.0491
2025-02-24 23:58:32,808 INFO: Checkpoint saved: /media/Ittwin/E/_uni/DL_Project/tiger-fox-elephant/weights/diffusion/diffusion_v2.2.pth
2025-02-24 23:59:36,978 INFO: Epoch [28/30] Loss: 0.0460
2025-02-24 23:59:38,260 INFO: Checkpoint saved: /media/Ittwin/E/_uni/DL_Project/tiger-fox-elephant/weights/diffusion/diffusion_v2.2.pth
2025-02-25 00:00:49,823 INFO: Epoch [29/30] Loss: 0.0475
2025-02-25 00:00:51,085 INFO: Checkpoint saved: /media/Ittwin/E/_uni/DL_Project/tiger-fox-elephant/weights/diffusion/diffusion_v2.2.pth
2025-02-25 00:01:55,925 INFO: Epoch [30/30] Loss: 0.0478
2025-02-25 00:01:57,846 INFO: Checkpoint saved: /media/Ittwin/E/_uni/DL_Project/tiger-fox-elephant/weights/diffusion/diffusion_v2.2.pth
2025-02-25 00:02:03,772 INFO: Training completed
2025-02-25 00:02:44,503 INFO: Initializing training...
2025-02-25 00:02:45,407 INFO: Model parameters: 107698435
2025-02-25 00:03:14,756 INFO: Initializing training...
2025-02-25 00:03:15,347 INFO: Model parameters: 107698435
2025-02-25 00:03:15,465 INFO: Resuming from checkpoint: /media/Ittwin/E/_uni/DL_Project/tiger-fox-elephant/weights/diffusion/diffusion_v2.2.pth
2025-02-25 00:04:20,687 INFO: Epoch [1/50] Loss: 0.0477
2025-02-25 00:04:21,775 INFO: Checkpoint saved: /media/Ittwin/E/_uni/DL_Project/tiger-fox-elephant/weights/diffusion/diffusion_v2.2.pth
2025-02-25 00:05:26,922 INFO: Epoch [2/50] Loss: 0.0492
2025-02-25 00:05:28,052 INFO: Checkpoint saved: /media/Ittwin/E/_uni/DL_Project/tiger-fox-elephant/weights/diffusion/diffusion_v2.2.pth
2025-02-25 00:06:39,937 INFO: Epoch [3/50] Loss: 0.0460
2025-02-25 00:06:41,073 INFO: Checkpoint saved: /media/Ittwin/E/_uni/DL_Project/tiger-fox-elephant/weights/diffusion/diffusion_v2.2.pth
2025-02-25 00:07:45,825 INFO: Epoch [4/50] Loss: 0.0466
2025-02-25 00:07:47,174 INFO: Checkpoint saved: /media/Ittwin/E/_uni/DL_Project/tiger-fox-elephant/weights/diffusion/diffusion_v2.2.pth
2025-02-25 00:08:57,925 INFO: Epoch [5/50] Loss: 0.0481
2025-02-25 00:08:59,029 INFO: Checkpoint saved: /media/Ittwin/E/_uni/DL_Project/tiger-fox-elephant/weights/diffusion/diffusion_v2.2.pth
2025-02-25 00:10:02,923 INFO: Epoch [6/50] Loss: 0.0473
2025-02-25 00:10:04,293 INFO: Checkpoint saved: /media/Ittwin/E/_uni/DL_Project/tiger-fox-elephant/weights/diffusion/diffusion_v2.2.pth
2025-02-25 00:11:15,071 INFO: Epoch [7/50] Loss: 0.0481
2025-02-25 00:11:16,300 INFO: Checkpoint saved: /media/Ittwin/E/_uni/DL_Project/tiger-fox-elephant/weights/diffusion/diffusion_v2.2.pth
2025-02-25 00:11:42,328 INFO: Initializing training...
2025-02-25 00:11:42,856 INFO: Model parameters: 107698435
2025-02-25 00:11:43,033 INFO: Resuming from checkpoint: /media/Ittwin/E/_uni/DL_Project/tiger-fox-elephant/weights/diffusion/diffusion_v2.2.pth
2025-02-25 00:12:48,130 INFO: Epoch [1/50] Loss: 0.0636
2025-02-25 00:12:49,888 INFO: Checkpoint saved: /media/Ittwin/E/_uni/DL_Project/tiger-fox-elephant/weights/diffusion/diffusion_v2.2.pth
2025-02-25 00:13:54,155 INFO: Epoch [2/50] Loss: 0.0517
2025-02-25 00:13:56,007 INFO: Checkpoint saved: /media/Ittwin/E/_uni/DL_Project/tiger-fox-elephant/weights/diffusion/diffusion_v2.2.pth
2025-02-25 00:15:06,101 INFO: Epoch [3/50] Loss: 0.0473
2025-02-25 00:15:08,009 INFO: Checkpoint saved: /media/Ittwin/E/_uni/DL_Project/tiger-fox-elephant/weights/diffusion/diffusion_v2.2.pth
2025-02-25 00:16:12,100 INFO: Epoch [4/50] Loss: 0.0475
2025-02-25 00:16:13,877 INFO: Checkpoint saved: /media/Ittwin/E/_uni/DL_Project/tiger-fox-elephant/weights/diffusion/diffusion_v2.2.pth
2025-02-25 00:17:24,192 INFO: Epoch [5/50] Loss: 0.0491
2025-02-25 00:17:26,251 INFO: Checkpoint saved: /media/Ittwin/E/_uni/DL_Project/tiger-fox-elephant/weights/diffusion/diffusion_v2.2.pth
2025-02-25 00:18:30,949 INFO: Epoch [6/50] Loss: 0.0484
2025-02-25 00:18:32,328 INFO: Checkpoint saved: /media/Ittwin/E/_uni/DL_Project/tiger-fox-elephant/weights/diffusion/diffusion_v2.2.pth
2025-02-25 00:18:47,419 INFO: Initializing training...
2025-02-25 00:18:48,064 INFO: Model parameters: 107698435
2025-02-25 00:18:48,181 INFO: Resuming from checkpoint: /media/Ittwin/E/_uni/DL_Project/tiger-fox-elephant/weights/diffusion/diffusion_v2.2.pth
2025-02-25 00:19:52,523 INFO: Epoch [1/50] Loss: 0.0457
2025-02-25 00:19:53,974 INFO: Checkpoint saved: /media/Ittwin/E/_uni/DL_Project/tiger-fox-elephant/weights/diffusion/diffusion_v2.2.pth
2025-02-25 00:20:58,112 INFO: Epoch [2/50] Loss: 0.0470
2025-02-25 00:20:59,880 INFO: Checkpoint saved: /media/Ittwin/E/_uni/DL_Project/tiger-fox-elephant/weights/diffusion/diffusion_v2.2.pth
2025-02-25 00:22:10,085 INFO: Epoch [3/50] Loss: 0.0439
2025-02-25 00:22:11,406 INFO: Checkpoint saved: /media/Ittwin/E/_uni/DL_Project/tiger-fox-elephant/weights/diffusion/diffusion_v2.2.pth
2025-02-25 00:23:17,466 INFO: Epoch [4/50] Loss: 0.0444
2025-02-25 00:23:18,959 INFO: Checkpoint saved: /media/Ittwin/E/_uni/DL_Project/tiger-fox-elephant/weights/diffusion/diffusion_v2.2.pth
2025-02-25 00:24:31,850 INFO: Epoch [5/50] Loss: 0.0457
2025-02-25 00:24:33,452 INFO: Checkpoint saved: /media/Ittwin/E/_uni/DL_Project/tiger-fox-elephant/weights/diffusion/diffusion_v2.2.pth
2025-02-25 00:25:39,171 INFO: Epoch [6/50] Loss: 0.0449
2025-02-25 00:25:41,041 INFO: Checkpoint saved: /media/Ittwin/E/_uni/DL_Project/tiger-fox-elephant/weights/diffusion/diffusion_v2.2.pth
2025-02-25 00:26:52,600 INFO: Epoch [7/50] Loss: 0.0463
2025-02-25 00:26:54,307 INFO: Checkpoint saved: /media/Ittwin/E/_uni/DL_Project/tiger-fox-elephant/weights/diffusion/diffusion_v2.2.pth
2025-02-25 00:27:59,258 INFO: Epoch [8/50] Loss: 0.0481
2025-02-25 00:28:00,782 INFO: Checkpoint saved: /media/Ittwin/E/_uni/DL_Project/tiger-fox-elephant/weights/diffusion/diffusion_v2.2.pth
2025-02-25 00:28:28,771 INFO: Initializing training...
2025-02-25 00:28:29,368 INFO: Model parameters: 107698435
2025-02-25 00:28:29,486 INFO: Resuming from checkpoint: /media/Ittwin/E/_uni/DL_Project/tiger-fox-elephant/weights/diffusion/diffusion_v2.2.pth
2025-02-25 00:29:34,167 INFO: Epoch [1/50] Loss: 0.0442
2025-02-25 00:29:36,035 INFO: Checkpoint saved: /media/Ittwin/E/_uni/DL_Project/tiger-fox-elephant/weights/diffusion/diffusion_v2.2.pth
2025-02-25 00:30:41,009 INFO: Epoch [2/50] Loss: 0.0458
2025-02-25 00:30:42,468 INFO: Checkpoint saved: /media/Ittwin/E/_uni/DL_Project/tiger-fox-elephant/weights/diffusion/diffusion_v2.2.pth
2025-02-25 00:31:52,424 INFO: Epoch [3/50] Loss: 0.0428
2025-02-25 00:31:54,330 INFO: Checkpoint saved: /media/Ittwin/E/_uni/DL_Project/tiger-fox-elephant/weights/diffusion/diffusion_v2.2.pth
2025-02-25 00:32:58,509 INFO: Epoch [4/50] Loss: 0.0433
2025-02-25 00:33:00,444 INFO: Checkpoint saved: /media/Ittwin/E/_uni/DL_Project/tiger-fox-elephant/weights/diffusion/diffusion_v2.2.pth
2025-02-25 00:34:10,712 INFO: Epoch [5/50] Loss: 0.0446
2025-02-25 00:34:12,030 INFO: Checkpoint saved: /media/Ittwin/E/_uni/DL_Project/tiger-fox-elephant/weights/diffusion/diffusion_v2.2.pth
2025-02-25 00:35:16,746 INFO: Epoch [6/50] Loss: 0.0438
2025-02-25 00:35:18,732 INFO: Checkpoint saved: /media/Ittwin/E/_uni/DL_Project/tiger-fox-elephant/weights/diffusion/diffusion_v2.2.pth
2025-02-25 00:36:28,679 INFO: Epoch [7/50] Loss: 0.0452
2025-02-25 00:36:30,755 INFO: Checkpoint saved: /media/Ittwin/E/_uni/DL_Project/tiger-fox-elephant/weights/diffusion/diffusion_v2.2.pth
