2025-02-26 22:09:17,700 INFO: 
=== Starting Stage 1 (128px) ===
2025-02-26 22:10:24,107 INFO: 
=== Starting Stage 1 (128px) ===
2025-02-26 22:17:30,126 INFO: checkpoint loaded
2025-02-26 22:17:30,132 INFO: 
=== Starting Stage 1 (128px) ===
2025-02-26 22:18:57,063 INFO: Stage 1 | Epoch 1/10 | Loss: 0.0376
2025-02-26 22:20:23,068 INFO: Stage 1 | Epoch 2/10 | Loss: 0.0353
2025-02-26 22:21:49,118 INFO: Stage 1 | Epoch 3/10 | Loss: 0.0352
2025-02-26 22:23:15,155 INFO: Stage 1 | Epoch 4/10 | Loss: 0.0368
2025-02-26 22:24:41,226 INFO: Stage 1 | Epoch 5/10 | Loss: 0.0363
2025-02-26 22:25:39,483 INFO: Saved checkpoint: weights/diffusion/diffusion_v2.4.pth
2025-02-26 22:27:05,562 INFO: Stage 1 | Epoch 6/10 | Loss: 0.0352
2025-02-26 22:28:31,629 INFO: Stage 1 | Epoch 7/10 | Loss: 0.0347
2025-02-26 22:29:57,733 INFO: Stage 1 | Epoch 8/10 | Loss: 0.0343
2025-02-26 22:31:23,776 INFO: Stage 1 | Epoch 9/10 | Loss: 0.0345
2025-02-26 22:32:49,839 INFO: Stage 1 | Epoch 10/10 | Loss: 0.0350
2025-02-26 22:33:47,656 INFO: Saved checkpoint: weights/diffusion/diffusion_v2.4.pth
2025-02-26 22:33:47,656 INFO: 
=== Starting Stage 2 (224px) ===
